Microchip MPLAB XC8 Compiler V1.45 ()

Linker command line:

-W-3 --edf=C:\Program Files (x86)\Microchip\xc8\v1.45\dat\en_msgs.txt -cs \
  -h+dist/default/debug\Project_1531.debug.sym \
  --cmf=dist/default/debug\Project_1531.debug.cmf -z -Q18F45K22 \
  -oC:\Users\User\AppData\Local\Temp\s4cc.2 \
  -Mdist/default/debug/Project_1531.debug.map -E1 -ver=XC8 \
  -ASTACK=01CCh-05ffh -pstack=STACK -ACODE=00h-07FFFh -ACONST=00h-07FFFh \
  -ASMALLCONST=0600h-06FFhx122 -AMEDIUMCONST=0600h-07FFFh -ACOMRAM=01h-05Fh \
  -AABS1=00h-05FFh -ABIGRAM=01h-05FFh -ARAM=060h-0FFh,0100h-01FFhx5 \
  -ABANK0=060h-0FFh -ABANK1=0100h-01FFh -ABANK2=0200h-02FFh \
  -ABANK3=0300h-03FFh -ABANK4=0400h-04FFh -ABANK5=0500h-05FFh \
  -ASFR=0F38h-0F5Fh,0F60h-0FFCh \
  -preset_vec=00h,intcode=08h,intcodelo,powerup,init -pramtop=0600h \
  -psmallconst=SMALLCONST -pmediumconst=MEDIUMCONST -pconst=CONST \
  -AFARRAM=00h-00h -ACONFIG=0300000h-030000Dh -pconfig=CONFIG \
  -AIDLOC=0200000h-0200007h -pidloc=IDLOC -AEEDATA=0F00000h-0F000FFh \
  -peeprom_data=EEDATA \
  -prdata=COMRAM,nvrram=COMRAM,nvbit=COMRAM,rbss=COMRAM,rbit=COMRAM \
  -pfarbss=FARRAM,fardata=FARRAM,nvFARRAM=FARRAM \
  -pintsave_regs=BIGRAM,bigbss=BIGRAM,bigdata=BIGRAM -pbss=RAM \
  -pidata=CODE,irdata=CODE,ibigdata=CODE,ifardata=CODE -prparam=COMRAM \
  C:\Users\User\AppData\Local\Temp\s4cc.obj \
  dist/default/debug\Project_1531.debug.obj 

Object code version is 3.11

Machine type is 18F45K22

Call graph: (short form)




                Name                               Link     Load   Length Selector   Space Scale
C:\Users\User\AppData\Local\Temp\s4cc.obj
                init                                 DC       DC        4        4       0
                reset_vec                             0        0        6        0       0
                idloc                            200000   200000        8   200000       0
                config                           300000   300000        E   300000       0
dist/default/debug\Project_1531.debug.obj
                intcode                               8        8       D4        4       0
                temp                                 48       48        1        1       1
                smallconst                          600      600       AA      300       0
                text116                            3542     3542       2E      355       0
                text115                            3334     3334       38      355       0
                text114                            3918     3918        4      355       0
                text113                            3914     3914        4      355       0
                text112                            31CA     31CA       42      355       0
                text111                            250E     250E       92      355       0
                text109                            3512     3512       30      355       0
                text108                            38A0     38A0        E      355       0
                text107                            34AE     34AE       34      355       0
                text106                            21AC     21AC       BC      355       0
                text105                            19B6     19B6       FA      355       0
                text104                            23C6     23C6       AE      355       0
                text103                            36D0     36D0       24      355       0
                text102                            2C50     2C50       5C      355       0
                text101                            32FC     32FC       38      355       0
                text100                            1C9E     1C9E       E8      355       0
                text99                             36AC     36AC       24      355       0
                text98                             145E     145E      1AE      355       0
                text97                             3188     3188       42      355       0
                text96                             1BA8     1BA8       F6      355       0
                text95                             3686     3686       26      355       0
                text94                             1F4C     1F4C       D6      355       0
                text93                             2854     2854       7A      355       0
                text92                             26C0     26C0       90      355       0
                text91                             1AB0     1AB0       F8      355       0
                text90                             2630     2630       90      355       0
                text89                             1E6A     1E6A       E2      355       0
                text88                             2022     2022       C6      355       0
                text87                              EE0      EE0      1F2      355       0
                text86                             1788     1788      122      355       0
                text85                             160C     160C      17C      355       0
                text84                             12A8     12A8      1B6      355       0
                text83                             2B3A     2B3A       5E      355       0
                text82                             2ADC     2ADC       5E      355       0
                text81                             2318     2318       AE      355       0
                text80                             3832     3832       14      355       0
                text79                             2E60     2E60       56      355       0
                text78                             2E0A     2E0A       56      355       0
                text77                             2D5C     2D5C       58      355       0
                text76                             2D04     2D04       58      355       0
                text75                             3570     3570       2C      355       0
                text74                             376E     376E       1E      355       0
                text73                             2268     2268       B0      355       0
                text72                             378C     378C       1C      355       0
                text71                             32C0     32C0       3C      355       0
                text70                             2BF4     2BF4       5C      355       0
                text69                             2474     2474       9A      355       0
                text68                             29AA     29AA       6A      355       0
                text67                             3892     3892        E      355       0
                text66                             3660     3660       26      355       0
                text65                             3284     3284       3C      355       0
                text64                              A6C      A6C      278      355       0
                text63                             3910     3910        4      355       0
                text62                             37C2     37C2       1A      355       0
                text61                             3248     3248       3C      355       0
                text60                             3444     3444       36      355       0
                text59                             3750     3750       1E      355       0
                text58                             2F5A     2F5A       4E      355       0
                text57                             2F08     2F08       52      355       0
                text56                             38DE     38DE        C      355       0
                text55                             2A14     2A14       66      355       0
                text54                             30C0     30C0       44      355       0
                text53                             37F4     37F4       16      355       0
                text52                             340E     340E       36      355       0
                text51                             390C     390C        4      355       0
                text50                             3884     3884        E      355       0
                text49                             2FF0     2FF0       48      355       0
                text48                             38FE     38FE        A      355       0
                text47                             347A     347A       34      355       0
                text46                             37A8     37A8       1A      355       0
                text45                             38F4     38F4        A      355       0
                text44                             37DC     37DC       18      355       0
                text43                             38D2     38D2        C      355       0
                text42                             307C     307C       44      355       0
                text41                             38C6     38C6        C      355       0
                text40                             34E2     34E2       30      355       0
                text39                             38BA     38BA        C      355       0
                text38                             38AE     38AE        C      355       0
                text37                             3876     3876        E      355       0
                text36                             2940     2940       6A      355       0
                text35                             2DB4     2DB4       56      355       0
                text34                             3732     3732       1E      355       0
                text33                             35EC     35EC       28      355       0
                text32                             3714     3714       1E      355       0
                text31                             363A     363A       26      355       0
                text30                             381E     381E       14      355       0
                text29                             10D2     10D2      1D6      355       0
                text28                             20E8     20E8       C4      355       0
                text27                             33D8     33D8       36      355       0
                text26                             2EB6     2EB6       52      355       0
                text25                             18AA     18AA      10C      355       0
                text24                             3846     3846       12      355       0
                text23                             35C4     35C4       28      355       0
                text22                              6AA      6AA      3C2      355       0
                text21                             380A     380A       14      355       0
                text20                             38EA     38EA        A      355       0
                text19                             25A0     25A0       90      355       0
                text18                             27D2     27D2       82      355       0
                text17                             2750     2750       82      355       0
                text16                             1D86     1D86       E4      355       0
                text15                             33A2     33A2       36      355       0
                text14                             3868     3868        E      355       0
                text13                             3146     3146       42      355       0
                text12                             336C     336C       36      355       0
                text11                             391C     391C        2      355       0
                text10                             3104     3104       42      355       0
                text9                              3614     3614       26      355       0
                text8                              2B98     2B98       5C      355       0
                text7                              320C     320C       3C      355       0
                text6                              2CAC     2CAC       58      355       0
                text5                              2FA8     2FA8       48      355       0
                text4                              3038     3038       44      355       0
                text3                              36F4     36F4       20      355       0
                text2                              359C     359C       28      355       0
                text1                               CE4      CE4      1FC      355       0
                text0                              2A7A     2A7A       62      355       0
                cstackCOMRAM                          1        1       30        1       1
                cstackBANK0                          60       60       60       60       1
                cstackBANK1                         1C2      1C2        A      100       1
                bssBANK1                            100      100       C2      100       1
                dataBANK0                            EB       EB       10       60       1
                bssBANK0                             C0       C0       2B       60       1
                dataCOMRAM                           42       42        4        1       1
                bssCOMRAM                            31       31       11        1       1
                cinit                              28CE     28CE       72      355       0
                nvBANK0                              FB       FB        5       60       1
                nvCOMRAM                             46       46        2        1       1
                idataBANK0                         3858     3858       10      355       0
                idataCOMRAM                        3908     3908        4      355       0

TOTAL           Name                               Link     Load   Length     Space
        CLASS   STACK          

        CLASS   CODE           
                intcode                               8        8       D4         0
                init                                 DC       DC        4         0
                reset_vec                             0        0        6         0
                text116                            3542     3542       2E         0
                text115                            3334     3334       38         0
                text114                            3918     3918        4         0
                text113                            3914     3914        4         0
                text112                            31CA     31CA       42         0
                text111                            250E     250E       92         0
                text109                            3512     3512       30         0
                text108                            38A0     38A0        E         0
                text107                            34AE     34AE       34         0
                text106                            21AC     21AC       BC         0
                text105                            19B6     19B6       FA         0
                text104                            23C6     23C6       AE         0
                text103                            36D0     36D0       24         0
                text102                            2C50     2C50       5C         0
                text101                            32FC     32FC       38         0
                text100                            1C9E     1C9E       E8         0
                text99                             36AC     36AC       24         0
                text98                             145E     145E      1AE         0
                text97                             3188     3188       42         0
                text96                             1BA8     1BA8       F6         0
                text95                             3686     3686       26         0
                text94                             1F4C     1F4C       D6         0
                text93                             2854     2854       7A         0
                text92                             26C0     26C0       90         0
                text91                             1AB0     1AB0       F8         0
                text90                             2630     2630       90         0
                text89                             1E6A     1E6A       E2         0
                text88                             2022     2022       C6         0
                text87                              EE0      EE0      1F2         0
                text86                             1788     1788      122         0
                text85                             160C     160C      17C         0
                text84                             12A8     12A8      1B6         0
                text83                             2B3A     2B3A       5E         0
                text82                             2ADC     2ADC       5E         0
                text81                             2318     2318       AE         0
                text80                             3832     3832       14         0
                text79                             2E60     2E60       56         0
                text78                             2E0A     2E0A       56         0
                text77                             2D5C     2D5C       58         0
                text76                             2D04     2D04       58         0
                text75                             3570     3570       2C         0
                text74                             376E     376E       1E         0
                text73                             2268     2268       B0         0
                text72                             378C     378C       1C         0
                text71                             32C0     32C0       3C         0
                text70                             2BF4     2BF4       5C         0
                text69                             2474     2474       9A         0
                text68                             29AA     29AA       6A         0
                text67                             3892     3892        E         0
                text66                             3660     3660       26         0
                text65                             3284     3284       3C         0
                text64                              A6C      A6C      278         0
                text63                             3910     3910        4         0
                text62                             37C2     37C2       1A         0
                text61                             3248     3248       3C         0
                text60                             3444     3444       36         0
                text59                             3750     3750       1E         0
                text58                             2F5A     2F5A       4E         0
                text57                             2F08     2F08       52         0
                text56                             38DE     38DE        C         0
                text55                             2A14     2A14       66         0
                text54                             30C0     30C0       44         0
                text53                             37F4     37F4       16         0
                text52                             340E     340E       36         0
                text51                             390C     390C        4         0
                text50                             3884     3884        E         0
                text49                             2FF0     2FF0       48         0
                text48                             38FE     38FE        A         0
                text47                             347A     347A       34         0
                text46                             37A8     37A8       1A         0
                text45                             38F4     38F4        A         0
                text44                             37DC     37DC       18         0
                text43                             38D2     38D2        C         0
                text42                             307C     307C       44         0
                text41                             38C6     38C6        C         0
                text40                             34E2     34E2       30         0
                text39                             38BA     38BA        C         0
                text38                             38AE     38AE        C         0
                text37                             3876     3876        E         0
                text36                             2940     2940       6A         0
                text35                             2DB4     2DB4       56         0
                text34                             3732     3732       1E         0
                text33                             35EC     35EC       28         0
                text32                             3714     3714       1E         0
                text31                             363A     363A       26         0
                text30                             381E     381E       14         0
                text29                             10D2     10D2      1D6         0
                text28                             20E8     20E8       C4         0
                text27                             33D8     33D8       36         0
                text26                             2EB6     2EB6       52         0
                text25                             18AA     18AA      10C         0
                text24                             3846     3846       12         0
                text23                             35C4     35C4       28         0
                text22                              6AA      6AA      3C2         0
                text21                             380A     380A       14         0
                text20                             38EA     38EA        A         0
                text19                             25A0     25A0       90         0
                text18                             27D2     27D2       82         0
                text17                             2750     2750       82         0
                text16                             1D86     1D86       E4         0
                text15                             33A2     33A2       36         0
                text14                             3868     3868        E         0
                text13                             3146     3146       42         0
                text12                             336C     336C       36         0
                text11                             391C     391C        2         0
                text10                             3104     3104       42         0
                text9                              3614     3614       26         0
                text8                              2B98     2B98       5C         0
                text7                              320C     320C       3C         0
                text6                              2CAC     2CAC       58         0
                text5                              2FA8     2FA8       48         0
                text4                              3038     3038       44         0
                text3                              36F4     36F4       20         0
                text2                              359C     359C       28         0
                text1                               CE4      CE4      1FC         0
                text0                              2A7A     2A7A       62         0
                cinit                              28CE     28CE       72         0
                idataBANK0                         3858     3858       10         0
                idataCOMRAM                        3908     3908        4         0

        CLASS   CONST          

        CLASS   SMALLCONST     
                smallconst                          600      600       AA         0

        CLASS   MEDIUMCONST    

        CLASS   COMRAM         
                temp                                 48       48        1         1
                cstackCOMRAM                          1        1       30         1
                dataCOMRAM                           42       42        4         1
                bssCOMRAM                            31       31       11         1
                nvCOMRAM                             46       46        2         1

        CLASS   ABS1           

        CLASS   BIGRAM         

        CLASS   RAM            

        CLASS   BANK0          
                cstackBANK0                          60       60       60         1
                dataBANK0                            EB       EB       10         1
                bssBANK0                             C0       C0       2B         1
                nvBANK0                              FB       FB        5         1

        CLASS   BANK1          
                cstackBANK1                         1C2      1C2        A         1
                bssBANK1                            100      100       C2         1

        CLASS   BANK2          

        CLASS   BANK3          

        CLASS   BANK4          

        CLASS   BANK5          

        CLASS   SFR            

        CLASS   FARRAM         

        CLASS   CONFIG         
                config                           300000   300000        E         0

        CLASS   IDLOC          
                idloc                            200000   200000        8         0

        CLASS   EEDATA         



SEGMENTS        Name                           Load    Length   Top    Selector   Space  Class

                reset_vec                      000000  000006  000006         0       0  CODE    
                cstackCOMRAM                   000001  000048  000049         1       1  COMRAM  
                intcode                        000008  0000D8  0000E0         4       0  CODE    
                cstackBANK0                    000060  0000A0  000100        60       1  BANK0   
                bssBANK1                       000100  0000CC  0001CC       100       1  BANK1   
                smallconst                     000600  0000AA  0006AA       300       0  SMALLCON
                text22                         0006AA  003274  00391E       355       0  CODE    
                idloc                          200000  000008  200008    200000       0  IDLOC   
                config                         300000  00000E  30000E    300000       0  CONFIG  


UNUSED ADDRESS RANGES

        Name                Unused          Largest block    Delta
        BANK1            0001CC-0001FF               34
        BANK2            000200-0002FF              100
        BANK3            000300-0003FF              100
        BANK4            000400-0004FF              100
        BANK5            000500-0005FF              100
        BIGRAM           000049-00005F               17
                         0001CC-0005FF              434
        CODE             000006-000007                2
                         0000E0-0005FF              520
                         00391E-007FFF             46E2
        COMRAM           000049-00005F               17
        CONST            000006-000007                2
                         0000E0-0005FF              520
                         00391E-007FFF             46E2
        EEDATA           F00000-F000FF              100
        MEDIUMCONST      00391E-007FFF             46E2
        RAM              0001CC-0005FF              100
        SFR              000F38-000FFC               28
        SMALLCONST       00391E-007FFF              100
        STACK            0001CC-0005FF              434

                                  Symbol Table

?_ADC_GetConversion                       cstackCOMRAM 000018
?_GetIntFromUartData                      cstackBANK0  000066
?___altoft                                cstackBANK0  000087
?___awtoft                                cstackCOMRAM 000020
?___ftadd                                 cstackBANK0  000078
?___ftdiv                                 cstackCOMRAM 000029
?___ftmul                                 cstackBANK0  000069
?___ftneg                                 cstackCOMRAM 000018
?___ftpack                                cstackCOMRAM 000018
?___ftsub                                 cstackBANK0  000084
?___fttol                                 cstackBANK0  000078
?___lldiv                                 cstackCOMRAM 000018
?___llmod                                 cstackCOMRAM 000018
?___lltoft                                cstackCOMRAM 000020
?___lmul                                  cstackCOMRAM 000018
?___lwmod                                 cstackCOMRAM 000001
?___lwtoft                                cstackCOMRAM 000020
?___wmul                                  cstackCOMRAM 000018
?_abs                                     cstackCOMRAM 000018
?_eval_poly                               cstackBANK0  000084
?_exp                                     cstackBANK0  000097
?_floor                                   cstackBANK0  00008F
?_frexp                                   cstackCOMRAM 000018
?_ldexp                                   cstackBANK0  00008E
?_log                                     cstackBANK0  00008E
?_pow                                     cstackBANK0  0000A0
?_strtol                                  cstackCOMRAM 000024
ADC_GetConversion@channel                 cstackCOMRAM 00001C
AdcConvert@_adcResult                     cstackBANK0  0000B3
AdcConvert@_adcResult_332                 cstackBANK0  0000B5
AdcConvert@adcRes                         cstackBANK0  0000BA
AdcConvert@idx                            cstackBANK0  0000BC
BlinkErrorLeds@idx                        cstackCOMRAM 00001C
BlinkErrorLeds@state                      cstackCOMRAM 00001B
BlinkOkLeds@idx                           cstackCOMRAM 00001C
BlinkOkLeds@state                         cstackCOMRAM 00001B
CheckFlashPrecentage@precentage           cstackBANK0  00007C
DATAEE_ReadByte@bAdd                      cstackCOMRAM 000018
DATAEE_WriteByte@GIEBitValue              cstackCOMRAM 00001A
DATAEE_WriteByte@bAdd                     cstackCOMRAM 000019
DATAEE_WriteByte@bData                    cstackCOMRAM 000018
DacSetValue@data                          cstackBANK0  000086
DacSetValue@regData                       cstackCOMRAM 00002F
EUSART1_Read@readValue                    cstackCOMRAM 000019
EUSART1_Write@txData                      cstackCOMRAM 000018
EepromRead@address                        cstackCOMRAM 000019
EepromWrite@address                       cstackCOMRAM 00001C
EepromWrite@data                          cstackCOMRAM 00001B
FLASH_EraseBlock@GIEBitValue              cstackCOMRAM 00001C
FLASH_EraseBlock@baseAddr                 cstackCOMRAM 000018
FLASH_ReadByte@flashAddr                  cstackCOMRAM 000018
FLASH_WriteBlock@GIEBitValue              cstackCOMRAM 00002B
FLASH_WriteBlock@blockStartAddr           cstackCOMRAM 000027
FLASH_WriteBlock@flashWrBufPtr            cstackCOMRAM 000021
FLASH_WriteBlock@i                        cstackCOMRAM 00002C
FLASH_WriteBlock@writeAddr                cstackCOMRAM 00001D
FlashReadCondition@TxMsg                  cstackCOMRAM 000028
FlashReadUart@TxMsg                       cstackBANK0  00006C
FlashReadUart@idx                         cstackBANK0  0000BB
FlashReadUart@j                           cstackBANK0  0000B9
FlashReadUart@numOfSampleToRead           cstackCOMRAM 00002C
FlashReadUart@offset                      cstackBANK0  0000BD
FlashSampleWrite@channelNum               cstackCOMRAM 00002F
FlashSampleWrite@rotateLeft               cstackBANK0  000062
FlashSampleWrite@sampleData               cstackCOMRAM 00002D
GetCpldFwVersion@TxMsg                    cstackCOMRAM 000026
GetCpldFwVersion@idx                      cstackCOMRAM 00002F
GetIntFromUartData@c                      cstackBANK0  000077
GetIntFromUartData@data                   cstackBANK0  000066
GetIntFromUartData@dataRegArr             cstackBANK0  00006E
GetIntFromUartData@idx                    cstackBANK0  000078
GetIntFromUartData@t                      cstackBANK0  00006A
GetMcuFwVersion@TxMsg                     cstackCOMRAM 000026
GetMcuFwVersion@idx                       cstackCOMRAM 00002F
GetMcuRunTime@TxMsg                       cstackBANK0  000060
GetMcuRunTime@idx                         cstackBANK0  00006D
GetMcuRunTime@tempRunTime                 cstackBANK0  000069
GroupAdc@data                             cstackBANK1  0001C2
GroupAdc@request                          cstackBANK0  0000BF
GroupControlMcu@request                   cstackBANK0  0000BF
GroupDAC@data                             cstackBANK1  0001C2
GroupDAC@request                          cstackBANK0  0000BF
GroupFlashMemory@data                     cstackBANK1  0001C2
GroupFlashMemory@request                  cstackBANK1  0001C4
GroupStatusAndVersion@data                cstackBANK1  0001C2
GroupStatusAndVersion@request             cstackBANK0  0000BF
GroupSynthesizers@data                    cstackBANK1  0001C2
GroupSynthesizers@request                 cstackBANK0  0000BF
InitAdcApplicationMgr@channel             cstackCOMRAM 000018
Make32bitsArray@array                     cstackCOMRAM 000018
Make32bitsArray@data                      cstackCOMRAM 00001A
Make32bitsArray@idx                       cstackCOMRAM 000020
PLLInitialize@idx                         cstackBANK0  000086
PLLUartInitialize@data                    cstackCOMRAM 000018
SWSPI_DAC_send_bits@count                 cstackCOMRAM 00001B
SWSPI_DAC_send_bits@data                  cstackCOMRAM 00001A
SWSPI_DAC_send_bits@phrType               cstackCOMRAM 00001C
SWSPI_Synth_send_bits@bitArray            cstackBANK0  000060
SWSPI_Synth_send_bits@count               cstackBANK0  000084
SWSPI_Synth_send_bits@data                cstackCOMRAM 000022
SWSPI_Synth_send_bits@mask                cstackBANK0  000080
SWSPI_Synth_send_bits@phrType             cstackBANK0  000085
SWSPI_send_word@data                      cstackCOMRAM 000026
SWSPI_send_word@dataSize                  cstackCOMRAM 00002A
SWSPI_send_word@datac                     cstackCOMRAM 00002B
SWSPI_send_word@idx                       cstackCOMRAM 00002C
SWSPI_send_word@phrType                   cstackCOMRAM 00002E
SendAckMessage@TxMsg                      cstackCOMRAM 000026
SendAckMessage@inGroup                    cstackCOMRAM 000025
SendAckMessage@inRequest                  cstackCOMRAM 000024
SetAdcOperationMode@data                  cstackCOMRAM 00002C
SetChannelMode@data                       cstackCOMRAM 00002C
SetConversionResultFormat@data            cstackCOMRAM 00002C
SetCpldFwVersion@data                     cstackCOMRAM 00002C
SetCpldFwVersion@idx                      cstackCOMRAM 00002E
SetMcuFwVersion@data                      cstackCOMRAM 00002C
SetMcuFwVersion@idx                       cstackCOMRAM 00002E
SwSpi_Clk_Pin@cPinMode                    cstackCOMRAM 000018
SwSpi_Clk_Pin@phrType                     cstackCOMRAM 000019
SwSpi_Data_Pin@cPinMode                   cstackCOMRAM 000018
SwSpi_Data_Pin@phrType                    cstackCOMRAM 000019
SwSpi_Set_CE_Pin@cPinMode                 cstackCOMRAM 000018
SwSpi_Set_CE_Pin@phrType                  cstackCOMRAM 000019
SwSpi_Set_Dac_Sync_Pin@cPinMode           cstackCOMRAM 000018
SwSpi_Set_Synth_Le_Pin@cPinMode           cstackCOMRAM 000018
SwSpi_Set_Synth_Le_Pin@phrType            cstackCOMRAM 000019
TMR0_ISR@CountCallBack                    bssCOMRAM    000035
TMR0_SetInterruptHandler@InterruptHandler cstackCOMRAM 000018
UpdateRxFreq@data                         cstackBANK0  000086
UpdateRxFreq@regData                      cstackBANK0  000088
UpdateTxFreq@data                         cstackCOMRAM 00002F
WriteUartMessage@dataBuf                  cstackCOMRAM 000019
WriteUartMessage@dataSize                 cstackCOMRAM 00001B
WriteUartMessage@idx                      cstackCOMRAM 00001E
ZeroArray@array                           cstackCOMRAM 000020
ZeroArray@size                            cstackCOMRAM 000022
ZeroBitsArray@array                       cstackCOMRAM 000020
_ADCON0                                   (abs)        000FC2
_ADCON0bits                               (abs)        000FC2
_ADCON1                                   (abs)        000FC1
_ADCON2                                   (abs)        000FC0
_ADC_GetConversion                        text109      003512
_ADC_Initialize                           text53       0037F4
_ADRESH                                   (abs)        000FC4
_ADRESL                                   (abs)        000FC3
_ANSELA                                   (abs)        000F38
_ANSELB                                   (abs)        000F39
_ANSELC                                   (abs)        000F3A
_ANSELD                                   (abs)        000F3B
_ANSELE                                   (abs)        000F3C
_AdcConvert                               text84       0012A8
_AdcConvert$3296                          cstackBANK0  0000B7
_BAUDCON1                                 (abs)        000FB8
_BlinkErrorLeds                           text83       002B3A
_BlinkOkLeds                              text82       002ADC
_CheckFlashPrecentage                     text81       002318
_ClearMcuRunTime                          text80       003832
_DATAEE_ReadByte                          text21       00380A
_DATAEE_WriteByte                         text15       0033A2
_DacInit                                  text68       0029AA
_DacSetValue                              text27       0033D8
_EEADR                                    (abs)        000FA9
_EECON1bits                               (abs)        000FA6
_EECON2                                   (abs)        000FA7
_EEDATA                                   (abs)        000FA8
_EUSART1_Initialize                       text52       00340E
_EUSART1_Read                             text42       00307C
_EUSART1_Receive_ISR                      text116      003542
_EUSART1_Transmit_ISR                     text115      003334
_EUSART1_Write                            text61       003248
_EepromRead                               text20       0038EA
_EepromWrite                              text14       003868
_FLASH_EraseBlock                         text107      0034AE
_FLASH_IsWriteDone                        text108      0038A0
_FLASH_ReadByte                           text24       003846
_FLASH_WriteBlock                         text106      0021AC
_FlashEreaseMem                           text26       002EB6
_FlashReadCondition                       text25       0018AA
_FlashReadUart                            text22       0006AA
_FlashReadUart$565                        cstackBANK0  0000B1
_FlashReadUart$566                        cstackBANK0  0000B5
_FlashSampleWrite                         text105      0019B6
_GetCpldFwVersion                         text19       0025A0
_GetIntFromUartData                       text28       0020E8
_GetMcuFwVersion                          text18       0027D2
_GetMcuRunTime                            text16       001D86
_GroupAdc                                 text5        002FA8
_GroupControlMcu                          text7        00320C
_GroupDAC                                 text3        0036F4
_GroupFlashMemory                         text4        003038
_GroupStatusAndVersion                    text6        002CAC
_GroupSynthesizers                        text8        002B98
_INTCON2bits                              (abs)        000FF1
_INTCONbits                               (abs)        000FF2
_INTERRUPT_Initialize                     text51       00390C
_INTERRUPT_InterruptManager               intcode      000008
_IOCB                                     (abs)        000F62
_InitAdcApplicationMgr                    text67       003892
_InitRxMessageParams                      text2        00359C
_InitSevenSegment                         text66       003660
_InitSystemApplicationManagers            text62       0037C2
_LATA                                     (abs)        000F89
_LATAbits                                 (abs)        000F89
_LATB                                     (abs)        000F8A
_LATBbits                                 (abs)        000F8A
_LATC                                     (abs)        000F8B
_LATCbits                                 (abs)        000F8B
_LATD                                     (abs)        000F8C
_LATDbits                                 (abs)        000F8C
_LATE                                     (abs)        000F8D
_MEMORY_ISR                               text114      003918
_Make32bitsArray                          text76       002D04
_OSCCON                                   (abs)        000FD3
_OSCCON2                                  (abs)        000FD2
_OSCILLATOR_Initialize                    text50       003884
_OSCTUNE                                  (abs)        000F9B
_PIE1bits                                 (abs)        000F9D
_PIE2bits                                 (abs)        000FA0
_PIN_MANAGER_IOC                          text113      003914
_PIN_MANAGER_Initialize                   text49       002FF0
_PIR1bits                                 (abs)        000F9E
_PIR2bits                                 (abs)        000FA1
_PLLInitialize                            text64       000A6C
_PLLUartInitialize                        text11       00391C
_PLL_INIT_REGISTERS                       smallconst   000635
_PORTD                                    (abs)        000F83
_RCONbits                                 (abs)        000FD0
_RCREG1                                   (abs)        000FAE
_RCSTA1                                   (abs)        000FAB
_RCSTA1bits                               (abs)        000FAB
_ResetCpld                                text38       0038AE
_ResetMcu                                 text37       003876
_SPBRG1                                   (abs)        000FAF
_SPBRGH1                                  (abs)        000FB0
_SWSPI_DAC_send_bits                      text77       002D5C
_SWSPI_Synth_send_bits                    text73       002268
_SWSPI_send_word                          text69       002474
_SYSTEM_Initialize                        text46       0037A8
_SendAckMessage                           text57       002F08
_SendSystemStartAck                       text56       0038DE
_SetAdcOperationMode                      text41       0038C6
_SetChannelMode                           text40       0034E2
_SetConversionResultFormat                text39       0038BA
_SetCpldFwVersion                         text13       003146
_SetMcuFwVersion                          text12       00336C
_SetMcuRunTime                            text54       0030C0
_SetMcuSystem                             text45       0038F4
_SwSpi_Clk_Pin                            text79       002E60
_SwSpi_Data_Pin                           text78       002E0A
_SwSpi_Set_CE_Pin                         text65       003284
_SwSpi_Set_Dac_Sync_Pin                   text72       00378C
_SwSpi_Set_Synth_Le_Pin                   text71       0032C0
_T0CON                                    (abs)        000FD5
_T0CONbits                                (abs)        000FD5
_TABLAT                                   (abs)        000FF5
_TBLPTRH                                  (abs)        000FF7
_TBLPTRL                                  (abs)        000FF6
_TBLPTRU                                  (abs)        000FF8
_TEST_PLL_REGISTERS                       smallconst   000601
_TMR0H                                    (abs)        000FD7
_TMR0L                                    (abs)        000FD6
_TMR0_DefaultInterruptHandler             (abs)        000000
_TMR0_ISR                                 text111      00250E
_TMR0_Initialize                          text47       00347A
_TMR0_InterruptHandler                    nvBANK0      0000FB
_TMR0_SetInterruptHandler                 text48       0038FE
_TMR0_StartTimer                          text63       003910
_TRISA                                    (abs)        000F92
_TRISB                                    (abs)        000F93
_TRISC                                    (abs)        000F94
_TRISD                                    (abs)        000F95
_TRISE                                    (abs)        000F96
_TXREG1                                   (abs)        000FAD
_TXSTA1                                   (abs)        000FAC
_TimerKeepAliveFlag                       bssBANK0     0000D4
_TimerOneSecFlag                          bssBANK0     0000D6
_TimerSamplingFlag                        bssBANK0     0000D5
_UpdateRxFreq                             text10       003104
_UpdateTxFreq                             text9        003614
_WPUB                                     (abs)        000F61
_WriteUartMessage                         text60       003444
_ZeroArray                                text59       003750
_ZeroBitsArray                            text74       00376E
__CFG_BOREN$SBORDIS                       (abs)        000000
__CFG_BORV$190                            (abs)        000000
__CFG_CCP2MX$PORTC1                       (abs)        000000
__CFG_CCP3MX$PORTB5                       (abs)        000000
__CFG_CP0$OFF                             (abs)        000000
__CFG_CP1$OFF                             (abs)        000000
__CFG_CP2$OFF                             (abs)        000000
__CFG_CP3$OFF                             (abs)        000000
__CFG_CPB$OFF                             (abs)        000000
__CFG_CPD$OFF                             (abs)        000000
__CFG_DEBUG$OFF                           (abs)        000000
__CFG_EBTR0$OFF                           (abs)        000000
__CFG_EBTR1$OFF                           (abs)        000000
__CFG_EBTR2$OFF                           (abs)        000000
__CFG_EBTR3$OFF                           (abs)        000000
__CFG_EBTRB$OFF                           (abs)        000000
__CFG_FCMEN$OFF                           (abs)        000000
__CFG_FOSC$INTIO67                        (abs)        000000
__CFG_HFOFST$ON                           (abs)        000000
__CFG_IESO$OFF                            (abs)        000000
__CFG_LVP$ON                              (abs)        000000
__CFG_MCLRE$EXTMCLR                       (abs)        000000
__CFG_P2BMX$PORTD2                        (abs)        000000
__CFG_PBADEN$ON                           (abs)        000000
__CFG_PLLCFG$OFF                          (abs)        000000
__CFG_PRICLKEN$ON                         (abs)        000000
__CFG_PWRTEN$OFF                          (abs)        000000
__CFG_STVREN$ON                           (abs)        000000
__CFG_T3CMX$PORTC0                        (abs)        000000
__CFG_WDTEN$OFF                           (abs)        000000
__CFG_WDTPS$32768                         (abs)        000000
__CFG_WRT0$OFF                            (abs)        000000
__CFG_WRT1$OFF                            (abs)        000000
__CFG_WRT2$OFF                            (abs)        000000
__CFG_WRT3$OFF                            (abs)        000000
__CFG_WRTB$OFF                            (abs)        000000
__CFG_WRTC$OFF                            (abs)        000000
__CFG_WRTD$OFF                            (abs)        000000
__CFG_XINST$OFF                           (abs)        000000
__HRAM                                    (abs)        000000
__Habs1                                   abs1         000000
__Hbank0                                  bank0        000000
__Hbank1                                  bank1        000000
__Hbank2                                  bank2        000000
__Hbank3                                  bank3        000000
__Hbank4                                  bank4        000000
__Hbank5                                  bank5        000000
__Hbigbss                                 bigbss       000000
__Hbigdata                                bigdata      000000
__Hbigram                                 bigram       000000
__Hbss                                    bss          000000
__HbssBANK0                               bssBANK0     000000
__HbssBANK1                               bssBANK1     000000
__HbssCOMRAM                              bssCOMRAM    000000
__Hcinit                                  cinit        000000
__Hclrtext                                clrtext      000000
__Hcomram                                 comram       000000
__Hconfig                                 config       30000E
__Hconst                                  const        000000
__HcstackBANK0                            cstackBANK0  000000
__HcstackBANK1                            cstackBANK1  000000
__HcstackCOMRAM                           cstackCOMRAM 000000
__Hdata                                   data         000000
__HdataBANK0                              dataBANK0    000000
__HdataCOMRAM                             dataCOMRAM   000000
__Heeprom_data                            eeprom_data  000000
__Hfarbss                                 farbss       000000
__Hfardata                                fardata      000000
__Hibigdata                               ibigdata     000000
__Hidata                                  idata        000000
__HidataBANK0                             idataBANK0   000000
__HidataCOMRAM                            idataCOMRAM  000000
__Hidloc                                  idloc        200008
__Hifardata                               ifardata     000000
__Hinit                                   init         0000E0
__Hintcode                                intcode      0000DC
__Hintcode_body                           intcode_body 000000
__Hintcodelo                              intcodelo    0000DC
__Hintentry                               intentry     000000
__Hintret                                 intret       000000
__Hintsave_regs                           intsave_regs 000000
__Hirdata                                 irdata       000000
__Hmediumconst                            mediumconst  000000
__HnvBANK0                                nvBANK0      000000
__HnvCOMRAM                               nvCOMRAM     000000
__HnvFARRAM                               nvFARRAM     000000
__Hnvbit                                  nvbit        000000
__Hnvrram                                 nvrram       000000
__Hparam                                  rparam       000000
__Hpowerup                                powerup      0000DC
__Hram                                    ram          000000
__Hramtop                                 ramtop       000600
__Hrbit                                   rbit         000000
__Hrbss                                   rbss         000000
__Hrdata                                  rdata        000000
__Hreset_vec                              reset_vec    000006
__Hrparam                                 rparam       000000
__Hsfr                                    sfr          000000
__Hsmallconst                             smallconst   0006AA
__Hspace_0                                (abs)        30000E
__Hspace_1                                (abs)        0001CC
__Hspace_2                                (abs)        000000
__Hstack                                  stack        000000
__Hstruct                                 struct       000000
__Htemp                                   temp         000049
__Htext                                   text         000000
__Htext0                                  text0        000000
__Htext1                                  text1        000000
__Htext10                                 text10       000000
__Htext100                                text100      000000
__Htext101                                text101      000000
__Htext102                                text102      000000
__Htext103                                text103      000000
__Htext104                                text104      000000
__Htext105                                text105      000000
__Htext106                                text106      000000
__Htext107                                text107      000000
__Htext108                                text108      000000
__Htext109                                text109      000000
__Htext11                                 text11       000000
__Htext111                                text111      000000
__Htext112                                text112      000000
__Htext113                                text113      000000
__Htext114                                text114      000000
__Htext115                                text115      000000
__Htext116                                text116      000000
__Htext117                                text117      000000
__Htext12                                 text12       000000
__Htext13                                 text13       000000
__Htext14                                 text14       000000
__Htext15                                 text15       000000
__Htext16                                 text16       000000
__Htext17                                 text17       000000
__Htext18                                 text18       000000
__Htext19                                 text19       000000
__Htext2                                  text2        000000
__Htext20                                 text20       000000
__Htext21                                 text21       000000
__Htext22                                 text22       000000
__Htext23                                 text23       000000
__Htext24                                 text24       000000
__Htext25                                 text25       000000
__Htext26                                 text26       000000
__Htext27                                 text27       000000
__Htext28                                 text28       000000
__Htext29                                 text29       000000
__Htext3                                  text3        000000
__Htext30                                 text30       000000
__Htext31                                 text31       000000
__Htext32                                 text32       000000
__Htext33                                 text33       000000
__Htext34                                 text34       000000
__Htext35                                 text35       000000
__Htext36                                 text36       000000
__Htext37                                 text37       000000
__Htext38                                 text38       000000
__Htext39                                 text39       000000
__Htext4                                  text4        000000
__Htext40                                 text40       000000
__Htext41                                 text41       000000
__Htext42                                 text42       000000
__Htext43                                 text43       000000
__Htext44                                 text44       000000
__Htext45                                 text45       000000
__Htext46                                 text46       000000
__Htext47                                 text47       000000
__Htext48                                 text48       000000
__Htext49                                 text49       000000
__Htext5                                  text5        000000
__Htext50                                 text50       000000
__Htext51                                 text51       000000
__Htext52                                 text52       000000
__Htext53                                 text53       000000
__Htext54                                 text54       000000
__Htext55                                 text55       000000
__Htext56                                 text56       000000
__Htext57                                 text57       000000
__Htext58                                 text58       000000
__Htext59                                 text59       000000
__Htext6                                  text6        000000
__Htext60                                 text60       000000
__Htext61                                 text61       000000
__Htext62                                 text62       000000
__Htext63                                 text63       000000
__Htext64                                 text64       000000
__Htext65                                 text65       000000
__Htext66                                 text66       000000
__Htext67                                 text67       000000
__Htext68                                 text68       000000
__Htext69                                 text69       000000
__Htext7                                  text7        000000
__Htext70                                 text70       000000
__Htext71                                 text71       000000
__Htext72                                 text72       000000
__Htext73                                 text73       000000
__Htext74                                 text74       000000
__Htext75                                 text75       000000
__Htext76                                 text76       000000
__Htext77                                 text77       000000
__Htext78                                 text78       000000
__Htext79                                 text79       000000
__Htext8                                  text8        000000
__Htext80                                 text80       000000
__Htext81                                 text81       000000
__Htext82                                 text82       000000
__Htext83                                 text83       000000
__Htext84                                 text84       000000
__Htext85                                 text85       000000
__Htext86                                 text86       000000
__Htext87                                 text87       000000
__Htext88                                 text88       000000
__Htext89                                 text89       000000
__Htext9                                  text9        000000
__Htext90                                 text90       000000
__Htext91                                 text91       000000
__Htext92                                 text92       000000
__Htext93                                 text93       000000
__Htext94                                 text94       000000
__Htext95                                 text95       000000
__Htext96                                 text96       000000
__Htext97                                 text97       000000
__Htext98                                 text98       000000
__Htext99                                 text99       000000
__LRAM                                    (abs)        000001
__Labs1                                   abs1         000000
__Lbank0                                  bank0        000000
__Lbank1                                  bank1        000000
__Lbank2                                  bank2        000000
__Lbank3                                  bank3        000000
__Lbank4                                  bank4        000000
__Lbank5                                  bank5        000000
__Lbigbss                                 bigbss       000000
__Lbigdata                                bigdata      000000
__Lbigram                                 bigram       000000
__Lbss                                    bss          000000
__LbssBANK0                               bssBANK0     000000
__LbssBANK1                               bssBANK1     000000
__LbssCOMRAM                              bssCOMRAM    000000
__Lcinit                                  cinit        000000
__Lclrtext                                clrtext      000000
__Lcomram                                 comram       000000
__Lconfig                                 config       300000
__Lconst                                  const        000000
__LcstackBANK0                            cstackBANK0  000000
__LcstackBANK1                            cstackBANK1  000000
__LcstackCOMRAM                           cstackCOMRAM 000000
__Ldata                                   data         000000
__LdataBANK0                              dataBANK0    000000
__LdataCOMRAM                             dataCOMRAM   000000
__Leeprom_data                            eeprom_data  000000
__Lfarbss                                 farbss       000000
__Lfardata                                fardata      000000
__Libigdata                               ibigdata     000000
__Lidata                                  idata        000000
__LidataBANK0                             idataBANK0   000000
__LidataCOMRAM                            idataCOMRAM  000000
__Lidloc                                  idloc        200000
__Lifardata                               ifardata     000000
__Linit                                   init         0000DC
__Lintcode                                intcode      000008
__Lintcode_body                           intcode_body 000000
__Lintcodelo                              intcodelo    0000DC
__Lintentry                               intentry     000000
__Lintret                                 intret       000000
__Lintsave_regs                           intsave_regs 000000
__Lirdata                                 irdata       000000
__Lmediumconst                            mediumconst  000000
__LnvBANK0                                nvBANK0      000000
__LnvCOMRAM                               nvCOMRAM     000000
__LnvFARRAM                               nvFARRAM     000000
__Lnvbit                                  nvbit        000000
__Lnvrram                                 nvrram       000000
__Lparam                                  rparam       000000
__Lpowerup                                powerup      0000DC
__Lram                                    ram          000000
__Lramtop                                 ramtop       000600
__Lrbit                                   rbit         000000
__Lrbss                                   rbss         000000
__Lrdata                                  rdata        000000
__Lreset_vec                              reset_vec    000000
__Lrparam                                 rparam       000000
__Lsfr                                    sfr          000000
__Lsmallconst                             smallconst   000600
__Lspace_0                                (abs)        000000
__Lspace_1                                (abs)        000000
__Lspace_2                                (abs)        000000
__Lstack                                  stack        000000
__Lstruct                                 struct       000000
__Ltemp                                   temp         000048
__Ltext                                   text         000000
__Ltext0                                  text0        000000
__Ltext1                                  text1        000000
__Ltext10                                 text10       000000
__Ltext100                                text100      000000
__Ltext101                                text101      000000
__Ltext102                                text102      000000
__Ltext103                                text103      000000
__Ltext104                                text104      000000
__Ltext105                                text105      000000
__Ltext106                                text106      000000
__Ltext107                                text107      000000
__Ltext108                                text108      000000
__Ltext109                                text109      000000
__Ltext11                                 text11       000000
__Ltext111                                text111      000000
__Ltext112                                text112      000000
__Ltext113                                text113      000000
__Ltext114                                text114      000000
__Ltext115                                text115      000000
__Ltext116                                text116      000000
__Ltext117                                text117      000000
__Ltext12                                 text12       000000
__Ltext13                                 text13       000000
__Ltext14                                 text14       000000
__Ltext15                                 text15       000000
__Ltext16                                 text16       000000
__Ltext17                                 text17       000000
__Ltext18                                 text18       000000
__Ltext19                                 text19       000000
__Ltext2                                  text2        000000
__Ltext20                                 text20       000000
__Ltext21                                 text21       000000
__Ltext22                                 text22       000000
__Ltext23                                 text23       000000
__Ltext24                                 text24       000000
__Ltext25                                 text25       000000
__Ltext26                                 text26       000000
__Ltext27                                 text27       000000
__Ltext28                                 text28       000000
__Ltext29                                 text29       000000
__Ltext3                                  text3        000000
__Ltext30                                 text30       000000
__Ltext31                                 text31       000000
__Ltext32                                 text32       000000
__Ltext33                                 text33       000000
__Ltext34                                 text34       000000
__Ltext35                                 text35       000000
__Ltext36                                 text36       000000
__Ltext37                                 text37       000000
__Ltext38                                 text38       000000
__Ltext39                                 text39       000000
__Ltext4                                  text4        000000
__Ltext40                                 text40       000000
__Ltext41                                 text41       000000
__Ltext42                                 text42       000000
__Ltext43                                 text43       000000
__Ltext44                                 text44       000000
__Ltext45                                 text45       000000
__Ltext46                                 text46       000000
__Ltext47                                 text47       000000
__Ltext48                                 text48       000000
__Ltext49                                 text49       000000
__Ltext5                                  text5        000000
__Ltext50                                 text50       000000
__Ltext51                                 text51       000000
__Ltext52                                 text52       000000
__Ltext53                                 text53       000000
__Ltext54                                 text54       000000
__Ltext55                                 text55       000000
__Ltext56                                 text56       000000
__Ltext57                                 text57       000000
__Ltext58                                 text58       000000
__Ltext59                                 text59       000000
__Ltext6                                  text6        000000
__Ltext60                                 text60       000000
__Ltext61                                 text61       000000
__Ltext62                                 text62       000000
__Ltext63                                 text63       000000
__Ltext64                                 text64       000000
__Ltext65                                 text65       000000
__Ltext66                                 text66       000000
__Ltext67                                 text67       000000
__Ltext68                                 text68       000000
__Ltext69                                 text69       000000
__Ltext7                                  text7        000000
__Ltext70                                 text70       000000
__Ltext71                                 text71       000000
__Ltext72                                 text72       000000
__Ltext73                                 text73       000000
__Ltext74                                 text74       000000
__Ltext75                                 text75       000000
__Ltext76                                 text76       000000
__Ltext77                                 text77       000000
__Ltext78                                 text78       000000
__Ltext79                                 text79       000000
__Ltext8                                  text8        000000
__Ltext80                                 text80       000000
__Ltext81                                 text81       000000
__Ltext82                                 text82       000000
__Ltext83                                 text83       000000
__Ltext84                                 text84       000000
__Ltext85                                 text85       000000
__Ltext86                                 text86       000000
__Ltext87                                 text87       000000
__Ltext88                                 text88       000000
__Ltext89                                 text89       000000
__Ltext9                                  text9        000000
__Ltext90                                 text90       000000
__Ltext91                                 text91       000000
__Ltext92                                 text92       000000
__Ltext93                                 text93       000000
__Ltext94                                 text94       000000
__Ltext95                                 text95       000000
__Ltext96                                 text96       000000
__Ltext97                                 text97       000000
__Ltext98                                 text98       000000
__Ltext99                                 text99       000000
__S0                                      (abs)        30000E
__S1                                      (abs)        0001CC
__S2                                      (abs)        000000
___altoft                                 text93       002854
___altoft@c                               cstackBANK0  000087
___altoft@exp                             cstackCOMRAM 00002F
___altoft@sign                            cstackCOMRAM 000030
___awtoft                                 text101      0032FC
___awtoft@c                               cstackCOMRAM 000020
___awtoft@sign                            cstackCOMRAM 000023
___ftadd                                  text98       00145E
___ftadd@exp1                             cstackBANK0  000083
___ftadd@exp2                             cstackBANK0  000082
___ftadd@f1                               cstackBANK0  000078
___ftadd@f2                               cstackBANK0  00007B
___ftadd@sign                             cstackBANK0  000081
___ftdiv                                  text100      001C9E
___ftdiv@cntr                             cstackBANK0  000063
___ftdiv@exp                              cstackBANK0  000067
___ftdiv@f1                               cstackCOMRAM 000029
___ftdiv@f2                               cstackCOMRAM 00002C
___ftdiv@f3                               cstackBANK0  000064
___ftdiv@sign                             cstackBANK0  000068
___ftge                                   text92       0026C0
___ftge@ff1                               cstackCOMRAM 000018
___ftge@ff2                               cstackCOMRAM 00001B
___ftmul                                  text96       001BA8
___ftmul@cntr                             cstackBANK0  000076
___ftmul@exp                              cstackBANK0  000072
___ftmul@f1                               cstackBANK0  000069
___ftmul@f2                               cstackBANK0  00006C
___ftmul@f3_as_product                    cstackBANK0  000073
___ftmul@sign                             cstackBANK0  000077
___ftneg                                  text99       0036AC
___ftneg@f1                               cstackCOMRAM 000018
___ftpack                                 text104      0023C6
___ftpack@arg                             cstackCOMRAM 000018
___ftpack@exp                             cstackCOMRAM 00001B
___ftpack@sign                            cstackCOMRAM 00001C
___ftsub                                  text97       003188
___ftsub@f1                               cstackBANK0  000084
___ftsub@f2                               cstackBANK0  000087
___fttol                                  text91       001AB0
___fttol@exp1                             cstackBANK0  000086
___fttol@f1                               cstackBANK0  000078
___fttol@lval                             cstackBANK0  000082
___fttol@sign1                            cstackBANK0  000081
___inthi_sp                               stack        000000
___intlo_sp                               stack        000000
___lldiv                                  text17       002750
___lldiv@counter                          cstackCOMRAM 000024
___lldiv@dividend                         cstackCOMRAM 000018
___lldiv@divisor                          cstackCOMRAM 00001C
___lldiv@quotient                         cstackCOMRAM 000020
___llmod                                  text55       002A14
___llmod@counter                          cstackCOMRAM 000020
___llmod@dividend                         cstackCOMRAM 000018
___llmod@divisor                          cstackCOMRAM 00001C
___lltoft                                 text102      002C50
___lltoft@c                               cstackCOMRAM 000020
___lltoft@exp                             cstackCOMRAM 000028
___lmul                                   text35       002DB4
___lmul@multiplicand                      cstackCOMRAM 00001C
___lmul@multiplier                        cstackCOMRAM 000018
___lmul@product                           cstackCOMRAM 000020
___lwmod                                  text112      0031CA
___lwmod@counter                          cstackCOMRAM 000005
___lwmod@dividend                         cstackCOMRAM 000001
___lwmod@divisor                          cstackCOMRAM 000003
___lwtoft                                 text103      0036D0
___lwtoft@c                               cstackCOMRAM 000020
___param_bank                             (abs)        000000
___rparam_used                            (abs)        000001
___sp                                     stack        000000
___wmul                                   text95       003686
___wmul@multiplicand                      cstackCOMRAM 00001A
___wmul@multiplier                        cstackCOMRAM 000018
___wmul@product                           cstackCOMRAM 00001C
__accesstop                               (abs)        000060
__activetblptr                            (abs)        000002
__end_of_ADC_GetConversion                text109      003542
__end_of_ADC_Initialize                   text53       00380A
__end_of_AdcConvert                       text84       00145E
__end_of_BlinkErrorLeds                   text83       002B98
__end_of_BlinkOkLeds                      text82       002B3A
__end_of_CheckFlashPrecentage             text81       0023C6
__end_of_ClearMcuRunTime                  text80       003846
__end_of_DATAEE_ReadByte                  text21       00381E
__end_of_DATAEE_WriteByte                 text15       0033D8
__end_of_DacInit                          text68       002A14
__end_of_DacSetValue                      text27       00340E
__end_of_EUSART1_Initialize               text52       003444
__end_of_EUSART1_Read                     text42       0030C0
__end_of_EUSART1_Receive_ISR              text116      003570
__end_of_EUSART1_Transmit_ISR             text115      00336C
__end_of_EUSART1_Write                    text61       003284
__end_of_EepromRead                       text20       0038F4
__end_of_EepromWrite                      text14       003876
__end_of_FLASH_EraseBlock                 text107      0034E2
__end_of_FLASH_IsWriteDone                text108      0038AE
__end_of_FLASH_ReadByte                   text24       003858
__end_of_FLASH_WriteBlock                 text106      002268
__end_of_FlashEreaseMem                   text26       002F08
__end_of_FlashReadCondition               text25       0019B6
__end_of_FlashReadUart                    text22       000A6C
__end_of_FlashSampleWrite                 text105      001AB0
__end_of_GetCpldFwVersion                 text19       002630
__end_of_GetIntFromUartData               text28       0021AC
__end_of_GetMcuFwVersion                  text18       002854
__end_of_GetMcuRunTime                    text16       001E6A
__end_of_GroupAdc                         text5        002FF0
__end_of_GroupControlMcu                  text7        003248
__end_of_GroupDAC                         text3        003714
__end_of_GroupFlashMemory                 text4        00307C
__end_of_GroupStatusAndVersion            text6        002D04
__end_of_GroupSynthesizers                text8        002BF4
__end_of_INTERRUPT_Initialize             text51       003910
__end_of_INTERRUPT_InterruptManager       intcode      0000DC
__end_of_InitAdcApplicationMgr            text67       0038A0
__end_of_InitRxMessageParams              text2        0035C4
__end_of_InitSevenSegment                 text66       003686
__end_of_InitSystemApplicationManagers    text62       0037DC
__end_of_MEMORY_ISR                       text114      00391C
__end_of_Make32bitsArray                  text76       002D5C
__end_of_OSCILLATOR_Initialize            text50       003892
__end_of_PIN_MANAGER_IOC                  text113      003918
__end_of_PIN_MANAGER_Initialize           text49       003038
__end_of_PLLInitialize                    text64       000CE4
__end_of_PLLUartInitialize                text11       00391E
__end_of_PLL_INIT_REGISTERS               smallconst   000669
__end_of_ResetCpld                        text38       0038BA
__end_of_ResetMcu                         text37       003884
__end_of_SWSPI_DAC_send_bits              text77       002DB4
__end_of_SWSPI_Synth_send_bits            text73       002318
__end_of_SWSPI_send_word                  text69       00250E
__end_of_SYSTEM_Initialize                text46       0037C2
__end_of_SendAckMessage                   text57       002F5A
__end_of_SendSystemStartAck               text56       0038EA
__end_of_SetAdcOperationMode              text41       0038D2
__end_of_SetChannelMode                   text40       003512
__end_of_SetConversionResultFormat        text39       0038C6
[...]
		On exit  : 
		Unchanged: 
 Data sizes:     COMRAM   BANK0   BANK1   BANK2   BANK3   BANK4   BANK5
      Params:         2       0       0       0       0       0       0
      Locals:         1       0       0       0       0       0       0
      Temps:          2       0       0       0       0       0       0
      Totals:         5       0       0       0       0       0       0
Total ram usage:        5 bytes
 Hardware stack levels used:    1
 Hardware stack levels required when called:    3
 This function calls:
		Nothing
 This function is called by:
		_AdcConvert
 This function uses a non-reentrant model


 *************** function _INTERRUPT_InterruptManager *****************
 Defined at:
		line 57 in file "mcc_generated_files/interrupt_manager.c"
 Parameters:    Size  Location     Type
		None
 Auto vars:     Size  Location     Type
		None
 Return value:  Size  Location     Type
                  1    wreg      void 
 Registers used:
		wreg, fsr2l, fsr2h, status,2, status,0, prodl, prodh, cstack
 Tracked objects:
		On entry : 
		On exit  : 
		Unchanged: 
 Data sizes:     COMRAM   BANK0   BANK1   BANK2   BANK3   BANK4   BANK5
      Params:         0       0       0       0       0       0       0
      Locals:         0       0       0       0       0       0       0
      Temps:         18       0       0       0       0       0       0
      Totals:        18       0       0       0       0       0       0
Total ram usage:       18 bytes
 Hardware stack levels used:    1
 Hardware stack levels required when called:    2
 This function calls:
		_EUSART1_Receive_ISR
		_EUSART1_Transmit_ISR
		_MEMORY_ISR
		_PIN_MANAGER_IOC
		_TMR0_ISR
 This function is called by:
		Interrupt level 2
 This function uses a non-reentrant model


 *************** function _TMR0_ISR *****************
 Defined at:
		line 132 in file "mcc_generated_files/tmr0.c"
 Parameters:    Size  Location     Type
		None
 Auto vars:     Size  Location     Type
		None
 Return value:  Size  Location     Type
                  1    wreg      void 
 Registers used:
		wreg, status,2, status,0, cstack
 Tracked objects:
		On entry : 
		On exit  : 
		Unchanged: 
 Data sizes:     COMRAM   BANK0   BANK1   BANK2   BANK3   BANK4   BANK5
      Params:         0       0       0       0       0       0       0
      Locals:         0       0       0       0       0       0       0
      Temps:          0       0       0       0       0       0       0
      Totals:         0       0       0       0       0       0       0
Total ram usage:        0 bytes
 Hardware stack levels used:    1
 Hardware stack levels required when called:    1
 This function calls:
		___lwmod
 This function is called by:
		_INTERRUPT_InterruptManager
 This function uses a non-reentrant model


 *************** function ___lwmod *****************
 Defined at:
		line 8 in file "C:\Program Files (x86)\Microchip\xc8\v1.45\sources\common\lwmod.c"
 Parameters:    Size  Location     Type
  dividend        2    0[COMRAM] unsigned int 
  divisor         2    2[COMRAM] unsigned int 
 Auto vars:     Size  Location     Type
  counter         1    4[COMRAM] unsigned char 
 Return value:  Size  Location     Type
                  2    0[COMRAM] unsigned int 
 Registers used:
		wreg, status,2, status,0
 Tracked objects:
		On entry : 
		On exit  : 
		Unchanged: 
 Data sizes:     COMRAM   BANK0   BANK1   BANK2   BANK3   BANK4   BANK5
      Params:         4       0       0       0       0       0       0
      Locals:         1       0       0       0       0       0       0
      Temps:          0       0       0       0       0       0       0
      Totals:         5       0       0       0       0       0       0
Total ram usage:        5 bytes
 Hardware stack levels used:    1
 This function calls:
		Nothing
 This function is called by:
		_TMR0_ISR
		_segmentCounter
 This function uses a non-reentrant model


 *************** function _PIN_MANAGER_IOC *****************
 Defined at:
		line 96 in file "mcc_generated_files/pin_manager.c"
 Parameters:    Size  Location     Type
		None
 Auto vars:     Size  Location     Type
		None
 Return value:  Size  Location     Type
                  1    wreg      void 
 Registers used:
		None
 Tracked objects:
		On entry : 
		On exit  : 
		Unchanged: 
 Data sizes:     COMRAM   BANK0   BANK1   BANK2   BANK3   BANK4   BANK5
      Params:         0       0       0       0       0       0       0
      Locals:         0       0       0       0       0       0       0
      Temps:          0       0       0       0       0       0       0
      Totals:         0       0       0       0       0       0       0
Total ram usage:        0 bytes
 Hardware stack levels used:    1
 This function calls:
		Nothing
 This function is called by:
		_INTERRUPT_InterruptManager
 This function uses a non-reentrant model


 *************** function _MEMORY_ISR *****************
 Defined at:
		line 206 in file "mcc_generated_files/memory.c"
 Parameters:    Size  Location     Type
		None
 Auto vars:     Size  Location     Type
		None
 Return value:  Size  Location     Type
                  1    wreg      void 
 Registers used:
		None
 Tracked objects:
		On entry : 
		On exit  : 
		Unchanged: 
 Data sizes:     COMRAM   BANK0   BANK1   BANK2   BANK3   BANK4   BANK5
      Params:         0       0       0       0       0       0       0
      Locals:         0       0       0       0       0       0       0
      Temps:          0       0       0       0       0       0       0
      Totals:         0       0       0       0       0       0       0
Total ram usage:        0 bytes
 Hardware stack levels used:    1
 This function calls:
		Nothing
 This function is called by:
		_INTERRUPT_InterruptManager
 This function uses a non-reentrant model


 *************** function _EUSART1_Transmit_ISR *****************
 Defined at:
		line 181 in file "mcc_generated_files/eusart1.c"
 Parameters:    Size  Location     Type
		None
 Auto vars:     Size  Location     Type
		None
 Return value:  Size  Location     Type
                  1    wreg      void 
 Registers used:
		wreg, fsr2l, fsr2h, status,2, status,0, prodl, prodh
 Tracked objects:
		On entry : 
		On exit  : 
		Unchanged: 
 Data sizes:     COMRAM   BANK0   BANK1   BANK2   BANK3   BANK4   BANK5
      Params:         0       0       0       0       0       0       0
      Locals:         0       0       0       0       0       0       0
      Temps:          0       0       0       0       0       0       0
      Totals:         0       0       0       0       0       0       0
Total ram usage:        0 bytes
 Hardware stack levels used:    1
 This function calls:
		Nothing
 This function is called by:
		_INTERRUPT_InterruptManager
 This function uses a non-reentrant model


 *************** function _EUSART1_Receive_ISR *****************
 Defined at:
		line 202 in file "mcc_generated_files/eusart1.c"
 Parameters:    Size  Location     Type
		None
 Auto vars:     Size  Location     Type
		None
 Return value:  Size  Location     Type
                  1    wreg      void 
 Registers used:
		wreg, fsr2l, fsr2h, status,2, status,0, prodl, prodh
 Tracked objects:
		On entry : 
		On exit  : 
		Unchanged: 
 Data sizes:     COMRAM   BANK0   BANK1   BANK2   BANK3   BANK4   BANK5
      Params:         0       0       0       0       0       0       0
      Locals:         0       0       0       0       0       0       0
      Temps:          0       0       0       0       0       0       0
      Totals:         0       0       0       0       0       0       0
Total ram usage:        0 bytes
 Hardware stack levels used:    1
 This function calls:
		Nothing
 This function is called by:
		_INTERRUPT_InterruptManager
 This function uses a non-reentrant model



MODULE INFORMATION

Module		Function		Class		Link	Load	Size
AdcApp.c
		_SetConversionResultFormat		CODE           	38BA	0000	13
		_AdcConvert    		CODE           	12A8	0000	439
		_SetChannelMode		CODE           	34E2	0000	49
		_InitAdcApplicationMgr		CODE           	3892	0000	15
		_SetAdcOperationMode		CODE           	38C6	0000	13

AdcApp.c estimated size: 529

MessageFunctions.c
		_GroupControlMcu		CODE           	320C	0000	61
		_GroupStatusAndVersion		CODE           	2CAC	0000	89
		_GroupDAC      		CODE           	36F4	0000	33
		_GroupAdc      		CODE           	2FA8	0000	73
		_GroupSynthesizers		CODE           	2B98	0000	93
		_GroupFlashMemory		CODE           	3038	0000	69

MessageFunctions.c estimated size: 418

SystemCommon.c
		_ZeroBitsArray 		CODE           	376E	0000	31
		_make8         		CODE           	2BF4	0000	93
		_Make32bitsArray		CODE           	2D04	0000	89
		_ResetMcu      		CODE           	3876	0000	15
		_ZeroArray     		CODE           	3750	0000	31
		_GetIntFromUartData		CODE           	20E8	0000	197
		_crc8          		CODE           	2F5A	0000	79
		_SendSystemStartAck		CODE           	38DE	0000	13
		_ResetCpld     		CODE           	38AE	0000	13

SystemCommon.c estimated size: 561

C:\Program Files (x86)\Microchip\xc8\v1.45\sources\common\ftneg.c
		___ftneg       		CODE           	36AC	0000	37

C:\Program Files (x86)\Microchip\xc8\v1.45\sources\common\ftneg.c estimated size: 37

DacApp.c
		_DacInit       		CODE           	29AA	0000	107
		_DacSetValue   		CODE           	33D8	0000	55

DacApp.c estimated size: 162

SystemStatus.c
		_GetCpldFwVersion		CODE           	25A0	0000	145
		_SetCpldFwVersion		CODE           	3146	0000	67
		_keepAliveSignalUart		CODE           	38D2	0000	13
		_GetMcuRunTime 		CODE           	1D86	0000	229
		_ClearMcuRunTime		CODE           	3832	0000	21
		_SetMcuRunTime 		CODE           	30C0	0000	69
		_GetMcuFwVersion		CODE           	27D2	0000	131
		_SetMcuFwVersion		CODE           	336C	0000	55

SystemStatus.c estimated size: 730

C:\Program Files (x86)\Microchip\xc8\v1.45\sources\common\strtol.c
		_strtol        		CODE           	10D2	0000	471

C:\Program Files (x86)\Microchip\xc8\v1.45\sources\common\strtol.c estimated size: 471

C:\Program Files (x86)\Microchip\xc8\v1.45\sources\common\isalpha.c
		_isalpha       		CODE           	35EC	0000	41

C:\Program Files (x86)\Microchip\xc8\v1.45\sources\common\isalpha.c estimated size: 41

SevenSegmentApp.c
		_InitSevenSegment		CODE           	3660	0000	39

SevenSegmentApp.c estimated size: 39

C:\Program Files (x86)\Microchip\xc8\v1.45\sources\common\ftsub.c
		___ftsub       		CODE           	3188	0000	67

C:\Program Files (x86)\Microchip\xc8\v1.45\sources\common\ftsub.c estimated size: 67

C:\Program Files (x86)\Microchip\xc8\v1.45\sources\common\float.c
		___ftpack      		CODE           	23C6	0000	175

C:\Program Files (x86)\Microchip\xc8\v1.45\sources\common\float.c estimated size: 175

SwSpiApp.c
		_SWSPI_Synth_send_bits		CODE           	2268	0000	177
		_SWSPI_send_word		CODE           	2474	0000	155
		_SwSpi_Set_Synth_Le_Pin		CODE           	32C0	0000	61
		_SwSpi_Data_Pin		CODE           	2E0A	0000	87
		_SwSpi_Set_CE_Pin		CODE           	3284	0000	61
		_SwSpi_Clk_Pin 		CODE           	2E60	0000	87
		_SwSpi_Set_Dac_Sync_Pin		CODE           	378C	0000	29
		_SWSPI_DAC_send_bits		CODE           	2D5C	0000	89

SwSpiApp.c estimated size: 746

C:\Program Files (x86)\Microchip\xc8\v1.45\sources\common\lltoft.c
		___lltoft      		CODE           	2C50	0000	93

C:\Program Files (x86)\Microchip\xc8\v1.45\sources\common\lltoft.c estimated size: 93

mcc_generated_files/interrupt_manager.c
		_INTERRUPT_Initialize		CODE           	390C	0000	5
		_INTERRUPT_InterruptManager		CODE           	0008	0000	213

mcc_generated_files/interrupt_manager.c estimated size: 218

C:\Program Files (x86)\Microchip\xc8\v1.45\sources\common\log.c
		_log           		CODE           	1788	0000	291

C:\Program Files (x86)\Microchip\xc8\v1.45\sources\common\log.c estimated size: 291

C:\Program Files (x86)\Microchip\xc8\v1.45\sources\common\Umul16.c
		___wmul        		CODE           	3686	0000	39

C:\Program Files (x86)\Microchip\xc8\v1.45\sources\common\Umul16.c estimated size: 39

mcc_generated_files/tmr0.c
		_TMR0_SetInterruptHandler		CODE           	38FE	0000	11
		_TMR0_StartTimer		CODE           	3910	0000	5
		_TMR0_ISR      		CODE           	250E	0000	147
		_TMR0_Initialize		CODE           	347A	0000	53

mcc_generated_files/tmr0.c estimated size: 216

SyntApp.c
		_PLLInitialize 		CODE           	0A6C	0000	633
		_PLLUartInitialize		CODE           	391C	0000	3
		_UpdateRxFreq  		CODE           	3104	0000	67
		_UpdateTxFreq  		CODE           	3614	0000	39

SyntApp.c estimated size: 742

C:\Program Files (x86)\Microchip\xc8\v1.45\sources\common\frexp.c
		_ldexp         		CODE           	2022	0000	199
		_frexp         		CODE           	2630	0000	145

C:\Program Files (x86)\Microchip\xc8\v1.45\sources\common\frexp.c estimated size: 344

C:\Program Files (x86)\Microchip\xc8\v1.45\sources\common\ftge.c
		___ftge        		CODE           	26C0	0000	145

C:\Program Files (x86)\Microchip\xc8\v1.45\sources\common\ftge.c estimated size: 145

mcc_generated_files/pin_manager.c
		_PIN_MANAGER_Initialize		CODE           	2FF0	0000	73
		_PIN_MANAGER_IOC		CODE           	3914	0000	5

mcc_generated_files/pin_manager.c estimated size: 78

C:\Program Files (x86)\Microchip\xc8\v1.45\sources\common\isdigit.c
		_isdigit       		CODE           	3714	0000	31

C:\Program Files (x86)\Microchip\xc8\v1.45\sources\common\isdigit.c estimated size: 31

C:\Program Files (x86)\Microchip\xc8\v1.45\sources\common\pow.c
		_pow           		CODE           	160C	0000	381

C:\Program Files (x86)\Microchip\xc8\v1.45\sources\common\pow.c estimated size: 381

C:\Program Files (x86)\Microchip\xc8\v1.45\sources\common\floor.c
		_floor         		CODE           	1E6A	0000	227

C:\Program Files (x86)\Microchip\xc8\v1.45\sources\common\floor.c estimated size: 227

C:\Program Files (x86)\Microchip\xc8\v1.45\sources\common\lwmod.c
		___lwmod       		CODE           	31CA	0000	67

C:\Program Files (x86)\Microchip\xc8\v1.45\sources\common\lwmod.c estimated size: 67

C:\Program Files (x86)\Microchip\xc8\v1.45\sources\common\ftmul.c
		___ftmul       		CODE           	1BA8	0000	247

C:\Program Files (x86)\Microchip\xc8\v1.45\sources\common\ftmul.c estimated size: 247

mcc_generated_files/adc.c
		_ADC_Initialize		CODE           	37F4	0000	23
		_ADC_GetConversion		CODE           	3512	0000	49

mcc_generated_files/adc.c estimated size: 72

C:\Program Files (x86)\Microchip\xc8\v1.45\sources\common\ftdiv.c
		___ftdiv       		CODE           	1C9E	0000	233

C:\Program Files (x86)\Microchip\xc8\v1.45\sources\common\ftdiv.c estimated size: 233

C:\Program Files (x86)\Microchip\xc8\v1.45\sources\common\llmod.c
		___llmod       		CODE           	2A14	0000	103

C:\Program Files (x86)\Microchip\xc8\v1.45\sources\common\llmod.c estimated size: 103

C:\Program Files (x86)\Microchip\xc8\v1.45\sources\common\Umul32.c
		___lmul        		CODE           	2DB4	0000	87

C:\Program Files (x86)\Microchip\xc8\v1.45\sources\common\Umul32.c estimated size: 87

FlashApp.c
		_EepromWrite   		CODE           	3868	0000	15
		_CheckFlashPrecentage		CODE           	2318	0000	175
		_FlashReadCondition		CODE           	18AA	0000	269
		_FlashSampleWrite		CODE           	19B6	0000	251
		_FlashEreaseMem		CODE           	2EB6	0000	83
		_EepromRead    		CODE           	38EA	0000	11
		_FlashReadUart 		CODE           	06AA	0000	963

FlashApp.c estimated size: 1767

shared
		exp@coeff      		SMALLCONST     	0670	0000	31
		_PLL_INIT_REGISTERS		SMALLCONST     	0635	0000	53
		__initialization		CODE           	28CE	0000	101
		log@coeff      		SMALLCONST     	068E	0000	28
		_TEST_PLL_REGISTERS		SMALLCONST     	0601	0000	53
		_channelArr    		SMALLCONST     	0669	0000	8

shared estimated size: 274

mcc_generated_files/eusart1.c
		_EUSART1_Initialize		CODE           	340E	0000	55
		_EUSART1_Read  		CODE           	307C	0000	69
		_EUSART1_Write 		CODE           	3248	0000	61
		_EUSART1_Receive_ISR		CODE           	3542	0000	47
		_EUSART1_Transmit_ISR		CODE           	3334	0000	57

mcc_generated_files/eusart1.c estimated size: 289

mcc_generated_files/mcc.c
		_OSCILLATOR_Initialize		CODE           	3884	0000	15
		_SYSTEM_Initialize		CODE           	37A8	0000	27

mcc_generated_files/mcc.c estimated size: 42

C:\Program Files (x86)\Microchip\xc8\v1.45\sources\common\fttol.c
		___fttol       		CODE           	1AB0	0000	249

C:\Program Files (x86)\Microchip\xc8\v1.45\sources\common\fttol.c estimated size: 249

SystemSettings.c
		_SetMcuSystem  		CODE           	38F4	0000	11
		_InitSystemApplicationManagers		CODE           	37C2	0000	27

SystemSettings.c estimated size: 38

C:\Program Files (x86)\Microchip\xc8\v1.45\sources\common\awtoft.c
		___awtoft      		CODE           	32FC	0000	57

C:\Program Files (x86)\Microchip\xc8\v1.45\sources\common\awtoft.c estimated size: 57

C:\Program Files (x86)\Microchip\xc8\v1.45\sources\common\evalpoly.c
		_eval_poly     		CODE           	1F4C	0000	215

C:\Program Files (x86)\Microchip\xc8\v1.45\sources\common\evalpoly.c estimated size: 215

C:\Program Files (x86)\Microchip\xc8\v1.45\sources\common\isupper.c
		_isupper       		CODE           	3732	0000	31

C:\Program Files (x86)\Microchip\xc8\v1.45\sources\common\isupper.c estimated size: 31

mcc_generated_files/memory.c
		_FLASH_EraseBlock		CODE           	34AE	0000	53
		_FLASH_ReadByte		CODE           	3846	0000	19
		_FLASH_WriteBlock		CODE           	21AC	0000	189
		_DATAEE_WriteByte		CODE           	33A2	0000	55
		_MEMORY_ISR    		CODE           	3918	0000	5
		_FLASH_IsWriteDone		CODE           	38A0	0000	15
		_DATAEE_ReadByte		CODE           	380A	0000	21

mcc_generated_files/memory.c estimated size: 357

C:\Program Files (x86)\Microchip\xc8\v1.45\sources\common\ftadd.c
		___ftadd       		CODE           	145E	0000	431

C:\Program Files (x86)\Microchip\xc8\v1.45\sources\common\ftadd.c estimated size: 431

C:\Program Files (x86)\Microchip\xc8\v1.45\sources\common\abs.c
		_abs           		CODE           	35C4	0000	41

C:\Program Files (x86)\Microchip\xc8\v1.45\sources\common\abs.c estimated size: 41

C:\Program Files (x86)\Microchip\xc8\v1.45\sources\common\toupper.c
		_toupper       		CODE           	381E	0000	21

C:\Program Files (x86)\Microchip\xc8\v1.45\sources\common\toupper.c estimated size: 21

C:\Program Files (x86)\Microchip\xc8\v1.45\sources\common\lldiv.c
		___lldiv       		CODE           	2750	0000	131

C:\Program Files (x86)\Microchip\xc8\v1.45\sources\common\lldiv.c estimated size: 131

LedsApp.c
		_testLeds      		CODE           	2940	0000	107
		_keepAliveSignalLed		CODE           	37DC	0000	25
		_BlinkOkLeds   		CODE           	2ADC	0000	95
		_BlinkErrorLeds		CODE           	2B3A	0000	95

LedsApp.c estimated size: 322

C:\Program Files (x86)\Microchip\xc8\v1.45\sources\common\isspace.c
		_isspace       		CODE           	363A	0000	39

C:\Program Files (x86)\Microchip\xc8\v1.45\sources\common\isspace.c estimated size: 39

main.c
		_main          		CODE           	2A7A	0000	99

main.c estimated size: 99

C:\Program Files (x86)\Microchip\xc8\v1.45\sources\common\lwtoft.c
		___lwtoft      		CODE           	36D0	0000	37

C:\Program Files (x86)\Microchip\xc8\v1.45\sources\common\lwtoft.c estimated size: 37

C:\Program Files (x86)\Microchip\xc8\v1.45\sources\common\exp.c
		_exp           		CODE           	0EE0	0000	499

C:\Program Files (x86)\Microchip\xc8\v1.45\sources\common\exp.c estimated size: 499

EusartApp.c
		_readUartMessage		CODE           	0CE4	0000	509
		_WriteUartMessage		CODE           	3444	0000	55
		_InitRxMessageParams		CODE           	359C	0000	41
		_SendAckMessage		CODE           	2F08	0000	83

EusartApp.c estimated size: 688

C:\Program Files (x86)\Microchip\xc8\v1.45\sources\common\altoft.c
		___altoft      		CODE           	2854	0000	123

C:\Program Files (x86)\Microchip\xc8\v1.45\sources\common\altoft.c estimated size: 123

C:\Program Files (x86)\Microchip\xc8\v1.45\sources\common\memset.c
		_memset        		CODE           	3570	0000	45

C:\Program Files (x86)\Microchip\xc8\v1.45\sources\common\memset.c estimated size: 45

