Microchip MPLAB XC8 Compiler V1.45 ()

Linker command line:

-W-3 --edf=C:\Program Files (x86)\Microchip\xc8\v1.45\dat\en_msgs.txt -cs \
  -h+dist/default/debug\Project_1531.debug.sym \
  --cmf=dist/default/debug\Project_1531.debug.cmf -z -Q18F45K22 \
  -oC:\Users\User\AppData\Local\Temp\s5j8.2 \
  -Mdist/default/debug/Project_1531.debug.map -E1 -ver=XC8 \
  -ASTACK=0246h-05ffh -pstack=STACK -ACODE=00h-07FFFh -ACONST=00h-07FFFh \
  -ASMALLCONST=0600h-06FFhx122 -AMEDIUMCONST=0600h-07FFFh -ACOMRAM=01h-05Fh \
  -AABS1=00h-05FFh -ABIGRAM=01h-05FFh -ARAM=060h-0FFh,0100h-01FFhx5 \
  -ABANK0=060h-0FFh -ABANK1=0100h-01FFh -ABANK2=0200h-02FFh \
  -ABANK3=0300h-03FFh -ABANK4=0400h-04FFh -ABANK5=0500h-05FFh \
  -ASFR=0F38h-0F5Fh,0F60h-0FFCh \
  -preset_vec=00h,intcode=08h,intcodelo,powerup,init -pramtop=0600h \
  -psmallconst=SMALLCONST -pmediumconst=MEDIUMCONST -pconst=CONST \
  -AFARRAM=00h-00h -ACONFIG=0300000h-030000Dh -pconfig=CONFIG \
  -AIDLOC=0200000h-0200007h -pidloc=IDLOC -AEEDATA=0F00000h-0F000FFh \
  -peeprom_data=EEDATA \
  -prdata=COMRAM,nvrram=COMRAM,nvbit=COMRAM,rbss=COMRAM,rbit=COMRAM \
  -pfarbss=FARRAM,fardata=FARRAM,nvFARRAM=FARRAM \
  -pintsave_regs=BIGRAM,bigbss=BIGRAM,bigdata=BIGRAM -pbss=RAM \
  -pidata=CODE,irdata=CODE,ibigdata=CODE,ifardata=CODE -prparam=COMRAM \
  C:\Users\User\AppData\Local\Temp\s5j8.obj \
  dist/default/debug\Project_1531.debug.obj 

Object code version is 3.11

Machine type is 18F45K22

Call graph: (short form)




                Name                               Link     Load   Length Selector   Space Scale
C:\Users\User\AppData\Local\Temp\s5j8.obj
                init                                 DC       DC        4        4       0
                reset_vec                             0        0        6        0       0
                idloc                            200000   200000        8   200000       0
                config                           300000   300000        E   300000       0
dist/default/debug\Project_1531.debug.obj
                intcode                               8        8       D4        4       0
                temp                                 48       48        1        1       1
                smallconst                          600      600       A6      300       0
                text118                            3E94     3E94       2E      353       0
                text117                            3D32     3D32       36      353       0
                text116                            4242     4242        4      353       0
                text115                            424A     424A        2      353       0
                text114                            4018     4018       22      353       0
                text113                            4248     4248        2      353       0
                text112                            3FF6     3FF6       22      353       0
                text111                            41A8     41A8       10      353       0
                text110                            3AB6     3AB6       42      353       0
                text109                            2E22     2E22       AC      353       0
                text107                            3E64     3E64       30      353       0
                text106                            41E2     41E2        E      353       0
                text105                            3DD0     3DD0       34      353       0
                text104                            2C0A     2C0A       BC      353       0
                text103                            2146     2146      100      353       0
                text102                            34A2     34A2       68      353       0
                text101                            2D74     2D74       AE      353       0
                text100                            3FD2     3FD2       24      353       0
                text99                             36EC     36EC       5C      353       0
                text98                             3C58     3C58       38      353       0
                text97                             252A     252A       E8      353       0
                text96                             3FAE     3FAE       24      353       0
                text95                             1940     1940      1AE      353       0
                text94                             3A74     3A74       42      353       0
                text93                             2434     2434       F6      353       0
                text92                             3F64     3F64       26      353       0
                text91                             29A0     29A0       D6      353       0
                text90                             3356     3356       7A      353       0
                text89                             313C     313C       90      353       0
                text88                             2246     2246       F8      353       0
                text87                             30AC     30AC       90      353       0
                text86                             28BE     28BE       E2      353       0
                text85                             2A76     2A76       CE      353       0
                text84                             138E     138E      1F6      353       0
                text83                             1DEA     1DEA      12A      353       0
                text82                             1AEE     1AEE      180      353       0
                text81                              F66      F66      22C      353       0
                text80                             3632     3632       5E      353       0
                text79                             35D4     35D4       5E      353       0
                text78                             2CC6     2CC6       AE      353       0
                text77                             4172     4172       14      353       0
                text76                             415E     415E       14      353       0
                text75                             4224     4224        A      353       0
                text74                             38A4     38A4       56      353       0
                text73                             1F14     1F14      126      353       0
                text72                             384E     384E       56      353       0
                text71                             37F8     37F8       56      353       0
                text70                             37A0     37A0       58      353       0
                text69                             3EC2     3EC2       2C      353       0
                text68                             40D0     40D0       1C      353       0
                text67                             3748     3748       58      353       0
                text66                             2B44     2B44       C6      353       0
                text65                             40B4     40B4       1C      353       0
                text64                             3B72     3B72       3C      353       0
                text63                             3690     3690       5C      353       0
                text62                             2ECE     2ECE       AA      353       0
                text61                             3CFC     3CFC       36      353       0
                text60                             41D4     41D4        E      353       0
                text59                             3C20     3C20       38      353       0
                text58                             27DA     27DA       E4      353       0
                text57                             4234     4234        6      353       0
                text56                             3B36     3B36       3C      353       0
                text55                              A96      A96      276      353       0
                text54                             3AF8     3AF8       3E      353       0
                text53                             423E     423E        4      353       0
                text52                             4134     4134       16      353       0
                text51                             3BAE     3BAE       3A      353       0
                text50                             3CC6     3CC6       36      353       0
                text49                             4096     4096       1E      353       0
                text48                             399E     399E       4E      353       0
                text47                             394C     394C       52      353       0
                text46                             41F0     41F0        C      353       0
                text45                             350A     350A       66      353       0
                text44                             3A30     3A30       44      353       0
                text43                             411E     411E       16      353       0
                text42                             3C90     3C90       36      353       0
                text41                             423A     423A        4      353       0
                text40                             41C6     41C6        E      353       0
                text39                             421A     421A        A      353       0
                text38                             4210     4210        A      353       0
                text37                             3570     3570       64      353       0
                text36                             4206     4206        A      353       0
                text35                             3D9C     3D9C       34      353       0
                text34                             40EC     40EC       1A      353       0
                text33                             41FC     41FC        A      353       0
                text32                             4106     4106       18      353       0
                text31                             39EC     39EC       44      353       0
                text30                             3E34     3E34       30      353       0
                text29                             41B8     41B8        E      353       0
                text28                             33D0     33D0       6A      353       0
                text27                             26F6     26F6       E4      353       0
                text26                             4078     4078       1E      353       0
                text25                             3F16     3F16       28      353       0
                text24                             405A     405A       1E      353       0
                text23                             3F3E     3F3E       26      353       0
                text22                             414A     414A       14      353       0
                text21                             176A     176A      1D6      353       0
                text20                             1C6E     1C6E      17C      353       0
                text19                             2F78     2F78       9E      353       0
                text18                             38FA     38FA       52      353       0
                text17                             203A     203A      10C      353       0
                text16                             4186     4186       12      353       0
                text15                             1584     1584      1E6      353       0
                text14                              6A6      6A6      3F0      353       0
                text13                             3258     3258       82      353       0
                text12                             2612     2612       E4      353       0
                text11                             32DA     32DA       7C      353       0
                text10                              D0C      D0C      25A      353       0
                text9                              233E     233E       F6      353       0
                text8                              31CC     31CC       8C      353       0
                text7                              3E04     3E04       30      353       0
                text6                              3F8A     3F8A       24      353       0
                text5                              403A     403A       20      353       0
                text4                              3BE8     3BE8       38      353       0
                text3                              3D68     3D68       34      353       0
                text2                              3EEE     3EEE       28      353       0
                text1                              1192     1192      1FC      353       0
                text0                              343A     343A       68      353       0
                cstackCOMRAM                          1        1       30        1       1
                cstackBANK0                          60       60       8A       60       1
                cstackBANK1                         1B2      1B2       33      100       1
                bssBANK2                            200      200       46      200       1
                dataBANK1                           1E5      1E5       10      100       1
                bssBANK1                            100      100       B2      100       1
                dataBANK0                            FD       FD        2       60       1
                bssBANK0                             EA       EA       13       60       1
                dataCOMRAM                           3F       3F        6        1       1
                bssCOMRAM                            31       31        E        1       1
                cinit                              3016     3016       96      353       0
                nvBANK1                             1F5      1F5        6      100       1
                nvCOMRAM                             45       45        3        1       1
                idataBANK1                         4198     4198       10      353       0
                idataBANK0                         4246     4246        2      353       0
                idataCOMRAM                        422E     422E        6      353       0

TOTAL           Name                               Link     Load   Length     Space
        CLASS   STACK          

        CLASS   CODE           
                intcode                               8        8       D4         0
                init                                 DC       DC        4         0
                reset_vec                             0        0        6         0
                text118                            3E94     3E94       2E         0
                text117                            3D32     3D32       36         0
                text116                            4242     4242        4         0
                text115                            424A     424A        2         0
                text114                            4018     4018       22         0
                text113                            4248     4248        2         0
                text112                            3FF6     3FF6       22         0
                text111                            41A8     41A8       10         0
                text110                            3AB6     3AB6       42         0
                text109                            2E22     2E22       AC         0
                text107                            3E64     3E64       30         0
                text106                            41E2     41E2        E         0
                text105                            3DD0     3DD0       34         0
                text104                            2C0A     2C0A       BC         0
                text103                            2146     2146      100         0
                text102                            34A2     34A2       68         0
                text101                            2D74     2D74       AE         0
                text100                            3FD2     3FD2       24         0
                text99                             36EC     36EC       5C         0
                text98                             3C58     3C58       38         0
                text97                             252A     252A       E8         0
                text96                             3FAE     3FAE       24         0
                text95                             1940     1940      1AE         0
                text94                             3A74     3A74       42         0
                text93                             2434     2434       F6         0
                text92                             3F64     3F64       26         0
                text91                             29A0     29A0       D6         0
                text90                             3356     3356       7A         0
                text89                             313C     313C       90         0
                text88                             2246     2246       F8         0
                text87                             30AC     30AC       90         0
                text86                             28BE     28BE       E2         0
                text85                             2A76     2A76       CE         0
                text84                             138E     138E      1F6         0
                text83                             1DEA     1DEA      12A         0
                text82                             1AEE     1AEE      180         0
                text81                              F66      F66      22C         0
                text80                             3632     3632       5E         0
                text79                             35D4     35D4       5E         0
                text78                             2CC6     2CC6       AE         0
                text77                             4172     4172       14         0
                text76                             415E     415E       14         0
                text75                             4224     4224        A         0
                text74                             38A4     38A4       56         0
                text73                             1F14     1F14      126         0
                text72                             384E     384E       56         0
                text71                             37F8     37F8       56         0
                text70                             37A0     37A0       58         0
                text69                             3EC2     3EC2       2C         0
                text68                             40D0     40D0       1C         0
                text67                             3748     3748       58         0
                text66                             2B44     2B44       C6         0
                text65                             40B4     40B4       1C         0
                text64                             3B72     3B72       3C         0
                text63                             3690     3690       5C         0
                text62                             2ECE     2ECE       AA         0
                text61                             3CFC     3CFC       36         0
                text60                             41D4     41D4        E         0
                text59                             3C20     3C20       38         0
                text58                             27DA     27DA       E4         0
                text57                             4234     4234        6         0
                text56                             3B36     3B36       3C         0
                text55                              A96      A96      276         0
                text54                             3AF8     3AF8       3E         0
                text53                             423E     423E        4         0
                text52                             4134     4134       16         0
                text51                             3BAE     3BAE       3A         0
                text50                             3CC6     3CC6       36         0
                text49                             4096     4096       1E         0
                text48                             399E     399E       4E         0
                text47                             394C     394C       52         0
                text46                             41F0     41F0        C         0
                text45                             350A     350A       66         0
                text44                             3A30     3A30       44         0
                text43                             411E     411E       16         0
                text42                             3C90     3C90       36         0
                text41                             423A     423A        4         0
                text40                             41C6     41C6        E         0
                text39                             421A     421A        A         0
                text38                             4210     4210        A         0
                text37                             3570     3570       64         0
                text36                             4206     4206        A         0
                text35                             3D9C     3D9C       34         0
                text34                             40EC     40EC       1A         0
                text33                             41FC     41FC        A         0
                text32                             4106     4106       18         0
                text31                             39EC     39EC       44         0
                text30                             3E34     3E34       30         0
                text29                             41B8     41B8        E         0
                text28                             33D0     33D0       6A         0
                text27                             26F6     26F6       E4         0
                text26                             4078     4078       1E         0
                text25                             3F16     3F16       28         0
                text24                             405A     405A       1E         0
                text23                             3F3E     3F3E       26         0
                text22                             414A     414A       14         0
                text21                             176A     176A      1D6         0
                text20                             1C6E     1C6E      17C         0
                text19                             2F78     2F78       9E         0
                text18                             38FA     38FA       52         0
                text17                             203A     203A      10C         0
                text16                             4186     4186       12         0
                text15                             1584     1584      1E6         0
                text14                              6A6      6A6      3F0         0
                text13                             3258     3258       82         0
                text12                             2612     2612       E4         0
                text11                             32DA     32DA       7C         0
                text10                              D0C      D0C      25A         0
                text9                              233E     233E       F6         0
                text8                              31CC     31CC       8C         0
                text7                              3E04     3E04       30         0
                text6                              3F8A     3F8A       24         0
                text5                              403A     403A       20         0
                text4                              3BE8     3BE8       38         0
                text3                              3D68     3D68       34         0
                text2                              3EEE     3EEE       28         0
                text1                              1192     1192      1FC         0
                text0                              343A     343A       68         0
                cinit                              3016     3016       96         0
                idataBANK1                         4198     4198       10         0
                idataBANK0                         4246     4246        2         0
                idataCOMRAM                        422E     422E        6         0

        CLASS   CONST          

        CLASS   SMALLCONST     
                smallconst                          600      600       A6         0

        CLASS   MEDIUMCONST    

        CLASS   COMRAM         
                temp                                 48       48        1         1
                cstackCOMRAM                          1        1       30         1
                dataCOMRAM                           3F       3F        6         1
                bssCOMRAM                            31       31        E         1
                nvCOMRAM                             45       45        3         1

        CLASS   ABS1           

        CLASS   BIGRAM         

        CLASS   RAM            

        CLASS   BANK0          
                cstackBANK0                          60       60       8A         1
                dataBANK0                            FD       FD        2         1
                bssBANK0                             EA       EA       13         1

        CLASS   BANK1          
                cstackBANK1                         1B2      1B2       33         1
                dataBANK1                           1E5      1E5       10         1
                bssBANK1                            100      100       B2         1
                nvBANK1                             1F5      1F5        6         1

        CLASS   BANK2          
                bssBANK2                            200      200       46         1

        CLASS   BANK3          

        CLASS   BANK4          

        CLASS   BANK5          

        CLASS   SFR            

        CLASS   FARRAM         

        CLASS   CONFIG         
                config                           300000   300000        E         0

        CLASS   IDLOC          
                idloc                            200000   200000        8         0

        CLASS   EEDATA         



SEGMENTS        Name                           Load    Length   Top    Selector   Space  Class

                reset_vec                      000000  000006  000006         0       0  CODE    
                cstackCOMRAM                   000001  000048  000049         1       1  COMRAM  
                intcode                        000008  0000D8  0000E0         4       0  CODE    
                cstackBANK0                    000060  00009F  0000FF        60       1  BANK0   
                bssBANK1                       000100  0000FB  0001FB       100       1  BANK1   
                bssBANK2                       000200  000046  000246       200       1  BANK2   
                smallconst                     000600  0000A6  0006A6       300       0  SMALLCON
                text14                         0006A6  003BA6  00424C       353       0  CODE    
                idloc                          200000  000008  200008    200000       0  IDLOC   
                config                         300000  00000E  30000E    300000       0  CONFIG  


UNUSED ADDRESS RANGES

        Name                Unused          Largest block    Delta
        BANK0            0000FF-0000FF                1
        BANK1            0001FB-0001FF                5
        BANK2            000246-0002FF               BA
        BANK3            000300-0003FF              100
        BANK4            000400-0004FF              100
        BANK5            000500-0005FF              100
        BIGRAM           000049-00005F               17
                         0000FF-0000FF                1
                         0001FB-0001FF                5
                         000246-0005FF              3BA
        CODE             000006-000007                2
                         0000E0-0005FF              520
                         00424C-007FFF             3DB4
        COMRAM           000049-00005F               17
        CONST            000006-000007                2
                         0000E0-0005FF              520
                         00424C-007FFF             3DB4
        EEDATA           F00000-F000FF              100
        MEDIUMCONST      00424C-007FFF             3DB4
        RAM              0000FF-0000FF                1
                         0001FB-0001FF                5
                         000246-0005FF              100
        SFR              000F38-000FFC               28
        SMALLCONST       00424C-007FFF              100
        STACK            000246-0005FF              3BA

                                  Symbol Table

?_ADC_GetConversion                        cstackCOMRAM 000018
?_GetIntFromUartData                       cstackBANK0  000066
?_GetUint16FromBitArray                    cstackCOMRAM 000018
?_ReadIntFromEeprom                        cstackBANK0  0000B1
?___altoft                                 cstackBANK0  000087
?___awtoft                                 cstackCOMRAM 000020
?___ftadd                                  cstackBANK0  000078
?___ftdiv                                  cstackCOMRAM 000029
?___ftmul                                  cstackBANK0  000069
?___ftneg                                  cstackCOMRAM 000018
?___ftpack                                 cstackCOMRAM 000018
?___ftsub                                  cstackBANK0  000084
?___fttol                                  cstackBANK0  000078
?___lldiv                                  cstackCOMRAM 000018
?___llmod                                  cstackCOMRAM 000018
?___lltoft                                 cstackCOMRAM 000020
?___lmul                                   cstackCOMRAM 00001A
?___lwmod                                  cstackCOMRAM 000001
?___lwtoft                                 cstackCOMRAM 000020
?___wmul                                   cstackCOMRAM 000018
?_eval_poly                                cstackBANK0  000084
?_exp                                      cstackBANK0  000097
?_floor                                    cstackBANK0  00008F
?_frexp                                    cstackCOMRAM 000018
?_ldexp                                    cstackBANK0  00008E
?_log                                      cstackBANK0  00008E
?_pow                                      cstackBANK0  0000A0
?_strtol                                   cstackCOMRAM 000026
ADC_GetConversion@channel                  cstackCOMRAM 00001C
AdcConvert@_adcResult                      cstackBANK0  0000B3
AdcConvert@_adcResult_348                  cstackBANK0  0000B5
AdcConvert@adcRes                          cstackBANK0  0000BE
AdcConvert@idx                             cstackBANK0  0000C0
AdcConvert@ldRxSate                        cstackBANK0  0000B7
AdcConvert@ldTxSate                        cstackBANK0  0000B9
BlinkErrorLeds@idx                         cstackCOMRAM 00001C
BlinkErrorLeds@state                       cstackCOMRAM 00001B
BlinkOkLeds@idx                            cstackCOMRAM 00001C
BlinkOkLeds@state                          cstackCOMRAM 00001B
CheckFlashPrecentage@precentage            cstackBANK0  00007C
DATAEE_ReadByte@bAdd                       cstackCOMRAM 000018
DATAEE_WriteByte@GIEBitValue               cstackCOMRAM 00001A
DATAEE_WriteByte@bAdd                      cstackCOMRAM 000019
DATAEE_WriteByte@bData                     cstackCOMRAM 000018
DacInit@dacInput                           cstackBANK0  0000CA
DacInit@idx                                cstackBANK0  0000CC
DacReadValue@TxMsg                         cstackBANK0  0000D1
DacReadValue@byteIdx                       cstackBANK0  0000D8
DacReadValue@byteNum                       cstackBANK0  0000CD
DacReadValue@dacIndex                      cstackBANK0  0000D0
DacReadValue@data                          cstackBANK0  0000C8
DacReadValue@readVal                       cstackBANK0  0000CE
DacReadValue@regNum                        cstackBANK0  0000CC
DacSetValue@dacIndex                       cstackBANK0  000090
DacSetValue@data                           cstackBANK0  00008A
DacSetValue@retVal                         cstackBANK0  000091
EUSART1_Read@readValue                     cstackCOMRAM 000019
EUSART1_Write@txData                       cstackCOMRAM 000018
EepromRead@address                         cstackCOMRAM 000019
EepromWrite@address                        cstackCOMRAM 00001C
EepromWrite@data                           cstackCOMRAM 00001B
FLASH_EraseBlock@GIEBitValue               cstackCOMRAM 00001C
FLASH_EraseBlock@baseAddr                  cstackCOMRAM 000018
FLASH_ReadByte@flashAddr                   cstackCOMRAM 000018
FLASH_WriteBlock@GIEBitValue               cstackCOMRAM 00002B
FLASH_WriteBlock@blockStartAddr            cstackCOMRAM 000027
FLASH_WriteBlock@flashWrBufPtr             cstackCOMRAM 000021
FLASH_WriteBlock@i                         cstackCOMRAM 00002C
FLASH_WriteBlock@writeAddr                 cstackCOMRAM 00001D
FillArray@array                            cstackCOMRAM 000020
FillArray@size                             cstackCOMRAM 000022
FillArray@value                            cstackCOMRAM 000024
FlashReadCondition@TxMsg                   cstackCOMRAM 000028
FlashReadUart@TxMsg                        cstackBANK0  00008F
FlashReadUart@data                         cstackBANK0  000087
FlashReadUart@idx                          cstackBANK0  0000E4
FlashReadUart@j                            cstackBANK0  0000E0
FlashReadUart@numOfSampleToRead            cstackBANK0  0000E2
FlashReadUart@val                          cstackBANK0  0000D4
FlashSampleWrite@channelNum                cstackCOMRAM 00002F
FlashSampleWrite@rotateLeft                cstackBANK0  000062
FlashSampleWrite@sampleData                cstackCOMRAM 00002D
GetIntFromUartData@data                    cstackBANK0  000066
GetIntFromUartData@dataRegArr              cstackBANK0  000070
GetIntFromUartData@idxCon                  cstackBANK0  000084
GetIntFromUartData@idxData                 cstackBANK0  000086
GetIntFromUartData@num                     cstackBANK0  00007A
GetIntFromUartData@recVal                  cstackBANK0  00007B
GetIntFromUartData@retVal                  cstackBANK0  00007C
GetMcuFwVersion@TxMsg                      cstackBANK0  000064
GetMcuFwVersion@compileData                cstackBANK0  000060
GetMcuRunTime@TxMsg                        cstackBANK0  000060
GetMcuRunTime@idx                          cstackBANK0  00006D
GetMcuRunTime@tempRunTime                  cstackBANK0  000069
GetUint16FromBitArray@bitarray             cstackCOMRAM 000018
GetUint16FromBitArray@i                    cstackCOMRAM 000021
GetUint16FromBitArray@numOfBits            cstackCOMRAM 00001A
GetUint16FromBitArray@res                  cstackCOMRAM 00001F
GroupAdc@data                              cstackBANK0  0000E6
GroupAdc@request                           cstackBANK0  0000E8
GroupControlMcu@request                    cstackBANK0  0000E9
GroupDAC@data                              cstackBANK0  0000E6
GroupDAC@request                           cstackBANK0  0000E8
GroupFlashMemory@data                      cstackBANK0  0000E6
GroupFlashMemory@request                   cstackBANK0  0000E8
GroupStatusAndVersion@request              cstackBANK0  0000E9
GroupSynthesizers@data                     cstackBANK0  0000E6
GroupSynthesizers@request                  cstackBANK0  0000E8
IOCB4_SetInterruptHandler@InterruptHandler cstackCOMRAM 000018
IOCB5_SetInterruptHandler@InterruptHandler cstackCOMRAM 000018
InitSynth@EepromVal                        cstackBANK0  0000C8
InitSynth@cType                            cstackBANK0  0000CC
InitSynth@idx                              cstackBANK0  0000CD
InitSynth@regNum                           cstackBANK0  0000CE
Make32bitsArray@array                      cstackCOMRAM 000018
Make32bitsArray@data                       cstackCOMRAM 00001A
Make32bitsArray@idx                        cstackCOMRAM 000020
ReadIntFromEeprom@address                  cstackBANK0  0000C2
ReadIntFromEeprom@base                     cstackBANK0  0000B8
ReadIntFromEeprom@idx                      cstackBANK0  0000C7
ReadIntFromEeprom@numOfByes                cstackBANK0  0000B1
ReadIntFromEeprom@retVal                   cstackBANK0  0000C3
SWSPI_DAC_send_bits@count                  cstackCOMRAM 00001B
SWSPI_DAC_send_bits@data                   cstackCOMRAM 00001A
SWSPI_DAC_send_bits@phrType                cstackCOMRAM 00001C
SWSPI_Synth_send_bits@bitArray             cstackBANK0  000060
SWSPI_Synth_send_bits@count                cstackBANK0  000084
SWSPI_Synth_send_bits@data                 cstackCOMRAM 000025
SWSPI_Synth_send_bits@mask                 cstackBANK0  000080
SWSPI_Synth_send_bits@phrType              cstackBANK0  000085
SWSPI_send_word@data                       cstackCOMRAM 000029
SWSPI_send_word@dataSize                   cstackCOMRAM 00002D
SWSPI_send_word@datac                      cstackBANK0  000086
SWSPI_send_word@idx                        cstackBANK0  000087
SWSPI_send_word@phrType                    cstackBANK0  000089
SendAckMessage@TxMsg                       cstackCOMRAM 000026
SendAckMessage@inGroup                     cstackCOMRAM 000025
SendAckMessage@inRequest                   cstackCOMRAM 000024
SetChannelMode@data                        cstackCOMRAM 00002C
SetSynthOper@cType                         cstackBANK0  0000CF
StoreIntInEeprom@address                   cstackCOMRAM 000025
StoreIntInEeprom@data                      cstackCOMRAM 000021
StoreIntInEeprom@idx                       cstackCOMRAM 000029
StoreIntInEeprom@numOfByes                 cstackCOMRAM 000026
StoreIntInEeprom@val                       cstackCOMRAM 000028
SwSpi_Clk_Pin@cPinMode                     cstackCOMRAM 000018
SwSpi_Clk_Pin@phrType                      cstackCOMRAM 000019
SwSpi_Data_Pin@cPinMode                    cstackCOMRAM 000018
SwSpi_Data_Pin@phrType                     cstackCOMRAM 000019
SwSpi_Set_CE_Pin@cPinMode                  cstackCOMRAM 000018
SwSpi_Set_CE_Pin@phrType                   cstackCOMRAM 000019
SwSpi_Set_Dac_Sync_Pin@cPinMode            cstackCOMRAM 000018
SwSpi_Set_Synth_Le_Pin@cPinMode            cstackCOMRAM 000018
SwSpi_Set_Synth_Le_Pin@phrType             cstackCOMRAM 000019
SynthReadData@TxMsg                        cstackBANK1  0001B2
SynthReadData@byteNum                      cstackBANK1  0001DD
SynthReadData@cType                        cstackBANK1  0001DB
SynthReadData@data                         cstackBANK0  0000C8
SynthReadData@data_980                     cstackBANK1  0001C8
SynthReadData@eepromDataArray              cstackBANK1  0001CB
SynthReadData@regNum                       cstackBANK1  0001DC
TMR0_ISR@CountCallBack                     bssCOMRAM    000035
TMR0_SetInterruptHandler@InterruptHandler  cstackCOMRAM 000018
UpdateSynthFreq@cType                      cstackBANK0  00008C
UpdateSynthFreq@data                       cstackBANK0  00008A
UpdateSynthFreq@retVal                     cstackBANK0  00008D
WriteUartMessage@dataBuf                   cstackCOMRAM 000019
WriteUartMessage@dataSize                  cstackCOMRAM 00001B
WriteUartMessage@idx                       cstackCOMRAM 00001E
ZeroArray@array                            cstackCOMRAM 000020
ZeroArray@size                             cstackCOMRAM 000022
_ADCON0                                    (abs)        000FC2
_ADCON0bits                                (abs)        000FC2
_ADCON1                                    (abs)        000FC1
_ADCON2                                    (abs)        000FC0
_ADC_GetConversion                         text107      003E64
_ADC_Initialize                            text43       00411E
_ADRESH                                    (abs)        000FC4
_ADRESL                                    (abs)        000FC3
_ANSELA                                    (abs)        000F38
_ANSELB                                    (abs)        000F39
_ANSELC                                    (abs)        000F3A
_ANSELD                                    (abs)        000F3B
_ANSELE                                    (abs)        000F3C
_AdcConvert                                text81       000F66
_AdcConvert$3584                           cstackBANK0  0000BB
_BAUDCON1                                  (abs)        000FB8
_BlinkErrorLeds                            text80       003632
_BlinkOkLeds                               text79       0035D4
_CheckFlashPrecentage                      text78       002CC6
_ClearMcuRunTime                           text77       004172
_DAC_ADDRES                                smallconst   000653
_DAC_DEFAULT_INIT_VALUES                   smallconst   00064B
_DATAEE_ReadByte                           text76       00415E
_DATAEE_WriteByte                          text61       003CFC
_DacInit                                   text58       0027DA
_DacReadValue                              text27       0026F6
_DacSetValue                               text19       002F78
_EEADR                                     (abs)        000FA9
_EECON1bits                                (abs)        000FA6
_EECON2                                    (abs)        000FA7
_EEDATA                                    (abs)        000FA8
_EUSART1_Initialize                        text42       003C90
_EUSART1_Read                              text31       0039EC
_EUSART1_Receive_ISR                       text118      003E94
_EUSART1_Transmit_ISR                      text117      003D32
_EUSART1_Write                             text51       003BAE
_EepromRead                                text75       004224
_EepromWrite                               text60       0041D4
_FLASH_EraseBlock                          text105      003DD0
_FLASH_IsWriteDone                         text106      0041E2
_FLASH_ReadByte                            text16       004186
_FLASH_WriteBlock                          text104      002C0A
_FillArray                                 text68       0040D0
_FlashEreaseMem                            text18       0038FA
_FlashReadCondition                        text17       00203A
_FlashReadUart                             text15       001584
_FlashReadUart$605                         cstackBANK0  0000DC
_FlashSampleWrite                          text103      002146
_GetIntFromUartData                        text20       001C6E
_GetMcuFwVersion                           text14       0006A6
_GetMcuFwVersion$2686                      cstackBANK0  000076
_GetMcuFwVersion$2690                      cstackBANK0  000078
_GetMcuRunTime                             text12       002612
_GetUint16FromBitArray                     text102      0034A2
_GroupAdc                                  text5        00403A
_GroupControlMcu                           text7        003E04
_GroupDAC                                  text3        003D68
_GroupFlashMemory                          text4        003BE8
_GroupStatusAndVersion                     text6        003F8A
_GroupSynthesizers                         text8        0031CC
_INTCON2bits                               (abs)        000FF1
_INTCONbits                                (abs)        000FF2
_INTERRUPT_Initialize                      text41       00423A
_INTERRUPT_InterruptManager                intcode      000008
_IOCB4_DefaultInterruptHandler             text115      00424A
_IOCB4_ISR                                 text114      004018
_IOCB4_InterruptHandler                    nvBANK1      0001F9
_IOCB4_SetInterruptHandler                 text39       00421A
_IOCB5_DefaultInterruptHandler             text113      004248
_IOCB5_ISR                                 text112      003FF6
_IOCB5_InterruptHandler                    nvBANK1      0001F7
_IOCB5_SetInterruptHandler                 text38       004210
_IOCBbits                                  (abs)        000F62
_InitAdcApplicationMgr                     text57       004234
_InitRxMessageParams                       text2        003EEE
_InitSynth                                 text55       000A96
_InitSystemApplicationManagers             text52       004134
_LATA                                      (abs)        000F89
_LATAbits                                  (abs)        000F89
_LATB                                      (abs)        000F8A
_LATBbits                                  (abs)        000F8A
_LATC                                      (abs)        000F8B
_LATCbits                                  (abs)        000F8B
_LATD                                      (abs)        000F8C
_LATDbits                                  (abs)        000F8C
_LATE                                      (abs)        000F8D
_MEMORY_ISR                                text116      004242
_Make32bitsArray                           text67       003748
_OSCCON                                    (abs)        000FD3
_OSCCON2                                   (abs)        000FD2
_OSCILLATOR_Initialize                     text40       0041C6
_OSCTUNE                                   (abs)        000F9B
_PIE1bits                                  (abs)        000F9D
_PIE2bits                                  (abs)        000FA0
_PIN_MANAGER_IOC                           text111      0041A8
_PIN_MANAGER_Initialize                    text37       003570
_PIR1bits                                  (abs)        000F9E
_PIR2bits                                  (abs)        000FA1
_PLLInitialize                             text54       003AF8
_PORTDbits                                 (abs)        000F83
_RCONbits                                  (abs)        000FD0
_RCREG1                                    (abs)        000FAE
_RCSTA1                                    (abs)        000FAB
_RCSTA1bits                                (abs)        000FAB
_ReadIntFromEeprom                         text73       001F14
_ReadIntFromEeprom$3585                    cstackBANK0  0000BC
_ReadIntFromEeprom$3586                    cstackBANK0  0000BF
_ResetMcu                                  text29       0041B8
_SPBRG1                                    (abs)        000FAF
_SPBRGH1                                   (abs)        000FB0
_SWSPI_DAC_send_bits                       text70       0037A0
_SWSPI_Synth_send_bits                     text66       002B44
_SWSPI_send_word                           text62       002ECE
_SYNTH_ADDRES                              smallconst   000635
_SYNTH_REGS                                smallconst   000601
_SYSTEM_Initialize                         text34       0040EC
_SendAckMessage                            text47       00394C
_SendSystemStartAck                        text46       0041F0
_SetChannelMode                            text30       003E34
_SetMcuRunTime                             text44       003A30
_SetMcuSystem                              text33       0041FC
_SetSynthOper                              text11       0032DA
_StoreIntInEeprom                          text59       003C20
_SwSpi_Clk_Pin                             text72       00384E
_SwSpi_Data_Pin                            text71       0037F8
_SwSpi_Set_CE_Pin                          text56       003B36
_SwSpi_Set_Dac_Sync_Pin                    text65       0040B4
_SwSpi_Set_Synth_Le_Pin                    text64       003B72
_SynthReadData                             text10       000D0C
_SynthReadData$981                         cstackBANK1  0001C9
_SynthRxOper                               dataCOMRAM   000043
_SynthTxOper                               dataCOMRAM   000044
_T0CON                                     (abs)        000FD5
_T0CONbits                                 (abs)        000FD5
_TABLAT                                    (abs)        000FF5
_TBLPTRH                                   (abs)        000FF7
_TBLPTRL                                   (abs)        000FF6
_TBLPTRU                                   (abs)        000FF8
_TMR0H                                     (abs)        000FD7
_TMR0L                                     (abs)        000FD6
_TMR0_DefaultInterruptHandler              (abs)        000000
_TMR0_ISR                                  text109      002E22
_TMR0_Initialize                           text35       003D9C
_TMR0_InterruptHandler                     nvBANK1      0001F5
_TMR0_SetInterruptHandler                  text36       004206
_TMR0_StartTimer                           text53       00423E
_TRISA                                     (abs)        000F92
_TRISB                                     (abs)        000F93
_TRISC                                     (abs)        000F94
_TRISD                                     (abs)        000F95
_TRISE                                     (abs)        000F96
_TXREG1                                    (abs)        000FAD
_TXSTA1                                    (abs)        000FAC
_Timer0_KeepAlive                          bssBANK0     0000FA
_Timer0_OneSec                             bssBANK0     0000F9
_Timer0_Sampling                           bssBANK0     0000FB
_Timer0_SynthLd                            bssBANK0     0000FC
_UpdateSynthFreq                           text9        00233E
_WPUB                                      (abs)        000F61
_WriteUartMessage                          text50       003CC6
_ZeroArray                                 text49       004096
__CFG_BOREN$OFF                            (abs)        000000
__CFG_BORV$190                             (abs)        000000
__CFG_CCP2MX$PORTC1                        (abs)        000000
__CFG_CCP3MX$PORTB5                        (abs)        000000
__CFG_CP0$OFF                              (abs)        000000
__CFG_CP1$OFF                              (abs)        000000
__CFG_CP2$OFF                              (abs)        000000
__CFG_CP3$OFF                              (abs)        000000
__CFG_CPB$OFF                              (abs)        000000
__CFG_CPD$OFF                              (abs)        000000
__CFG_DEBUG$OFF                            (abs)        000000
__CFG_EBTR0$OFF                            (abs)        000000
__CFG_EBTR1$OFF                            (abs)        000000
__CFG_EBTR2$OFF                            (abs)        000000
__CFG_EBTR3$OFF                            (abs)        000000
__CFG_EBTRB$OFF                            (abs)        000000
__CFG_FCMEN$OFF                            (abs)        000000
__CFG_FOSC$INTIO67                         (abs)        000000
__CFG_HFOFST$ON                            (abs)        000000
__CFG_IESO$OFF                             (abs)        000000
__CFG_LVP$OFF                              (abs)        000000
__CFG_MCLRE$EXTMCLR                        (abs)        000000
__CFG_P2BMX$PORTD2                         (abs)        000000
__CFG_PBADEN$ON                            (abs)        000000
__CFG_PLLCFG$OFF                           (abs)        000000
__CFG_PRICLKEN$ON                          (abs)        000000
__CFG_PWRTEN$ON                            (abs)        000000
__CFG_STVREN$OFF                           (abs)        000000
__CFG_T3CMX$PORTC0                         (abs)        000000
__CFG_WDTEN$OFF                            (abs)        000000
__CFG_WDTPS$16384                          (abs)        000000
__CFG_WRT0$OFF                             (abs)        000000
__CFG_WRT1$OFF                             (abs)        000000
__CFG_WRT2$OFF                             (abs)        000000
__CFG_WRT3$OFF                             (abs)        000000
__CFG_WRTB$OFF                             (abs)        000000
__CFG_WRTC$OFF                             (abs)        000000
__CFG_WRTD$OFF                             (abs)        000000
__CFG_XINST$OFF                            (abs)        000000
__HRAM                                     (abs)        000000
__Habs1                                    abs1         000000
__Hbank0                                   bank0        000000
__Hbank1                                   bank1        000000
__Hbank2                                   bank2        000000
__Hbank3                                   bank3        000000
__Hbank4                                   bank4        000000
__Hbank5                                   bank5        000000
__Hbigbss                                  bigbss       000000
__Hbigdata                                 bigdata      000000
__Hbigram                                  bigram       000000
__Hbss                                     bss          000000
__HbssBANK0                                bssBANK0     000000
__HbssBANK1                                bssBANK1     000000
__HbssBANK2                                bssBANK2     000000
__HbssCOMRAM                               bssCOMRAM    000000
__Hcinit                                   cinit        000000
__Hclrtext                                 clrtext      000000
__Hcomram                                  comram       000000
__Hconfig                                  config       30000E
__Hconst                                   const        000000
__HcstackBANK0                             cstackBANK0  000000
__HcstackBANK1                             cstackBANK1  000000
__HcstackCOMRAM                            cstackCOMRAM 000000
__Hdata                                    data         000000
__HdataBANK0                               dataBANK0    000000
__HdataBANK1                               dataBANK1    000000
__HdataCOMRAM                              dataCOMRAM   000000
__Heeprom_data                             eeprom_data  000000
__Hfarbss                                  farbss       000000
__Hfardata                                 fardata      000000
__Hibigdata                                ibigdata     000000
__Hidata                                   idata        000000
__HidataBANK0                              idataBANK0   000000
__HidataBANK1                              idataBANK1   000000
__HidataCOMRAM                             idataCOMRAM  000000
__Hidloc                                   idloc        200008
__Hifardata                                ifardata     000000
__Hinit                                    init         0000E0
__Hintcode                                 intcode      0000DC
__Hintcode_body                            intcode_body 000000
__Hintcodelo                               intcodelo    0000DC
__Hintentry                                intentry     000000
__Hintret                                  intret       000000
__Hintsave_regs                            intsave_regs 000000
__Hirdata                                  irdata       000000
__Hmediumconst                             mediumconst  000000
__HnvBANK1                                 nvBANK1      000000
__HnvCOMRAM                                nvCOMRAM     000000
__HnvFARRAM                                nvFARRAM     000000
__Hnvbit                                   nvbit        000000
__Hnvrram                                  nvrram       000000
__Hparam                                   rparam       000000
__Hpowerup                                 powerup      0000DC
__Hram                                     ram          000000
__Hramtop                                  ramtop       000600
__Hrbit                                    rbit         000000
__Hrbss                                    rbss         000000
__Hrdata                                   rdata        000000
__Hreset_vec                               reset_vec    000006
__Hrparam                                  rparam       000000
__Hsfr                                     sfr          000000
__Hsmallconst                              smallconst   0006A6
__Hspace_0                                 (abs)        30000E
__Hspace_1                                 (abs)        000246
__Hspace_2                                 (abs)        000000
__Hstack                                   stack        000000
__Hstruct                                  struct       000000
__Htemp                                    temp         000049
__Htext                                    text         000000
__Htext0                                   text0        000000
__Htext1                                   text1        000000
__Htext10                                  text10       000000
__Htext100                                 text100      000000
__Htext101                                 text101      000000
__Htext102                                 text102      000000
__Htext103                                 text103      000000
__Htext104                                 text104      000000
__Htext105                                 text105      000000
__Htext106                                 text106      000000
__Htext107                                 text107      000000
__Htext109                                 text109      000000
__Htext11                                  text11       000000
__Htext110                                 text110      000000
__Htext111                                 text111      000000
__Htext112                                 text112      000000
__Htext113                                 text113      000000
__Htext114                                 text114      000000
__Htext115                                 text115      000000
__Htext116                                 text116      000000
__Htext117                                 text117      000000
__Htext118                                 text118      000000
__Htext119                                 text119      000000
__Htext12                                  text12       000000
__Htext13                                  text13       000000
__Htext14                                  text14       000000
__Htext15                                  text15       000000
__Htext16                                  text16       000000
__Htext17                                  text17       000000
__Htext18                                  text18       000000
__Htext19                                  text19       000000
__Htext2                                   text2        000000
__Htext20                                  text20       000000
__Htext21                                  text21       000000
__Htext22                                  text22       000000
__Htext23                                  text23       000000
__Htext24                                  text24       000000
__Htext25                                  text25       000000
__Htext26                                  text26       000000
__Htext27                                  text27       000000
__Htext28                                  text28       000000
__Htext29                                  text29       000000
__Htext3                                   text3        000000
__Htext30                                  text30       000000
__Htext31                                  text31       000000
__Htext32                                  text32       000000
__Htext33                                  text33       000000
__Htext34                                  text34       000000
__Htext35                                  text35       000000
__Htext36                                  text36       000000
__Htext37                                  text37       000000
__Htext38                                  text38       000000
__Htext39                                  text39       000000
__Htext4                                   text4        000000
__Htext40                                  text40       000000
__Htext41                                  text41       000000
__Htext42                                  text42       000000
__Htext43                                  text43       000000
__Htext44                                  text44       000000
__Htext45                                  text45       000000
__Htext46                                  text46       000000
__Htext47                                  text47       000000
__Htext48                                  text48       000000
__Htext49                                  text49       000000
__Htext5                                   text5        000000
__Htext50                                  text50       000000
__Htext51                                  text51       000000
__Htext52                                  text52       000000
__Htext53                                  text53       000000
__Htext54                                  text54       000000
__Htext55                                  text55       000000
__Htext56                                  text56       000000
__Htext57                                  text57       000000
__Htext58                                  text58       000000
__Htext59                                  text59       000000
__Htext6                                   text6        000000
__Htext60                                  text60       000000
__Htext61                                  text61       000000
__Htext62                                  text62       000000
__Htext63                                  text63       000000
__Htext64                                  text64       000000
__Htext65                                  text65       000000
__Htext66                                  text66       000000
__Htext67                                  text67       000000
__Htext68                                  text68       000000
__Htext69                                  text69       000000
__Htext7                                   text7        000000
__Htext70                                  text70       000000
__Htext71                                  text71       000000
__Htext72                                  text72       000000
__Htext73                                  text73       000000
__Htext74                                  text74       000000
__Htext75                                  text75       000000
__Htext76                                  text76       000000
__Htext77                                  text77       000000
__Htext78                                  text78       000000
__Htext79                                  text79       000000
__Htext8                                   text8        000000
__Htext80                                  text80       000000
__Htext81                                  text81       000000
__Htext82                                  text82       000000
__Htext83                                  text83       000000
__Htext84                                  text84       000000
__Htext85                                  text85       000000
__Htext86                                  text86       000000
__Htext87                                  text87       000000
__Htext88                                  text88       000000
__Htext89                                  text89       000000
__Htext9                                   text9        000000
__Htext90                                  text90       000000
__Htext91                                  text91       000000
__Htext92                                  text92       000000
__Htext93                                  text93       000000
__Htext94                                  text94       000000
__Htext95                                  text95       000000
__Htext96                                  text96       000000
__Htext97                                  text97       000000
__Htext98                                  text98       000000
__Htext99                                  text99       000000
__LRAM                                     (abs)        000001
__Labs1                                    abs1         000000
__Lbank0                                   bank0        000000
__Lbank1                                   bank1        000000
__Lbank2                                   bank2        000000
__Lbank3                                   bank3        000000
__Lbank4                                   bank4        000000
__Lbank5                                   bank5        000000
__Lbigbss                                  bigbss       000000
__Lbigdata                                 bigdata      000000
__Lbigram                                  bigram       000000
__Lbss                                     bss          000000
__LbssBANK0                                bssBANK0     000000
__LbssBANK1                                bssBANK1     000000
__LbssBANK2                                bssBANK2     000000
__LbssCOMRAM                               bssCOMRAM    000000
__Lcinit                                   cinit        000000
__Lclrtext                                 clrtext      000000
__Lcomram                                  comram       000000
__Lconfig                                  config       300000
__Lconst                                   const        000000
__LcstackBANK0                             cstackBANK0  000000
__LcstackBANK1                             cstackBANK1  000000
__LcstackCOMRAM                            cstackCOMRAM 000000
__Ldata                                    data         000000
__LdataBANK0                               dataBANK0    000000
__LdataBANK1                               dataBANK1    000000
__LdataCOMRAM                              dataCOMRAM   000000
__Leeprom_data                             eeprom_data  000000
__Lfarbss                                  farbss       000000
__Lfardata                                 fardata      000000
__Libigdata                                ibigdata     000000
__Lidata                                   idata        000000
__LidataBANK0                              idataBANK0   000000
__LidataBANK1                              idataBANK1   000000
__LidataCOMRAM                             idataCOMRAM  000000
__Lidloc                                   idloc        200000
__Lifardata                                ifardata     000000
__Linit                                    init         0000DC
__Lintcode                                 intcode      000008
__Lintcode_body                            intcode_body 000000
__Lintcodelo                               intcodelo    0000DC
__Lintentry                                intentry     000000
__Lintret                                  intret       000000
__Lintsave_regs                            intsave_regs 000000
__Lirdata                                  irdata       000000
__Lmediumconst                             mediumconst  000000
__LnvBANK1                                 nvBANK1      000000
__LnvCOMRAM                                nvCOMRAM     000000
__LnvFARRAM                                nvFARRAM     000000
__Lnvbit                                   nvbit        000000
__Lnvrram                                  nvrram       000000
__Lparam                                   rparam       000000
__Lpowerup                                 powerup      0000DC
__Lram                                     ram          000000
__Lramtop                                  ramtop       000600
__Lrbit                                    rbit         000000
__Lrbss                                    rbss         000000
__Lrdata                                   rdata        000000
__Lreset_vec                               reset_vec    000000
__Lrparam                                  rparam       000000
__Lsfr                                     sfr          000000
__Lsmallconst                              smallconst   000600
__Lspace_0                                 (abs)        000000
__Lspace_1                                 (abs)        000000
__Lspace_2                                 (abs)        000000
__Lstack                                   stack        000000
__Lstruct                                  struct       000000
__Ltemp                                    temp         000048
__Ltext                                    text         000000
__Ltext0                                   text0        000000
__Ltext1                                   text1        000000
__Ltext10                                  text10       000000
__Ltext100                                 text100      000000
__Ltext101                                 text101      000000
__Ltext102                                 text102      000000
__Ltext103                                 text103      000000
__Ltext104                                 text104      000000
__Ltext105                                 text105      000000
__Ltext106                                 text106      000000
__Ltext107                                 text107      000000
__Ltext109                                 text109      000000
__Ltext11                                  text11       000000
__Ltext110                                 text110      000000
__Ltext111                                 text111      000000
__Ltext112                                 text112      000000
__Ltext113                                 text113      000000
__Ltext114                                 text114      000000
__Ltext115                                 text115      000000
__Ltext116                                 text116      000000
__Ltext117                                 text117      000000
__Ltext118                                 text118      000000
__Ltext119                                 text119      000000
__Ltext12                                  text12       000000
__Ltext13                                  text13       000000
__Ltext14                                  text14       000000
__Ltext15                                  text15       000000
__Ltext16                                  text16       000000
__Ltext17                                  text17       000000
__Ltext18                                  text18       000000
__Ltext19                                  text19       000000
__Ltext2                                   text2        000000
__Ltext20                                  text20       000000
__Ltext21                                  text21       000000
__Ltext22                                  text22       000000
__Ltext23                                  text23       000000
__Ltext24                                  text24       000000
__Ltext25                                  text25       000000
__Ltext26                                  text26       000000
__Ltext27                                  text27       000000
__Ltext28                                  text28       000000
__Ltext29                                  text29       000000
__Ltext3                                   text3        000000
__Ltext30                                  text30       000000
__Ltext31                                  text31       000000
__Ltext32                                  text32       000000
__Ltext33                                  text33       000000
__Ltext34                                  text34       000000
__Ltext35                                  text35       000000
__Ltext36                                  text36       000000
__Ltext37                                  text37       000000
__Ltext38                                  text38       000000
__Ltext39                                  text39       000000
__Ltext4                                   text4        000000
__Ltext40                                  text40       000000
__Ltext41                                  text41       000000
__Ltext42                                  text42       000000
__Ltext43                                  text43       000000
__Ltext44                                  text44       000000
__Ltext45                                  text45       000000
__Ltext46                                  text46       000000
__Ltext47                                  text47       000000
__Ltext48                                  text48       000000
__Ltext49                                  text49       000000
__Ltext5                                   text5        000000
__Ltext50                                  text50       000000
__Ltext51                                  text51       000000
__Ltext52                                  text52       000000
__Ltext53                                  text53       000000
__Ltext54                                  text54       000000
__Ltext55                                  text55       000000
__Ltext56                                  text56       000000
__Ltext57                                  text57       000000
__Ltext58                                  text58       000000
__Ltext59                                  text59       000000
__Ltext6                                   text6        000000
__Ltext60                                  text60       000000
__Ltext61                                  text61       000000
__Ltext62                                  text62       000000
__Ltext63                                  text63       000000
__Ltext64                                  text64       000000
__Ltext65                                  text65       000000
__Ltext66                                  text66       000000
__Ltext67                                  text67       000000
__Ltext68                                  text68       000000
__Ltext69                                  text69       000000
__Ltext7                                   text7        000000
__Ltext70                                  text70       000000
__Ltext71                                  text71       000000
__Ltext72                                  text72       000000
__Ltext73                                  text73       000000
__Ltext74                                  text74       000000
__Ltext75                                  text75       000000
__Ltext76                                  text76       000000
__Ltext77                                  text77       000000
__Ltext78                                  text78       000000
__Ltext79                                  text79       000000
__Ltext8                                   text8        000000
__Ltext80                                  text80       000000
__Ltext81                                  text81       000000
__Ltext82                                  text82       000000
__Ltext83                                  text83       000000
__Ltext84                                  text84       000000
__Ltext85                                  text85       000000
__Ltext86                                  text86       000000
__Ltext87                                  text87       000000
__Ltext88                                  text88       000000
__Ltext89                                  text89       000000
__Ltext9                                   text9        000000
__Ltext90                                  text90       000000
__Ltext91                                  text91       000000
__Ltext92                                  text92       000000
__Ltext93                                  text93       000000
__Ltext94                                  text94       000000
__Ltext95                                  text95       000000
__Ltext96                                  text96       000000
__Ltext97                                  text97       000000
__Ltext98                                  text98       000000
__Ltext99                                  text99       000000
__S0                                       (abs)        30000E
__S1                                       (abs)        000246
__S2                                       (abs)        000000
___altoft                                  text90       003356
___altoft@c                                cstackBANK0  000087
___altoft@exp                              cstackCOMRAM 00002F
___altoft@sign                             cstackCOMRAM 000030
___awtoft                                  text98       003C58
___awtoft@c                                cstackCOMRAM 000020
___awtoft@sign                             cstackCOMRAM 000023
___ftadd                                   text95       001940
___ftadd@exp1                              cstackBANK0  000083
___ftadd@exp2                              cstackBANK0  000082
___ftadd@f1                                cstackBANK0  000078
___ftadd@f2                                cstackBANK0  00007B
___ftadd@sign                              cstackBANK0  000081
___ftdiv                                   text97       00252A
___ftdiv@cntr                              cstackBANK0  000063
___ftdiv@exp                               cstackBANK0  000067
___ftdiv@f1                                cstackCOMRAM 000029
___ftdiv@f2                                cstackCOMRAM 00002C
___ftdiv@f3                                cstackBANK0  000064
___ftdiv@sign                              cstackBANK0  000068
___ftge                                    text89       00313C
___ftge@ff1                                cstackCOMRAM 000018
___ftge@ff2                                cstackCOMRAM 00001B
___ftmul                                   text93       002434
___ftmul@cntr                              cstackBANK0  000076
___ftmul@exp                               cstackBANK0  000072
___ftmul@f1                                cstackBANK0  000069
___ftmul@f2                                cstackBANK0  00006C
___ftmul@f3_as_product                     cstackBANK0  000073
___ftmul@sign                              cstackBANK0  000077
___ftneg                                   text96       003FAE
___ftneg@f1                                cstackCOMRAM 000018
___ftpack                                  text101      002D74
___ftpack@arg                              cstackCOMRAM 000018
___ftpack@exp                              cstackCOMRAM 00001B
___ftpack@sign                             cstackCOMRAM 00001C
___ftsub                                   text94       003A74
___ftsub@f1                                cstackBANK0  000084
___ftsub@f2                                cstackBANK0  000087
___fttol                                   text88       002246
___fttol@exp1                              cstackBANK0  000086
___fttol@f1                                cstackBANK0  000078
___fttol@lval                              cstackBANK0  000082
___fttol@sign1                             cstackBANK0  000081
___inthi_sp                                stack        000000
___intlo_sp                                stack        000000
[...]
		wreg, status,2, status,0, pclath, tosl, cstack
 Tracked objects:
		On entry : 
		On exit  : 
		Unchanged: 
 Data sizes:     COMRAM   BANK0   BANK1   BANK2   BANK3   BANK4   BANK5
      Params:         0       0       0       0       0       0       0
      Locals:         0       0       0       0       0       0       0
      Temps:          0       0       0       0       0       0       0
      Totals:         0       0       0       0       0       0       0
Total ram usage:        0 bytes
 Hardware stack levels used:    1
 Hardware stack levels required when called:    2
 This function calls:
		_IOCB4_ISR
		_IOCB5_ISR
 This function is called by:
		_INTERRUPT_InterruptManager
 This function uses a non-reentrant model


 *************** function _IOCB5_ISR *****************
 Defined at:
		line 158 in file "mcc_generated_files/pin_manager.c"
 Parameters:    Size  Location     Type
		None
 Auto vars:     Size  Location     Type
		None
 Return value:  Size  Location     Type
                  1    wreg      void 
 Registers used:
		wreg, status,2, status,0, pclath, tosl, cstack
 Tracked objects:
		On entry : 
		On exit  : 
		Unchanged: 
 Data sizes:     COMRAM   BANK0   BANK1   BANK2   BANK3   BANK4   BANK5
      Params:         0       0       0       0       0       0       0
      Locals:         0       0       0       0       0       0       0
      Temps:          0       0       0       0       0       0       0
      Totals:         0       0       0       0       0       0       0
Total ram usage:        0 bytes
 Hardware stack levels used:    1
 Hardware stack levels required when called:    1
 This function calls:
		Absolute function
		_IOCB5_DefaultInterruptHandler
 This function is called by:
		_PIN_MANAGER_IOC
 This function uses a non-reentrant model


 *************** function _IOCB5_DefaultInterruptHandler *****************
 Defined at:
		line 179 in file "mcc_generated_files/pin_manager.c"
 Parameters:    Size  Location     Type
		None
 Auto vars:     Size  Location     Type
		None
 Return value:  Size  Location     Type
                  1    wreg      void 
 Registers used:
		None
 Tracked objects:
		On entry : 
		On exit  : 
		Unchanged: 
 Data sizes:     COMRAM   BANK0   BANK1   BANK2   BANK3   BANK4   BANK5
      Params:         0       0       0       0       0       0       0
      Locals:         0       0       0       0       0       0       0
      Temps:          0       0       0       0       0       0       0
      Totals:         0       0       0       0       0       0       0
Total ram usage:        0 bytes
 Hardware stack levels used:    1
 This function calls:
		Nothing
 This function is called by:
		_PIN_MANAGER_Initialize
		_IOCB5_ISR
 This function uses a non-reentrant model


 *************** function _IOCB4_ISR *****************
 Defined at:
		line 129 in file "mcc_generated_files/pin_manager.c"
 Parameters:    Size  Location     Type
		None
 Auto vars:     Size  Location     Type
		None
 Return value:  Size  Location     Type
                  1    wreg      void 
 Registers used:
		wreg, status,2, status,0, pclath, tosl, cstack
 Tracked objects:
		On entry : 
		On exit  : 
		Unchanged: 
 Data sizes:     COMRAM   BANK0   BANK1   BANK2   BANK3   BANK4   BANK5
      Params:         0       0       0       0       0       0       0
      Locals:         0       0       0       0       0       0       0
      Temps:          0       0       0       0       0       0       0
      Totals:         0       0       0       0       0       0       0
Total ram usage:        0 bytes
 Hardware stack levels used:    1
 Hardware stack levels required when called:    1
 This function calls:
		Absolute function
		_IOCB4_DefaultInterruptHandler
 This function is called by:
		_PIN_MANAGER_IOC
 This function uses a non-reentrant model


 *************** function _IOCB4_DefaultInterruptHandler *****************
 Defined at:
		line 150 in file "mcc_generated_files/pin_manager.c"
 Parameters:    Size  Location     Type
		None
 Auto vars:     Size  Location     Type
		None
 Return value:  Size  Location     Type
                  1    wreg      void 
 Registers used:
		None
 Tracked objects:
		On entry : 
		On exit  : 
		Unchanged: 
 Data sizes:     COMRAM   BANK0   BANK1   BANK2   BANK3   BANK4   BANK5
      Params:         0       0       0       0       0       0       0
      Locals:         0       0       0       0       0       0       0
      Temps:          0       0       0       0       0       0       0
      Totals:         0       0       0       0       0       0       0
Total ram usage:        0 bytes
 Hardware stack levels used:    1
 This function calls:
		Nothing
 This function is called by:
		_PIN_MANAGER_Initialize
		_IOCB4_ISR
 This function uses a non-reentrant model


 *************** function _MEMORY_ISR *****************
 Defined at:
		line 206 in file "mcc_generated_files/memory.c"
 Parameters:    Size  Location     Type
		None
 Auto vars:     Size  Location     Type
		None
 Return value:  Size  Location     Type
                  1    wreg      void 
 Registers used:
		None
 Tracked objects:
		On entry : 
		On exit  : 
		Unchanged: 
 Data sizes:     COMRAM   BANK0   BANK1   BANK2   BANK3   BANK4   BANK5
      Params:         0       0       0       0       0       0       0
      Locals:         0       0       0       0       0       0       0
      Temps:          0       0       0       0       0       0       0
      Totals:         0       0       0       0       0       0       0
Total ram usage:        0 bytes
 Hardware stack levels used:    1
 This function calls:
		Nothing
 This function is called by:
		_INTERRUPT_InterruptManager
 This function uses a non-reentrant model


 *************** function _EUSART1_Transmit_ISR *****************
 Defined at:
		line 181 in file "mcc_generated_files/eusart1.c"
 Parameters:    Size  Location     Type
		None
 Auto vars:     Size  Location     Type
		None
 Return value:  Size  Location     Type
                  1    wreg      void 
 Registers used:
		wreg, fsr2l, fsr2h, status,2, status,0, prodl, prodh
 Tracked objects:
		On entry : 
		On exit  : 
		Unchanged: 
 Data sizes:     COMRAM   BANK0   BANK1   BANK2   BANK3   BANK4   BANK5
      Params:         0       0       0       0       0       0       0
      Locals:         0       0       0       0       0       0       0
      Temps:          0       0       0       0       0       0       0
      Totals:         0       0       0       0       0       0       0
Total ram usage:        0 bytes
 Hardware stack levels used:    1
 This function calls:
		Nothing
 This function is called by:
		_INTERRUPT_InterruptManager
 This function uses a non-reentrant model


 *************** function _EUSART1_Receive_ISR *****************
 Defined at:
		line 202 in file "mcc_generated_files/eusart1.c"
 Parameters:    Size  Location     Type
		None
 Auto vars:     Size  Location     Type
		None
 Return value:  Size  Location     Type
                  1    wreg      void 
 Registers used:
		wreg, fsr2l, fsr2h, status,2, status,0, prodl, prodh
 Tracked objects:
		On entry : 
		On exit  : 
		Unchanged: 
 Data sizes:     COMRAM   BANK0   BANK1   BANK2   BANK3   BANK4   BANK5
      Params:         0       0       0       0       0       0       0
      Locals:         0       0       0       0       0       0       0
      Temps:          0       0       0       0       0       0       0
      Totals:         0       0       0       0       0       0       0
Total ram usage:        0 bytes
 Hardware stack levels used:    1
 This function calls:
		Nothing
 This function is called by:
		_INTERRUPT_InterruptManager
 This function uses a non-reentrant model



MODULE INFORMATION

Module		Function		Class		Link	Load	Size
AdcApp.c
		_AdcConvert    		CODE           	0F66	0000	557
		_SetChannelMode		CODE           	3E34	0000	49
		_InitAdcApplicationMgr		CODE           	4234	0000	7

AdcApp.c estimated size: 613

MessageFunctions.c
		_GroupControlMcu		CODE           	3E04	0000	49
		_GroupStatusAndVersion		CODE           	3F8A	0000	37
		_GroupDAC      		CODE           	3D68	0000	53
		_GroupAdc      		CODE           	403A	0000	33
		_GroupSynthesizers		CODE           	31CC	0000	141
		_GroupFlashMemory		CODE           	3BE8	0000	57

MessageFunctions.c estimated size: 370

SystemCommon.c
		_make8         		CODE           	3690	0000	93
		_Make32bitsArray		CODE           	3748	0000	89
		_ResetMcu      		CODE           	41B8	0000	15
		_GetUint16FromBitArray		CODE           	34A2	0000	105
		_StoreIntInEeprom		CODE           	3C20	0000	57
		_ReadIntFromEeprom		CODE           	1F14	0000	295
		_ZeroArray     		CODE           	4096	0000	31
		_GetIntFromUartData		CODE           	1C6E	0000	381
		_crc8          		CODE           	399E	0000	79
		_SendSystemStartAck		CODE           	41F0	0000	13
		_FillArray     		CODE           	40D0	0000	29

SystemCommon.c estimated size: 1187

C:\Program Files (x86)\Microchip\xc8\v1.45\sources\common\ftneg.c
		___ftneg       		CODE           	3FAE	0000	37

C:\Program Files (x86)\Microchip\xc8\v1.45\sources\common\ftneg.c estimated size: 37

DacApp.c
		_DacInit       		CODE           	27DA	0000	229
		_DacSetValue   		CODE           	2F78	0000	159
		_DacReadValue  		CODE           	26F6	0000	229

DacApp.c estimated size: 617

SystemStatus.c
		_GetMcuRunTime 		CODE           	2612	0000	229
		_ClearMcuRunTime		CODE           	4172	0000	21
		_SetMcuRunTime 		CODE           	3A30	0000	69
		_GetMcuFwVersion		CODE           	06A6	0000	1009

SystemStatus.c estimated size: 1328

C:\Program Files (x86)\Microchip\xc8\v1.45\sources\common\strtol.c
		_strtol        		CODE           	176A	0000	471

C:\Program Files (x86)\Microchip\xc8\v1.45\sources\common\strtol.c estimated size: 471

C:\Program Files (x86)\Microchip\xc8\v1.45\sources\common\isalpha.c
		_isalpha       		CODE           	3F16	0000	41

C:\Program Files (x86)\Microchip\xc8\v1.45\sources\common\isalpha.c estimated size: 41

C:\Program Files (x86)\Microchip\xc8\v1.45\sources\common\ftsub.c
		___ftsub       		CODE           	3A74	0000	67

C:\Program Files (x86)\Microchip\xc8\v1.45\sources\common\ftsub.c estimated size: 67

C:\Program Files (x86)\Microchip\xc8\v1.45\sources\common\float.c
		___ftpack      		CODE           	2D74	0000	175

C:\Program Files (x86)\Microchip\xc8\v1.45\sources\common\float.c estimated size: 175

SwSpiApp.c
		_SWSPI_Synth_send_bits		CODE           	2B44	0000	199
		_SWSPI_send_word		CODE           	2ECE	0000	171
		_SwSpi_Set_Synth_Le_Pin		CODE           	3B72	0000	61
		_SwSpi_Data_Pin		CODE           	37F8	0000	87
		_SwSpi_Set_CE_Pin		CODE           	3B36	0000	61
		_SwSpi_Clk_Pin 		CODE           	384E	0000	87
		_SwSpi_Set_Dac_Sync_Pin		CODE           	40B4	0000	29
		_SWSPI_DAC_send_bits		CODE           	37A0	0000	89

SwSpiApp.c estimated size: 784

C:\Program Files (x86)\Microchip\xc8\v1.45\sources\common\lltoft.c
		___lltoft      		CODE           	36EC	0000	93

C:\Program Files (x86)\Microchip\xc8\v1.45\sources\common\lltoft.c estimated size: 93

mcc_generated_files/interrupt_manager.c
		_INTERRUPT_Initialize		CODE           	423A	0000	5
		_INTERRUPT_InterruptManager		CODE           	0008	0000	213

mcc_generated_files/interrupt_manager.c estimated size: 218

C:\Program Files (x86)\Microchip\xc8\v1.45\sources\common\log.c
		_log           		CODE           	1DEA	0000	299

C:\Program Files (x86)\Microchip\xc8\v1.45\sources\common\log.c estimated size: 299

C:\Program Files (x86)\Microchip\xc8\v1.45\sources\common\Umul16.c
		___wmul        		CODE           	3F64	0000	39

C:\Program Files (x86)\Microchip\xc8\v1.45\sources\common\Umul16.c estimated size: 39

mcc_generated_files/tmr0.c
		_TMR0_SetInterruptHandler		CODE           	4206	0000	11
		_TMR0_StartTimer		CODE           	423E	0000	5
		_TMR0_ISR      		CODE           	2E22	0000	173
		_TMR0_Initialize		CODE           	3D9C	0000	53

mcc_generated_files/tmr0.c estimated size: 242

SyntApp.c
		_PLLInitialize 		CODE           	3AF8	0000	63
		_InitSynth     		CODE           	0A96	0000	631
		_UpdateSynthFreq		CODE           	233E	0000	247
		_SetSynthOper  		CODE           	32DA	0000	125
		_SynthReadData 		CODE           	0D0C	0000	603

SyntApp.c estimated size: 1669

C:\Program Files (x86)\Microchip\xc8\v1.45\sources\common\frexp.c
		_ldexp         		CODE           	2A76	0000	207
		_frexp         		CODE           	30AC	0000	145

C:\Program Files (x86)\Microchip\xc8\v1.45\sources\common\frexp.c estimated size: 352

C:\Program Files (x86)\Microchip\xc8\v1.45\sources\common\ftge.c
		___ftge        		CODE           	313C	0000	145

C:\Program Files (x86)\Microchip\xc8\v1.45\sources\common\ftge.c estimated size: 145

mcc_generated_files/pin_manager.c
		_IOCB4_DefaultInterruptHandler		CODE           	424A	0000	3
		_PIN_MANAGER_Initialize		CODE           	3570	0000	101
		_IOCB5_ISR     		CODE           	3FF6	0000	35
		_IOCB5_DefaultInterruptHandler		CODE           	4248	0000	3
		_PIN_MANAGER_IOC		CODE           	41A8	0000	17
		_IOCB4_SetInterruptHandler		CODE           	421A	0000	11
		_IOCB4_ISR     		CODE           	4018	0000	35
		_IOCB5_SetInterruptHandler		CODE           	4210	0000	11

mcc_generated_files/pin_manager.c estimated size: 216

C:\Program Files (x86)\Microchip\xc8\v1.45\sources\common\isdigit.c
		_isdigit       		CODE           	405A	0000	31

C:\Program Files (x86)\Microchip\xc8\v1.45\sources\common\isdigit.c estimated size: 31

C:\Program Files (x86)\Microchip\xc8\v1.45\sources\common\pow.c
		_pow           		CODE           	1AEE	0000	385

C:\Program Files (x86)\Microchip\xc8\v1.45\sources\common\pow.c estimated size: 385

C:\Program Files (x86)\Microchip\xc8\v1.45\sources\common\floor.c
		_floor         		CODE           	28BE	0000	227

C:\Program Files (x86)\Microchip\xc8\v1.45\sources\common\floor.c estimated size: 227

C:\Program Files (x86)\Microchip\xc8\v1.45\sources\common\lwmod.c
		___lwmod       		CODE           	3AB6	0000	67

C:\Program Files (x86)\Microchip\xc8\v1.45\sources\common\lwmod.c estimated size: 67

C:\Program Files (x86)\Microchip\xc8\v1.45\sources\common\ftmul.c
		___ftmul       		CODE           	2434	0000	247

C:\Program Files (x86)\Microchip\xc8\v1.45\sources\common\ftmul.c estimated size: 247

mcc_generated_files/adc.c
		_ADC_Initialize		CODE           	411E	0000	23
		_ADC_GetConversion		CODE           	3E64	0000	49

mcc_generated_files/adc.c estimated size: 72

C:\Program Files (x86)\Microchip\xc8\v1.45\sources\common\ftdiv.c
		___ftdiv       		CODE           	252A	0000	233

C:\Program Files (x86)\Microchip\xc8\v1.45\sources\common\ftdiv.c estimated size: 233

C:\Program Files (x86)\Microchip\xc8\v1.45\sources\common\llmod.c
		___llmod       		CODE           	350A	0000	103

C:\Program Files (x86)\Microchip\xc8\v1.45\sources\common\llmod.c estimated size: 103

C:\Program Files (x86)\Microchip\xc8\v1.45\sources\common\Umul32.c
		___lmul        		CODE           	38A4	0000	87

C:\Program Files (x86)\Microchip\xc8\v1.45\sources\common\Umul32.c estimated size: 87

FlashApp.c
		_EepromWrite   		CODE           	41D4	0000	15
		_CheckFlashPrecentage		CODE           	2CC6	0000	175
		_FlashReadCondition		CODE           	203A	0000	269
		_FlashSampleWrite		CODE           	2146	0000	257
		_FlashEreaseMem		CODE           	38FA	0000	83
		_EepromRead    		CODE           	4224	0000	11
		_FlashReadUart 		CODE           	1584	0000	487

FlashApp.c estimated size: 1297

shared
		exp@coeff      		SMALLCONST     	0657	0000	31
		_SYNTH_ADDRES  		SMALLCONST     	0635	0000	14
		_DAC_DEFAULT_INIT_VALUES		SMALLCONST     	064B	0000	9
		__initialization		CODE           	3016	0000	137
		_DAC_ADDRES    		SMALLCONST     	0653	0000	5
		log@coeff      		SMALLCONST     	0675	0000	28
		_SYNTH_REGS    		SMALLCONST     	0601	0000	53
		_channelArr    		SMALLCONST     	0642	0000	10

shared estimated size: 287

mcc_generated_files/eusart1.c
		_EUSART1_Initialize		CODE           	3C90	0000	55
		_EUSART1_Read  		CODE           	39EC	0000	69
		_EUSART1_Write 		CODE           	3BAE	0000	59
		_EUSART1_Receive_ISR		CODE           	3E94	0000	47
		_EUSART1_Transmit_ISR		CODE           	3D32	0000	55

mcc_generated_files/eusart1.c estimated size: 285

mcc_generated_files/mcc.c
		_OSCILLATOR_Initialize		CODE           	41C6	0000	15
		_SYSTEM_Initialize		CODE           	40EC	0000	27

mcc_generated_files/mcc.c estimated size: 42

C:\Program Files (x86)\Microchip\xc8\v1.45\sources\common\fttol.c
		___fttol       		CODE           	2246	0000	249

C:\Program Files (x86)\Microchip\xc8\v1.45\sources\common\fttol.c estimated size: 249

SystemSettings.c
		_SetMcuSystem  		CODE           	41FC	0000	11
		_InitSystemApplicationManagers		CODE           	4134	0000	23

SystemSettings.c estimated size: 34

C:\Program Files (x86)\Microchip\xc8\v1.45\sources\common\awtoft.c
		___awtoft      		CODE           	3C58	0000	57

C:\Program Files (x86)\Microchip\xc8\v1.45\sources\common\awtoft.c estimated size: 57

C:\Program Files (x86)\Microchip\xc8\v1.45\sources\common\evalpoly.c
		_eval_poly     		CODE           	29A0	0000	215

C:\Program Files (x86)\Microchip\xc8\v1.45\sources\common\evalpoly.c estimated size: 215

C:\Program Files (x86)\Microchip\xc8\v1.45\sources\common\isupper.c
		_isupper       		CODE           	4078	0000	31

C:\Program Files (x86)\Microchip\xc8\v1.45\sources\common\isupper.c estimated size: 31

mcc_generated_files/memory.c
		_FLASH_EraseBlock		CODE           	3DD0	0000	53
		_FLASH_ReadByte		CODE           	4186	0000	19
		_FLASH_WriteBlock		CODE           	2C0A	0000	189
		_DATAEE_WriteByte		CODE           	3CFC	0000	55
		_MEMORY_ISR    		CODE           	4242	0000	5
		_FLASH_IsWriteDone		CODE           	41E2	0000	15
		_DATAEE_ReadByte		CODE           	415E	0000	21

mcc_generated_files/memory.c estimated size: 357

C:\Program Files (x86)\Microchip\xc8\v1.45\sources\common\ftadd.c
		___ftadd       		CODE           	1940	0000	431

C:\Program Files (x86)\Microchip\xc8\v1.45\sources\common\ftadd.c estimated size: 431

C:\Program Files (x86)\Microchip\xc8\v1.45\sources\common\toupper.c
		_toupper       		CODE           	414A	0000	21

C:\Program Files (x86)\Microchip\xc8\v1.45\sources\common\toupper.c estimated size: 21

C:\Program Files (x86)\Microchip\xc8\v1.45\sources\common\lldiv.c
		___lldiv       		CODE           	3258	0000	131

C:\Program Files (x86)\Microchip\xc8\v1.45\sources\common\lldiv.c estimated size: 131

LedsApp.c
		_testLeds      		CODE           	33D0	0000	107
		_keepAliveSignalLed		CODE           	4106	0000	25
		_BlinkOkLeds   		CODE           	35D4	0000	95
		_BlinkErrorLeds		CODE           	3632	0000	95

LedsApp.c estimated size: 322

C:\Program Files (x86)\Microchip\xc8\v1.45\sources\common\isspace.c
		_isspace       		CODE           	3F3E	0000	39

C:\Program Files (x86)\Microchip\xc8\v1.45\sources\common\isspace.c estimated size: 39

main.c
		_main          		CODE           	343A	0000	105

main.c estimated size: 105

C:\Program Files (x86)\Microchip\xc8\v1.45\sources\common\lwtoft.c
		___lwtoft      		CODE           	3FD2	0000	37

C:\Program Files (x86)\Microchip\xc8\v1.45\sources\common\lwtoft.c estimated size: 37

C:\Program Files (x86)\Microchip\xc8\v1.45\sources\common\exp.c
		_exp           		CODE           	138E	0000	503

C:\Program Files (x86)\Microchip\xc8\v1.45\sources\common\exp.c estimated size: 503

EusartApp.c
		_readUartMessage		CODE           	1192	0000	509
		_WriteUartMessage		CODE           	3CC6	0000	55
		_InitRxMessageParams		CODE           	3EEE	0000	41
		_SendAckMessage		CODE           	394C	0000	83

EusartApp.c estimated size: 688

C:\Program Files (x86)\Microchip\xc8\v1.45\sources\common\altoft.c
		___altoft      		CODE           	3356	0000	123

C:\Program Files (x86)\Microchip\xc8\v1.45\sources\common\altoft.c estimated size: 123

C:\Program Files (x86)\Microchip\xc8\v1.45\sources\common\memset.c
		_memset        		CODE           	3EC2	0000	45

C:\Program Files (x86)\Microchip\xc8\v1.45\sources\common\memset.c estimated size: 45

