Microchip MPLAB XC8 Compiler V1.45 ()

Linker command line:

-W-3 --edf=C:\Program Files (x86)\Microchip\xc8\v1.45\dat\en_msgs.txt -cs \
  -h+dist/default/production\Project_1531.production.sym \
  --cmf=dist/default/production\Project_1531.production.cmf -z -Q18F45K22 \
  -oC:\Users\User\AppData\Local\Temp\sdj8.2 \
  -Mdist/default/production/Project_1531.production.map -E1 -ver=XC8 \
  -ASTACK=01D2h-05ffh -pstack=STACK -ACODE=00h-07FFFh -ACONST=00h-07FFFh \
  -ASMALLCONST=0600h-06FFhx122 -AMEDIUMCONST=0600h-07FFFh -ACOMRAM=01h-05Fh \
  -AABS1=00h-05FFh -ABIGRAM=01h-05FFh -ARAM=060h-0FFh,0100h-01FFhx5 \
  -ABANK0=060h-0FFh -ABANK1=0100h-01FFh -ABANK2=0200h-02FFh \
  -ABANK3=0300h-03FFh -ABANK4=0400h-04FFh -ABANK5=0500h-05FFh \
  -ASFR=0F38h-0F5Fh,0F60h-0FFFh \
  -preset_vec=00h,intcode=08h,intcodelo,powerup,init -pramtop=0600h \
  -psmallconst=SMALLCONST -pmediumconst=MEDIUMCONST -pconst=CONST \
  -AFARRAM=00h-00h -ACONFIG=0300000h-030000Dh -pconfig=CONFIG \
  -AIDLOC=0200000h-0200007h -pidloc=IDLOC -AEEDATA=0F00000h-0F000FFh \
  -peeprom_data=EEDATA \
  -prdata=COMRAM,nvrram=COMRAM,nvbit=COMRAM,rbss=COMRAM,rbit=COMRAM \
  -pfarbss=FARRAM,fardata=FARRAM,nvFARRAM=FARRAM \
  -pintsave_regs=BIGRAM,bigbss=BIGRAM,bigdata=BIGRAM -pbss=RAM \
  -pidata=CODE,irdata=CODE,ibigdata=CODE,ifardata=CODE -prparam=COMRAM \
  C:\Users\User\AppData\Local\Temp\sdj8.obj \
  dist/default/production\Project_1531.production.obj 

Object code version is 3.11

Machine type is 18F45K22

Call graph: (short form)




                Name                               Link     Load   Length Selector   Space Scale
C:\Users\User\AppData\Local\Temp\sdj8.obj
                init                                 DC       DC        4        4       0
                reset_vec                             0        0        4        0       0
                idloc                            200000   200000        8   200000       0
                config                           300000   300000        E   300000       0
dist/default/production\Project_1531.production.obj
                intcode                               8        8       D4        4       0
                temp                                 48       48        1        1       1
                smallconst                          600      600       A4      300       0
                text118                            358C     358C       2E      352       0
                text117                            335A     335A       38      352       0
                text116                            396C     396C        4      352       0
                text115                            3968     3968        4      352       0
                text114                            31F4     31F4       42      352       0
                text113                            265A     265A       92      352       0
                text111                            355C     355C       30      352       0
                text110                            38F2     38F2        E      352       0
                text109                            3468     3468       34      352       0
                text108                            2126     2126       BC      352       0
                text107                            19F0     19F0       FA      352       0
                text106                            234A     234A       AE      352       0
                text105                            3716     3716       24      352       0
                text104                            2CBE     2CBE       5C      352       0
                text103                            3322     3322       38      352       0
                text102                            1CD8     1CD8       E8      352       0
                text101                            36F2     36F2       24      352       0
                text100                            11E0     11E0      1AE      352       0
                text99                             31B2     31B2       42      352       0
                text98                             1BE2     1BE2       F6      352       0
                text97                             3684     3684       26      352       0
                text96                             1F86     1F86       DA      352       0
                text95                             291E     291E       7A      352       0
                text94                             280C     280C       90      352       0
                text93                             1AEA     1AEA       F8      352       0
                text92                             277C     277C       90      352       0
                text91                             1EA4     1EA4       E2      352       0
                text90                             2060     2060       C6      352       0
                text89                              C62      C62      1F2      352       0
                text88                             17B6     17B6      122      352       0
                text87                             150A     150A      17C      352       0
                text86                             102A     102A      1B6      352       0
                text85                             2C04     2C04       5E      352       0
                text84                             2BA6     2BA6       5E      352       0
                text83                             229C     229C       AE      352       0
                text82                             3874     3874       14      352       0
                text81                             3860     3860       14      352       0
                text80                             3950     3950        A      352       0
                text79                             2E76     2E76       56      352       0
                text78                             1686     1686      130      352       0
                text77                             2E20     2E20       56      352       0
                text76                             2DCA     2DCA       56      352       0
                text75                             2D72     2D72       58      352       0
                text74                             2D1A     2D1A       58      352       0
                text73                             35BA     35BA       2C      352       0
                text72                             37B4     37B4       1E      352       0
                text71                             21E2     21E2       BA      352       0
                text70                             37D2     37D2       1C      352       0
                text69                             32AE     32AE       3C      352       0
                text68                             2C62     2C62       5C      352       0
                text67                             2494     2494       9A      352       0
                text66                             25C4     25C4       96      352       0
                text65                             38AA     38AA       10      352       0
                text64                             3272     3272       3C      352       0
                text63                             300A     300A       4C      352       0
                text62                             2FBE     2FBE       4C      352       0
                text61                             38E4     38E4        E      352       0
                text60                             3964     3964        4      352       0
                text59                             3836     3836       16      352       0
                text58                             3236     3236       3C      352       0
                text57                             33FE     33FE       36      352       0
                text56                             3796     3796       1E      352       0
                text55                             2F70     2F70       4E      352       0
                text54                             2F1E     2F1E       52      352       0
                text53                             3930     3930        C      352       0
                text52                             2ADE     2ADE       66      352       0
                text51                             316E     316E       44      352       0
                text50                             3820     3820       16      352       0
                text49                             33C8     33C8       36      352       0
                text48                             3960     3960        4      352       0
                text47                             38D6     38D6        E      352       0
                text46                             309E     309E       48      352       0
                text45                             3946     3946        A      352       0
                text44                             3434     3434       34      352       0
                text43                             37EE     37EE       1A      352       0
                text42                             393C     393C        A      352       0
                text41                             3808     3808       18      352       0
                text40                             3924     3924        C      352       0
                text39                             312A     312A       44      352       0
                text38                             3918     3918        C      352       0
                text37                             352C     352C       30      352       0
                text36                             390C     390C        C      352       0
                text35                             38C8     38C8        E      352       0
                text34                             2A74     2A74       6A      352       0
                text33                             3900     3900        C      352       0
                text32                             2ECC     2ECC       52      352       0
                text31                             18D8     18D8      118      352       0
                text30                             3888     3888       12      352       0
                text29                             3636     3636       28      352       0
                text28                              6A4      6A4      3C2      352       0
                text27                             252E     252E       96      352       0
                text26                             289C     289C       82      352       0
                text25                             1DC0     1DC0       E4      352       0
                text24                             3970     3970        2      352       0
                text23                             34FC     34FC       30      352       0
                text22                             34CC     34CC       30      352       0
                text21                             2A0A     2A0A       6A      352       0
                text20                             36CE     36CE       24      352       0
                text19                             3778     3778       1E      352       0
                text18                             360E     360E       28      352       0
                text17                             375A     375A       1E      352       0
                text16                             365E     365E       26      352       0
                text15                             384C     384C       14      352       0
                text14                              E54      E54      1D6      352       0
                text13                             138E     138E      17C      352       0
                text12                             3392     3392       36      352       0
                text11                             38BA     38BA        E      352       0
                text10                             32EA     32EA       38      352       0
                text9                              26EC     26EC       90      352       0
                text8                              23F8     23F8       9C      352       0
                text7                              349C     349C       30      352       0
                text6                              36AA     36AA       24      352       0
                text5                              3056     3056       48      352       0
                text4                              30E6     30E6       44      352       0
                text3                              373A     373A       20      352       0
                text2                              35E6     35E6       28      352       0
                text1                               A66      A66      1FC      352       0
                text0                              2B44     2B44       62      352       0
                cstackCOMRAM                          1        1       2F        1       1
                cstackBANK0                          60       60       60       60       1
                cstackBANK1                         1C2      1C2       10      100       1
                bssBANK1                            100      100       C2      100       1
                dataBANK0                            ED       ED       10       60       1
                bssBANK0                             C0       C0       2D       60       1
                dataCOMRAM                           40       40        6        1       1
                bssCOMRAM                            30       30       10        1       1
                cinit                              2998     2998       72      352       0
                nvBANK0                              FD       FD        3       60       1
                nvCOMRAM                             46       46        2        1       1
                idataBANK0                         389A     389A       10      352       0
                idataCOMRAM                        395A     395A        6      352       0

TOTAL           Name                               Link     Load   Length     Space
        CLASS   STACK          

        CLASS   CODE           
                intcode                               8        8       D4         0
                init                                 DC       DC        4         0
                reset_vec                             0        0        4         0
                text118                            358C     358C       2E         0
                text117                            335A     335A       38         0
                text116                            396C     396C        4         0
                text115                            3968     3968        4         0
                text114                            31F4     31F4       42         0
                text113                            265A     265A       92         0
                text111                            355C     355C       30         0
                text110                            38F2     38F2        E         0
                text109                            3468     3468       34         0
                text108                            2126     2126       BC         0
                text107                            19F0     19F0       FA         0
                text106                            234A     234A       AE         0
                text105                            3716     3716       24         0
                text104                            2CBE     2CBE       5C         0
                text103                            3322     3322       38         0
                text102                            1CD8     1CD8       E8         0
                text101                            36F2     36F2       24         0
                text100                            11E0     11E0      1AE         0
                text99                             31B2     31B2       42         0
                text98                             1BE2     1BE2       F6         0
                text97                             3684     3684       26         0
                text96                             1F86     1F86       DA         0
                text95                             291E     291E       7A         0
                text94                             280C     280C       90         0
                text93                             1AEA     1AEA       F8         0
                text92                             277C     277C       90         0
                text91                             1EA4     1EA4       E2         0
                text90                             2060     2060       C6         0
                text89                              C62      C62      1F2         0
                text88                             17B6     17B6      122         0
                text87                             150A     150A      17C         0
                text86                             102A     102A      1B6         0
                text85                             2C04     2C04       5E         0
                text84                             2BA6     2BA6       5E         0
                text83                             229C     229C       AE         0
                text82                             3874     3874       14         0
                text81                             3860     3860       14         0
                text80                             3950     3950        A         0
                text79                             2E76     2E76       56         0
                text78                             1686     1686      130         0
                text77                             2E20     2E20       56         0
                text76                             2DCA     2DCA       56         0
                text75                             2D72     2D72       58         0
                text74                             2D1A     2D1A       58         0
                text73                             35BA     35BA       2C         0
                text72                             37B4     37B4       1E         0
                text71                             21E2     21E2       BA         0
                text70                             37D2     37D2       1C         0
                text69                             32AE     32AE       3C         0
                text68                             2C62     2C62       5C         0
                text67                             2494     2494       9A         0
                text66                             25C4     25C4       96         0
                text65                             38AA     38AA       10         0
                text64                             3272     3272       3C         0
                text63                             300A     300A       4C         0
                text62                             2FBE     2FBE       4C         0
                text61                             38E4     38E4        E         0
                text60                             3964     3964        4         0
                text59                             3836     3836       16         0
                text58                             3236     3236       3C         0
                text57                             33FE     33FE       36         0
                text56                             3796     3796       1E         0
                text55                             2F70     2F70       4E         0
                text54                             2F1E     2F1E       52         0
                text53                             3930     3930        C         0
                text52                             2ADE     2ADE       66         0
                text51                             316E     316E       44         0
                text50                             3820     3820       16         0
                text49                             33C8     33C8       36         0
                text48                             3960     3960        4         0
                text47                             38D6     38D6        E         0
                text46                             309E     309E       48         0
                text45                             3946     3946        A         0
                text44                             3434     3434       34         0
                text43                             37EE     37EE       1A         0
                text42                             393C     393C        A         0
                text41                             3808     3808       18         0
                text40                             3924     3924        C         0
                text39                             312A     312A       44         0
                text38                             3918     3918        C         0
                text37                             352C     352C       30         0
                text36                             390C     390C        C         0
                text35                             38C8     38C8        E         0
                text34                             2A74     2A74       6A         0
                text33                             3900     3900        C         0
                text32                             2ECC     2ECC       52         0
                text31                             18D8     18D8      118         0
                text30                             3888     3888       12         0
                text29                             3636     3636       28         0
                text28                              6A4      6A4      3C2         0
                text27                             252E     252E       96         0
                text26                             289C     289C       82         0
                text25                             1DC0     1DC0       E4         0
                text24                             3970     3970        2         0
                text23                             34FC     34FC       30         0
                text22                             34CC     34CC       30         0
                text21                             2A0A     2A0A       6A         0
                text20                             36CE     36CE       24         0
                text19                             3778     3778       1E         0
                text18                             360E     360E       28         0
                text17                             375A     375A       1E         0
                text16                             365E     365E       26         0
                text15                             384C     384C       14         0
                text14                              E54      E54      1D6         0
                text13                             138E     138E      17C         0
                text12                             3392     3392       36         0
                text11                             38BA     38BA        E         0
                text10                             32EA     32EA       38         0
                text9                              26EC     26EC       90         0
                text8                              23F8     23F8       9C         0
                text7                              349C     349C       30         0
                text6                              36AA     36AA       24         0
                text5                              3056     3056       48         0
                text4                              30E6     30E6       44         0
                text3                              373A     373A       20         0
                text2                              35E6     35E6       28         0
                text1                               A66      A66      1FC         0
                text0                              2B44     2B44       62         0
                cinit                              2998     2998       72         0
                idataBANK0                         389A     389A       10         0
                idataCOMRAM                        395A     395A        6         0

        CLASS   CONST          

        CLASS   SMALLCONST     
                smallconst                          600      600       A4         0

        CLASS   MEDIUMCONST    

        CLASS   COMRAM         
                temp                                 48       48        1         1
                cstackCOMRAM                          1        1       2F         1
                dataCOMRAM                           40       40        6         1
                bssCOMRAM                            30       30       10         1
                nvCOMRAM                             46       46        2         1

        CLASS   ABS1           

        CLASS   BIGRAM         

        CLASS   RAM            

        CLASS   BANK0          
                cstackBANK0                          60       60       60         1
                dataBANK0                            ED       ED       10         1
                bssBANK0                             C0       C0       2D         1
                nvBANK0                              FD       FD        3         1

        CLASS   BANK1          
                cstackBANK1                         1C2      1C2       10         1
                bssBANK1                            100      100       C2         1

        CLASS   BANK2          

        CLASS   BANK3          

        CLASS   BANK4          

        CLASS   BANK5          

        CLASS   SFR            

        CLASS   FARRAM         

        CLASS   CONFIG         
                config                           300000   300000        E         0

        CLASS   IDLOC          
                idloc                            200000   200000        8         0

        CLASS   EEDATA         



SEGMENTS        Name                           Load    Length   Top    Selector   Space  Class

                reset_vec                      000000  000004  000004         0       0  CODE    
                cstackCOMRAM                   000001  000048  000049         1       1  COMRAM  
                intcode                        000008  0000D8  0000E0         4       0  CODE    
                cstackBANK0                    000060  0000A0  000100        60       1  BANK0   
                bssBANK1                       000100  0000D2  0001D2       100       1  BANK1   
                smallconst                     000600  0000A4  0006A4       300       0  SMALLCON
                text28                         0006A4  0032CE  003972       352       0  CODE    
                idloc                          200000  000008  200008    200000       0  IDLOC   
                config                         300000  00000E  30000E    300000       0  CONFIG  


UNUSED ADDRESS RANGES

        Name                Unused          Largest block    Delta
        BANK1            0001D2-0001FF               2E
        BANK2            000200-0002FF              100
        BANK3            000300-0003FF              100
        BANK4            000400-0004FF              100
        BANK5            000500-0005FF              100
        BIGRAM           000049-00005F               17
                         0001D2-0005FF              42E
        CODE             000004-000007                4
                         0000E0-0005FF              520
                         003972-007FFF             468E
        COMRAM           000049-00005F               17
        CONST            000004-000007                4
                         0000E0-0005FF              520
                         003972-007FFF             468E
        EEDATA           F00000-F000FF              100
        MEDIUMCONST      003972-007FFF             468E
        RAM              0001D2-0005FF              100
        SFR              000F38-000FFF               28
        SMALLCONST       003972-007FFF              100
        STACK            0001D2-0005FF              42E

                                  Symbol Table

?_ADC_GetConversion                       cstackCOMRAM 000018
?_GetIntFromUartData                      cstackBANK0  000066
?_ReadIntFromEeprom                       cstackBANK0  0000B3
?___altoft                                cstackBANK0  000087
?___awtoft                                cstackCOMRAM 000020
?___ftadd                                 cstackBANK0  000078
?___ftdiv                                 cstackCOMRAM 000029
?___ftmul                                 cstackBANK0  000069
?___ftneg                                 cstackCOMRAM 000018
?___ftpack                                cstackCOMRAM 000018
?___ftsub                                 cstackBANK0  000084
?___fttol                                 cstackBANK0  000078
?___lldiv                                 cstackCOMRAM 000018
?___llmod                                 cstackCOMRAM 000018
?___lltoft                                cstackCOMRAM 000020
?___lmul                                  cstackCOMRAM 00001A
?___lwmod                                 cstackCOMRAM 000001
?___lwtoft                                cstackCOMRAM 000020
?___wmul                                  cstackCOMRAM 000018
?_abs                                     cstackCOMRAM 000018
?_eval_poly                               cstackBANK0  000084
?_exp                                     cstackBANK0  000099
?_floor                                   cstackBANK0  000091
?_frexp                                   cstackCOMRAM 000018
?_ldexp                                   cstackBANK0  000090
?_log                                     cstackBANK0  000090
?_pow                                     cstackBANK0  0000A2
?_strtol                                  cstackCOMRAM 000026
ADC_GetConversion@channel                 cstackCOMRAM 00001C
AdcConvert@_adcResult                     cstackBANK0  0000B5
AdcConvert@_adcResult_340                 cstackBANK0  0000B7
AdcConvert@adcRes                         cstackBANK0  0000BC
AdcConvert@idx                            cstackBANK0  0000BE
BlinkErrorLeds@idx                        cstackCOMRAM 00001C
BlinkErrorLeds@state                      cstackCOMRAM 00001B
BlinkOkLeds@idx                           cstackCOMRAM 00001C
BlinkOkLeds@state                         cstackCOMRAM 00001B
CheckFlashPrecentage@precentage           cstackBANK0  00007C
DATAEE_ReadByte@bAdd                      cstackCOMRAM 000018
DATAEE_WriteByte@GIEBitValue              cstackCOMRAM 00001A
DATAEE_WriteByte@bAdd                     cstackCOMRAM 000019
DATAEE_WriteByte@bData                    cstackCOMRAM 000018
DacInit@dacInput                          cstackBANK0  0000BC
DacInit@idx                               cstackBANK0  0000BE
DacSetValue@data                          cstackCOMRAM 00002C
EUSART1_Read@readValue                    cstackCOMRAM 000019
EUSART1_Write@txData                      cstackCOMRAM 000018
EepromRead@address                        cstackCOMRAM 000019
EepromWrite@address                       cstackCOMRAM 00001C
EepromWrite@data                          cstackCOMRAM 00001B
FLASH_EraseBlock@GIEBitValue              cstackCOMRAM 00001C
FLASH_EraseBlock@baseAddr                 cstackCOMRAM 000018
FLASH_ReadByte@flashAddr                  cstackCOMRAM 000018
FLASH_WriteBlock@GIEBitValue              cstackCOMRAM 00002B
FLASH_WriteBlock@blockStartAddr           cstackCOMRAM 000027
FLASH_WriteBlock@flashWrBufPtr            cstackCOMRAM 000021
FLASH_WriteBlock@i                        cstackCOMRAM 00002C
FLASH_WriteBlock@writeAddr                cstackCOMRAM 00001D
FlashReadCondition@TxMsg                  cstackBANK0  000060
FlashReadUart@TxMsg                       cstackBANK0  00006C
FlashReadUart@idx                         cstackBANK0  0000BB
FlashReadUart@j                           cstackBANK0  0000B9
FlashReadUart@numOfSampleToRead           cstackCOMRAM 00002C
FlashReadUart@offset                      cstackBANK0  0000BD
FlashSampleWrite@channelNum               cstackCOMRAM 00002F
FlashSampleWrite@rotateLeft               cstackBANK0  000062
FlashSampleWrite@sampleData               cstackCOMRAM 00002D
GetIntFromUartData@data                   cstackBANK0  000066
GetIntFromUartData@dataRegArr             cstackBANK0  000070
GetIntFromUartData@idxCon                 cstackBANK0  000084
GetIntFromUartData@idxData                cstackBANK0  000086
GetIntFromUartData@num                    cstackBANK0  00007A
GetIntFromUartData@recVal                 cstackBANK0  00007B
GetIntFromUartData@retVal                 cstackBANK0  00007C
GetMcuFwVersion@TxMsg                     cstackBANK0  000060
GetMcuFwVersion@compileData               cstackBANK0  000069
GetMcuRunTime@TxMsg                       cstackBANK0  000060
GetMcuRunTime@idx                         cstackBANK0  00006D
GetMcuRunTime@tempRunTime                 cstackBANK0  000069
GroupAdc@data                             cstackBANK1  0001C2
GroupAdc@request                          cstackBANK0  0000BF
GroupControlMcu@request                   cstackBANK0  0000BF
GroupDAC@data                             cstackBANK1  0001C2
GroupDAC@request                          cstackBANK0  0000BF
GroupFlashMemory@data                     cstackBANK1  0001C2
GroupFlashMemory@request                  cstackBANK1  0001C4
GroupStatusAndVersion@request             cstackBANK0  0000BF
GroupSynthesizers@data                    cstackBANK1  0001C2
GroupSynthesizers@request                 cstackBANK0  0000BF
InitAdcApplicationMgr@channel             cstackCOMRAM 000018
InitRxSynth@idx                           cstackCOMRAM 00002F
InitTxSynth@idx                           cstackCOMRAM 00002F
Make32bitsArray@array                     cstackCOMRAM 000018
Make32bitsArray@data                      cstackCOMRAM 00001A
Make32bitsArray@idx                       cstackCOMRAM 000020
PLLUartInitialize@data                    cstackCOMRAM 000018
ReadIntFromEeprom@address                 cstackBANK1  0001CC
ReadIntFromEeprom@base                    cstackBANK1  0001C2
ReadIntFromEeprom@idx                     cstackBANK1  0001D1
ReadIntFromEeprom@numOfByes               cstackBANK0  0000B3
ReadIntFromEeprom@retVal                  cstackBANK1  0001CD
SWSPI_DAC_send_bits@count                 cstackCOMRAM 00001B
SWSPI_DAC_send_bits@data                  cstackCOMRAM 00001A
SWSPI_DAC_send_bits@phrType               cstackCOMRAM 00001C
SWSPI_Synth_send_bits@bitArray            cstackBANK0  000060
SWSPI_Synth_send_bits@count               cstackBANK0  000084
SWSPI_Synth_send_bits@data                cstackCOMRAM 000022
SWSPI_Synth_send_bits@mask                cstackBANK0  000080
SWSPI_Synth_send_bits@phrType             cstackBANK0  000085
SWSPI_send_word@data                      cstackCOMRAM 000026
SWSPI_send_word@dataSize                  cstackCOMRAM 00002A
SWSPI_send_word@datac                     cstackCOMRAM 00002B
SWSPI_send_word@idx                       cstackCOMRAM 00002C
SWSPI_send_word@phrType                   cstackCOMRAM 00002E
SendAckMessage@TxMsg                      cstackCOMRAM 000026
SendAckMessage@inGroup                    cstackCOMRAM 000025
SendAckMessage@inRequest                  cstackCOMRAM 000024
SetAdcOperationMode@data                  cstackCOMRAM 00002C
SetChannelMode@data                       cstackCOMRAM 00002C
SetConversionResultFormat@data            cstackCOMRAM 00002C
StoreIntInEeprom@address                  cstackCOMRAM 000025
StoreIntInEeprom@data                     cstackCOMRAM 000021
StoreIntInEeprom@idx                      cstackCOMRAM 000029
StoreIntInEeprom@numOfByes                cstackCOMRAM 000026
StoreIntInEeprom@val                      cstackCOMRAM 000028
SwSpi_Clk_Pin@cPinMode                    cstackCOMRAM 000018
SwSpi_Clk_Pin@phrType                     cstackCOMRAM 000019
SwSpi_Data_Pin@cPinMode                   cstackCOMRAM 000018
SwSpi_Data_Pin@phrType                    cstackCOMRAM 000019
SwSpi_Set_CE_Pin@cPinMode                 cstackCOMRAM 000018
SwSpi_Set_CE_Pin@phrType                  cstackCOMRAM 000019
SwSpi_Set_Dac_Sync_Pin@cPinMode           cstackCOMRAM 000018
SwSpi_Set_Synth_Le_Pin@cPinMode           cstackCOMRAM 000018
SwSpi_Set_Synth_Le_Pin@phrType            cstackCOMRAM 000019
SynthReadData@TxMsg                       cstackBANK0  000060
SynthReadData@data                        cstackCOMRAM 000024
SynthReadData@indx                        cstackBANK0  00007B
TMR0_ISR@CountCallBack                    bssCOMRAM    000034
TMR0_SetInterruptHandler@InterruptHandler cstackCOMRAM 000018
UpdateRxFreq@data                         cstackCOMRAM 00002C
UpdateTxFreq@data                         cstackBANK0  000087
UpdateTxFreq@regIdx                       cstackBANK0  000089
UpdateTxFreq@retVal                       cstackBANK0  00008A
WriteUartMessage@dataBuf                  cstackCOMRAM 000019
WriteUartMessage@dataSize                 cstackCOMRAM 00001B
WriteUartMessage@idx                      cstackCOMRAM 00001E
ZeroArray@array                           cstackCOMRAM 000020
ZeroArray@size                            cstackCOMRAM 000022
ZeroBitsArray@array                       cstackCOMRAM 000020
_ADCON0                                   (abs)        000FC2
_ADCON0bits                               (abs)        000FC2
_ADCON1                                   (abs)        000FC1
_ADCON2                                   (abs)        000FC0
_ADC_GetConversion                        text111      00355C
_ADC_Initialize                           text50       003820
_ADRESH                                   (abs)        000FC4
_ADRESL                                   (abs)        000FC3
_ANSELA                                   (abs)        000F38
_ANSELB                                   (abs)        000F39
_ANSELC                                   (abs)        000F3A
_ANSELD                                   (abs)        000F3B
_ANSELE                                   (abs)        000F3C
_AdcConvert                               text86       00102A
_AdcConvert$3314                          cstackBANK0  0000B9
_BAUDCON1                                 (abs)        000FB8
_BlinkErrorLeds                           text85       002C04
_BlinkOkLeds                              text84       002BA6
_CheckFlashPrecentage                     text83       00229C
_ClearMcuRunTime                          text82       003874
_DAC_ADDRES                               smallconst   000651
_DAC_DEFAULT_INIT_VALUES                  smallconst   000642
_DATAEE_ReadByte                          text81       003860
_DATAEE_WriteByte                         text12       003392
_DacInit                                  text66       0025C4
_DacSetValue                              text33       003900
_EEADR                                    (abs)        000FA9
_EECON1bits                               (abs)        000FA6
_EECON2                                   (abs)        000FA7
_EEDATA                                   (abs)        000FA8
_EUSART1_Initialize                       text49       0033C8
_EUSART1_Read                             text39       00312A
_EUSART1_Receive_ISR                      text118      00358C
_EUSART1_Transmit_ISR                     text117      00335A
_EUSART1_Write                            text58       003236
_EepromRead                               text80       003950
_EepromWrite                              text11       0038BA
_FLASH_EraseBlock                         text109      003468
_FLASH_IsWriteDone                        text110      0038F2
_FLASH_ReadByte                           text30       003888
_FLASH_WriteBlock                         text108      002126
_FlashEreaseMem                           text32       002ECC
_FlashReadCondition                       text31       0018D8
_FlashReadUart                            text28       0006A4
_FlashReadUart$581                        cstackBANK0  0000B1
_FlashReadUart$582                        cstackBANK0  0000B5
_FlashSampleWrite                         text107      0019F0
_GetIntFromUartData                       text13       00138E
_GetMcuFwVersion                          text27       00252E
_GetMcuRunTime                            text25       001DC0
_GroupAdc                                 text5        003056
_GroupControlMcu                          text7        00349C
_GroupDAC                                 text3        00373A
_GroupFlashMemory                         text4        0030E6
_GroupStatusAndVersion                    text6        0036AA
_GroupSynthesizers                        text8        0023F8
_INTCON2bits                              (abs)        000FF1
_INTCONbits                               (abs)        000FF2
_INTERRUPT_Initialize                     text48       003960
_INTERRUPT_InterruptManager               intcode      000008
_IOCB                                     (abs)        000F62
_InitAdcApplicationMgr                    text65       0038AA
_InitRxMessageParams                      text2        0035E6
_InitRxSynth                              text63       00300A
_InitSystemApplicationManagers            text59       003836
_InitTxSynth                              text62       002FBE
_LATA                                     (abs)        000F89
_LATAbits                                 (abs)        000F89
_LATB                                     (abs)        000F8A
_LATBbits                                 (abs)        000F8A
_LATC                                     (abs)        000F8B
_LATCbits                                 (abs)        000F8B
_LATD                                     (abs)        000F8C
_LATDbits                                 (abs)        000F8C
_LATE                                     (abs)        000F8D
_MEMORY_ISR                               text116      00396C
_Make32bitsArray                          text74       002D1A
_OSCCON                                   (abs)        000FD3
_OSCCON2                                  (abs)        000FD2
_OSCILLATOR_Initialize                    text47       0038D6
_OSCTUNE                                  (abs)        000F9B
_PIE1bits                                 (abs)        000F9D
_PIE2bits                                 (abs)        000FA0
_PIN_MANAGER_IOC                          text115      003968
_PIN_MANAGER_Initialize                   text46       00309E
_PIR1bits                                 (abs)        000F9E
_PIR2bits                                 (abs)        000FA1
_PLLInitialize                            text61       0038E4
_PLLUartInitialize                        text24       003970
_RCONbits                                 (abs)        000FD0
_RCREG1                                   (abs)        000FAE
_RCSTA1                                   (abs)        000FAB
_RCSTA1bits                               (abs)        000FAB
_ReadIntFromEeprom                        text78       001686
_ReadIntFromEeprom$3315                   cstackBANK1  0001C6
_ReadIntFromEeprom$3316                   cstackBANK1  0001C9
_ResetMcu                                 text35       0038C8
_SPBRG1                                   (abs)        000FAF
_SPBRGH1                                  (abs)        000FB0
_SWSPI_DAC_send_bits                      text75       002D72
_SWSPI_Synth_send_bits                    text71       0021E2
_SWSPI_send_word                          text67       002494
_SYNTH_ADDRES                             smallconst   000635
_SYNTH_REGS                               smallconst   000601
_SYSTEM_Initialize                        text43       0037EE
_SendAckMessage                           text54       002F1E
_SendSystemStartAck                       text53       003930
_SetAdcOperationMode                      text38       003918
_SetChannelMode                           text37       00352C
_SetConversionResultFormat                text36       00390C
_SetMcuRunTime                            text51       00316E
_SetMcuSystem                             text42       00393C
_SetSynthRxOper                           text23       0034FC
_SetSynthTxOper                           text22       0034CC
_StoreIntInEeprom                         text10       0032EA
_SwSpi_Clk_Pin                            text77       002E20
_SwSpi_Data_Pin                           text76       002DCA
_SwSpi_Set_CE_Pin                         text64       003272
_SwSpi_Set_Dac_Sync_Pin                   text70       0037D2
_SwSpi_Set_Synth_Le_Pin                   text69       0032AE
_SynthReadData                            text21       002A0A
_SynthRxOper                              dataCOMRAM   000044
_SynthTxOper                              dataCOMRAM   000045
_T0CON                                    (abs)        000FD5
_T0CONbits                                (abs)        000FD5
_TABLAT                                   (abs)        000FF5
_TBLPTRH                                  (abs)        000FF7
_TBLPTRL                                  (abs)        000FF6
_TBLPTRU                                  (abs)        000FF8
_TMR0H                                    (abs)        000FD7
_TMR0L                                    (abs)        000FD6
_TMR0_DefaultInterruptHandler             (abs)        000000
_TMR0_ISR                                 text113      00265A
_TMR0_Initialize                          text44       003434
_TMR0_InterruptHandler                    nvBANK0      0000FD
_TMR0_SetInterruptHandler                 text45       003946
_TMR0_StartTimer                          text60       003964
_TRISA                                    (abs)        000F92
_TRISB                                    (abs)        000F93
_TRISC                                    (abs)        000F94
_TRISD                                    (abs)        000F95
_TRISE                                    (abs)        000F96
_TXREG1                                   (abs)        000FAD
_TXSTA1                                   (abs)        000FAC
_TimerKeepAliveFlag                       bssBANK0     0000D6
_TimerOneSecFlag                          bssBANK0     0000D8
_TimerSamplingFlag                        bssBANK0     0000D7
_UpdateRxFreq                             text20       0036CE
_UpdateTxFreq                             text9        0026EC
_WPUB                                     (abs)        000F61
_WriteUartMessage                         text57       0033FE
_ZeroArray                                text56       003796
_ZeroBitsArray                            text72       0037B4
__CFG_BOREN$OFF                           (abs)        000000
__CFG_BORV$190                            (abs)        000000
__CFG_CCP2MX$PORTC1                       (abs)        000000
__CFG_CCP3MX$PORTB5                       (abs)        000000
__CFG_CP0$OFF                             (abs)        000000
__CFG_CP1$OFF                             (abs)        000000
__CFG_CP2$OFF                             (abs)        000000
__CFG_CP3$OFF                             (abs)        000000
__CFG_CPB$OFF                             (abs)        000000
__CFG_CPD$OFF                             (abs)        000000
__CFG_DEBUG$OFF                           (abs)        000000
__CFG_EBTR0$OFF                           (abs)        000000
__CFG_EBTR1$OFF                           (abs)        000000
__CFG_EBTR2$OFF                           (abs)        000000
__CFG_EBTR3$OFF                           (abs)        000000
__CFG_EBTRB$OFF                           (abs)        000000
__CFG_FCMEN$OFF                           (abs)        000000
__CFG_FOSC$INTIO67                        (abs)        000000
__CFG_HFOFST$ON                           (abs)        000000
__CFG_IESO$OFF                            (abs)        000000
__CFG_LVP$OFF                             (abs)        000000
__CFG_MCLRE$EXTMCLR                       (abs)        000000
__CFG_P2BMX$PORTD2                        (abs)        000000
__CFG_PBADEN$ON                           (abs)        000000
__CFG_PLLCFG$OFF                          (abs)        000000
__CFG_PRICLKEN$ON                         (abs)        000000
__CFG_PWRTEN$ON                           (abs)        000000
__CFG_STVREN$OFF                          (abs)        000000
__CFG_T3CMX$PORTC0                        (abs)        000000
__CFG_WDTEN$OFF                           (abs)        000000
__CFG_WDTPS$16384                         (abs)        000000
__CFG_WRT0$OFF                            (abs)        000000
__CFG_WRT1$OFF                            (abs)        000000
__CFG_WRT2$OFF                            (abs)        000000
__CFG_WRT3$OFF                            (abs)        000000
__CFG_WRTB$OFF                            (abs)        000000
__CFG_WRTC$OFF                            (abs)        000000
__CFG_WRTD$OFF                            (abs)        000000
__CFG_XINST$OFF                           (abs)        000000
__HRAM                                    (abs)        000000
__Habs1                                   abs1         000000
__Hbank0                                  bank0        000000
__Hbank1                                  bank1        000000
__Hbank2                                  bank2        000000
__Hbank3                                  bank3        000000
__Hbank4                                  bank4        000000
__Hbank5                                  bank5        000000
__Hbigbss                                 bigbss       000000
__Hbigdata                                bigdata      000000
__Hbigram                                 bigram       000000
__Hbss                                    bss          000000
__HbssBANK0                               bssBANK0     000000
__HbssBANK1                               bssBANK1     000000
__HbssCOMRAM                              bssCOMRAM    000000
__Hcinit                                  cinit        000000
__Hclrtext                                clrtext      000000
__Hcomram                                 comram       000000
__Hconfig                                 config       30000E
__Hconst                                  const        000000
__HcstackBANK0                            cstackBANK0  000000
__HcstackBANK1                            cstackBANK1  000000
__HcstackCOMRAM                           cstackCOMRAM 000000
__Hdata                                   data         000000
__HdataBANK0                              dataBANK0    000000
__HdataCOMRAM                             dataCOMRAM   000000
__Heeprom_data                            eeprom_data  000000
__Hfarbss                                 farbss       000000
__Hfardata                                fardata      000000
__Hibigdata                               ibigdata     000000
__Hidata                                  idata        000000
__HidataBANK0                             idataBANK0   000000
__HidataCOMRAM                            idataCOMRAM  000000
__Hidloc                                  idloc        200008
__Hifardata                               ifardata     000000
__Hinit                                   init         0000E0
__Hintcode                                intcode      0000DC
__Hintcode_body                           intcode_body 000000
__Hintcodelo                              intcodelo    0000DC
__Hintentry                               intentry     000000
__Hintret                                 intret       000000
__Hintsave_regs                           intsave_regs 000000
__Hirdata                                 irdata       000000
__Hmediumconst                            mediumconst  000000
__HnvBANK0                                nvBANK0      000000
__HnvCOMRAM                               nvCOMRAM     000000
__HnvFARRAM                               nvFARRAM     000000
__Hnvbit                                  nvbit        000000
__Hnvrram                                 nvrram       000000
__Hparam                                  rparam       000000
__Hpowerup                                powerup      0000DC
__Hram                                    ram          000000
__Hramtop                                 ramtop       000600
__Hrbit                                   rbit         000000
__Hrbss                                   rbss         000000
__Hrdata                                  rdata        000000
__Hreset_vec                              reset_vec    000004
__Hrparam                                 rparam       000000
__Hsfr                                    sfr          000000
__Hsmallconst                             smallconst   0006A4
__Hspace_0                                (abs)        30000E
__Hspace_1                                (abs)        0001D2
__Hspace_2                                (abs)        000000
__Hstack                                  stack        000000
__Hstruct                                 struct       000000
__Htemp                                   temp         000049
__Htext                                   text         000000
__Htext0                                  text0        000000
__Htext1                                  text1        000000
__Htext10                                 text10       000000
__Htext100                                text100      000000
__Htext101                                text101      000000
__Htext102                                text102      000000
__Htext103                                text103      000000
__Htext104                                text104      000000
__Htext105                                text105      000000
__Htext106                                text106      000000
__Htext107                                text107      000000
__Htext108                                text108      000000
__Htext109                                text109      000000
__Htext11                                 text11       000000
__Htext110                                text110      000000
__Htext111                                text111      000000
__Htext113                                text113      000000
__Htext114                                text114      000000
__Htext115                                text115      000000
__Htext116                                text116      000000
__Htext117                                text117      000000
__Htext118                                text118      000000
__Htext119                                text119      000000
__Htext12                                 text12       000000
__Htext13                                 text13       000000
__Htext14                                 text14       000000
__Htext15                                 text15       000000
__Htext16                                 text16       000000
__Htext17                                 text17       000000
__Htext18                                 text18       000000
__Htext19                                 text19       000000
__Htext2                                  text2        000000
__Htext20                                 text20       000000
__Htext21                                 text21       000000
__Htext22                                 text22       000000
__Htext23                                 text23       000000
__Htext24                                 text24       000000
__Htext25                                 text25       000000
__Htext26                                 text26       000000
__Htext27                                 text27       000000
__Htext28                                 text28       000000
__Htext29                                 text29       000000
__Htext3                                  text3        000000
__Htext30                                 text30       000000
__Htext31                                 text31       000000
__Htext32                                 text32       000000
__Htext33                                 text33       000000
__Htext34                                 text34       000000
__Htext35                                 text35       000000
__Htext36                                 text36       000000
__Htext37                                 text37       000000
__Htext38                                 text38       000000
__Htext39                                 text39       000000
__Htext4                                  text4        000000
__Htext40                                 text40       000000
__Htext41                                 text41       000000
__Htext42                                 text42       000000
__Htext43                                 text43       000000
__Htext44                                 text44       000000
__Htext45                                 text45       000000
__Htext46                                 text46       000000
__Htext47                                 text47       000000
__Htext48                                 text48       000000
__Htext49                                 text49       000000
__Htext5                                  text5        000000
__Htext50                                 text50       000000
__Htext51                                 text51       000000
__Htext52                                 text52       000000
__Htext53                                 text53       000000
__Htext54                                 text54       000000
__Htext55                                 text55       000000
__Htext56                                 text56       000000
__Htext57                                 text57       000000
__Htext58                                 text58       000000
__Htext59                                 text59       000000
__Htext6                                  text6        000000
__Htext60                                 text60       000000
__Htext61                                 text61       000000
__Htext62                                 text62       000000
__Htext63                                 text63       000000
__Htext64                                 text64       000000
__Htext65                                 text65       000000
__Htext66                                 text66       000000
__Htext67                                 text67       000000
__Htext68                                 text68       000000
__Htext69                                 text69       000000
__Htext7                                  text7        000000
__Htext70                                 text70       000000
__Htext71                                 text71       000000
__Htext72                                 text72       000000
__Htext73                                 text73       000000
__Htext74                                 text74       000000
__Htext75                                 text75       000000
__Htext76                                 text76       000000
__Htext77                                 text77       000000
__Htext78                                 text78       000000
__Htext79                                 text79       000000
__Htext8                                  text8        000000
__Htext80                                 text80       000000
__Htext81                                 text81       000000
__Htext82                                 text82       000000
__Htext83                                 text83       000000
__Htext84                                 text84       000000
__Htext85                                 text85       000000
__Htext86                                 text86       000000
__Htext87                                 text87       000000
__Htext88                                 text88       000000
__Htext89                                 text89       000000
__Htext9                                  text9        000000
__Htext90                                 text90       000000
__Htext91                                 text91       000000
__Htext92                                 text92       000000
__Htext93                                 text93       000000
__Htext94                                 text94       000000
__Htext95                                 text95       000000
__Htext96                                 text96       000000
__Htext97                                 text97       000000
__Htext98                                 text98       000000
__Htext99                                 text99       000000
__LRAM                                    (abs)        000001
__Labs1                                   abs1         000000
__Lbank0                                  bank0        000000
__Lbank1                                  bank1        000000
__Lbank2                                  bank2        000000
__Lbank3                                  bank3        000000
__Lbank4                                  bank4        000000
__Lbank5                                  bank5        000000
__Lbigbss                                 bigbss       000000
__Lbigdata                                bigdata      000000
__Lbigram                                 bigram       000000
__Lbss                                    bss          000000
__LbssBANK0                               bssBANK0     000000
__LbssBANK1                               bssBANK1     000000
__LbssCOMRAM                              bssCOMRAM    000000
__Lcinit                                  cinit        000000
__Lclrtext                                clrtext      000000
__Lcomram                                 comram       000000
__Lconfig                                 config       300000
__Lconst                                  const        000000
__LcstackBANK0                            cstackBANK0  000000
__LcstackBANK1                            cstackBANK1  000000
__LcstackCOMRAM                           cstackCOMRAM 000000
__Ldata                                   data         000000
__LdataBANK0                              dataBANK0    000000
__LdataCOMRAM                             dataCOMRAM   000000
__Leeprom_data                            eeprom_data  000000
__Lfarbss                                 farbss       000000
__Lfardata                                fardata      000000
__Libigdata                               ibigdata     000000
__Lidata                                  idata        000000
__LidataBANK0                             idataBANK0   000000
__LidataCOMRAM                            idataCOMRAM  000000
__Lidloc                                  idloc        200000
__Lifardata                               ifardata     000000
__Linit                                   init         0000DC
__Lintcode                                intcode      000008
__Lintcode_body                           intcode_body 000000
__Lintcodelo                              intcodelo    0000DC
__Lintentry                               intentry     000000
__Lintret                                 intret       000000
__Lintsave_regs                           intsave_regs 000000
__Lirdata                                 irdata       000000
__Lmediumconst                            mediumconst  000000
__LnvBANK0                                nvBANK0      000000
__LnvCOMRAM                               nvCOMRAM     000000
__LnvFARRAM                               nvFARRAM     000000
__Lnvbit                                  nvbit        000000
__Lnvrram                                 nvrram       000000
__Lparam                                  rparam       000000
__Lpowerup                                powerup      0000DC
__Lram                                    ram          000000
__Lramtop                                 ramtop       000600
__Lrbit                                   rbit         000000
__Lrbss                                   rbss         000000
__Lrdata                                  rdata        000000
__Lreset_vec                              reset_vec    000000
__Lrparam                                 rparam       000000
__Lsfr                                    sfr          000000
__Lsmallconst                             smallconst   000600
__Lspace_0                                (abs)        000000
__Lspace_1                                (abs)        000000
__Lspace_2                                (abs)        000000
__Lstack                                  stack        000000
__Lstruct                                 struct       000000
__Ltemp                                   temp         000048
__Ltext                                   text         000000
__Ltext0                                  text0        000000
__Ltext1                                  text1        000000
__Ltext10                                 text10       000000
__Ltext100                                text100      000000
__Ltext101                                text101      000000
__Ltext102                                text102      000000
__Ltext103                                text103      000000
__Ltext104                                text104      000000
__Ltext105                                text105      000000
__Ltext106                                text106      000000
__Ltext107                                text107      000000
__Ltext108                                text108      000000
__Ltext109                                text109      000000
__Ltext11                                 text11       000000
__Ltext110                                text110      000000
__Ltext111                                text111      000000
__Ltext113                                text113      000000
__Ltext114                                text114      000000
__Ltext115                                text115      000000
__Ltext116                                text116      000000
__Ltext117                                text117      000000
__Ltext118                                text118      000000
__Ltext119                                text119      000000
__Ltext12                                 text12       000000
__Ltext13                                 text13       000000
__Ltext14                                 text14       000000
__Ltext15                                 text15       000000
__Ltext16                                 text16       000000
__Ltext17                                 text17       000000
__Ltext18                                 text18       000000
__Ltext19                                 text19       000000
__Ltext2                                  text2        000000
__Ltext20                                 text20       000000
__Ltext21                                 text21       000000
__Ltext22                                 text22       000000
__Ltext23                                 text23       000000
__Ltext24                                 text24       000000
__Ltext25                                 text25       000000
__Ltext26                                 text26       000000
__Ltext27                                 text27       000000
__Ltext28                                 text28       000000
__Ltext29                                 text29       000000
__Ltext3                                  text3        000000
__Ltext30                                 text30       000000
__Ltext31                                 text31       000000
__Ltext32                                 text32       000000
__Ltext33                                 text33       000000
__Ltext34                                 text34       000000
__Ltext35                                 text35       000000
__Ltext36                                 text36       000000
__Ltext37                                 text37       000000
__Ltext38                                 text38       000000
__Ltext39                                 text39       000000
__Ltext4                                  text4        000000
__Ltext40                                 text40       000000
__Ltext41                                 text41       000000
__Ltext42                                 text42       000000
__Ltext43                                 text43       000000
__Ltext44                                 text44       000000
__Ltext45                                 text45       000000
__Ltext46                                 text46       000000
__Ltext47                                 text47       000000
__Ltext48                                 text48       000000
__Ltext49                                 text49       000000
__Ltext5                                  text5        000000
__Ltext50                                 text50       000000
__Ltext51                                 text51       000000
__Ltext52                                 text52       000000
__Ltext53                                 text53       000000
__Ltext54                                 text54       000000
__Ltext55                                 text55       000000
__Ltext56                                 text56       000000
__Ltext57                                 text57       000000
__Ltext58                                 text58       000000
__Ltext59                                 text59       000000
__Ltext6                                  text6        000000
__Ltext60                                 text60       000000
__Ltext61                                 text61       000000
__Ltext62                                 text62       000000
__Ltext63                                 text63       000000
__Ltext64                                 text64       000000
__Ltext65                                 text65       000000
__Ltext66                                 text66       000000
__Ltext67                                 text67       000000
__Ltext68                                 text68       000000
__Ltext69                                 text69       000000
__Ltext7                                  text7        000000
__Ltext70                                 text70       000000
__Ltext71                                 text71       000000
__Ltext72                                 text72       000000
__Ltext73                                 text73       000000
__Ltext74                                 text74       000000
__Ltext75                                 text75       000000
__Ltext76                                 text76       000000
__Ltext77                                 text77       000000
__Ltext78                                 text78       000000
__Ltext79                                 text79       000000
__Ltext8                                  text8        000000
__Ltext80                                 text80       000000
__Ltext81                                 text81       000000
__Ltext82                                 text82       000000
__Ltext83                                 text83       000000
__Ltext84                                 text84       000000
__Ltext85                                 text85       000000
__Ltext86                                 text86       000000
__Ltext87                                 text87       000000
__Ltext88                                 text88       000000
__Ltext89                                 text89       000000
__Ltext9                                  text9        000000
__Ltext90                                 text90       000000
__Ltext91                                 text91       000000
__Ltext92                                 text92       000000
__Ltext93                                 text93       000000
__Ltext94                                 text94       000000
__Ltext95                                 text95       000000
__Ltext96                                 text96       000000
__Ltext97                                 text97       000000
__Ltext98                                 text98       000000
__Ltext99                                 text99       000000
__S0                                      (abs)        30000E
__S1                                      (abs)        0001D2
__S2                                      (abs)        000000
___altoft                                 text95       00291E
___altoft@c                               cstackBANK0  000087
___altoft@exp                             cstackBANK0  00008F
___altoft@sign                            cstackBANK0  000090
___awtoft                                 text103      003322
___awtoft@c                               cstackCOMRAM 000020
___awtoft@sign                            cstackCOMRAM 000023
___ftadd                                  text100      0011E0
___ftadd@exp1                             cstackBANK0  000083
___ftadd@exp2                             cstackBANK0  000082
___ftadd@f1                               cstackBANK0  000078
___ftadd@f2                               cstackBANK0  00007B
___ftadd@sign                             cstackBANK0  000081
___ftdiv                                  text102      001CD8
___ftdiv@cntr                             cstackBANK0  000063
___ftdiv@exp                              cstackBANK0  000067
___ftdiv@f1                               cstackCOMRAM 000029
___ftdiv@f2                               cstackCOMRAM 00002C
___ftdiv@f3                               cstackBANK0  000064
___ftdiv@sign                             cstackBANK0  000068
___ftge                                   text94       00280C
___ftge@ff1                               cstackCOMRAM 000018
___ftge@ff2                               cstackCOMRAM 00001B
___ftmul                                  text98       001BE2
___ftmul@cntr                             cstackBANK0  000076
___ftmul@exp                              cstackBANK0  000072
___ftmul@f1                               cstackBANK0  000069
___ftmul@f2                               cstackBANK0  00006C
___ftmul@f3_as_product                    cstackBANK0  000073
___ftmul@sign                             cstackBANK0  000077
___ftneg                                  text101      0036F2
___ftneg@f1                               cstackCOMRAM 000018
___ftpack                                 text106      00234A
___ftpack@arg                             cstackCOMRAM 000018
___ftpack@exp                             cstackCOMRAM 00001B
___ftpack@sign                            cstackCOMRAM 00001C
___ftsub                                  text99       0031B2
___ftsub@f1                               cstackBANK0  000084
___ftsub@f2                               cstackBANK0  000087
___fttol                                  text93       001AEA
___fttol@exp1                             cstackBANK0  000086
___fttol@f1                               cstackBANK0  000078
___fttol@lval                             cstackBANK0  000082
___fttol@sign1                            cstackBANK0  000081
___inthi_sp                               stack        000000
___intlo_sp                               stack        000000
___lldiv                                  text26       00289C
___lldiv@counter                          cstackCOMRAM 000024
___lldiv@dividend                         cstackCOMRAM 000018
___lldiv@divisor                          cstackCOMRAM 00001C
___lldiv@quotient                         cstackCOMRAM 000020
___llmod                                  text52       002ADE
___llmod@counter                          cstackCOMRAM 000020
___llmod@dividend                         cstackCOMRAM 000018
___llmod@divisor                          cstackCOMRAM 00001C
___lltoft                                 text104      002CBE
___lltoft@c                               cstackCOMRAM 000020
___lltoft@exp                             cstackCOMRAM 000028
___lmul                                   text79       002E76
___lmul@multiplicand                      cstackCOMRAM 00001E
___lmul@multiplier                        cstackCOMRAM 00001A
___lmul@product                           cstackCOMRAM 000022
___lwmod                                  text114      0031F4
___lwmod@counter                          cstackCOMRAM 000005
___lwmod@dividend                         cstackCOMRAM 000001
___lwmod@divisor                          cstackCOMRAM 000003
___lwtoft                                 text105      003716
___lwtoft@c                               cstackCOMRAM 000020
___param_bank                             (abs)        000000
___rparam_used                            (abs)        000001
___sp                                     stack        000000
___wmul                                   text97       003684
___wmul@multiplicand                      cstackCOMRAM 00001A
___wmul@multiplier                        cstackCOMRAM 000018
___wmul@product                           cstackCOMRAM 00001C
__accesstop                               (abs)        000060
__activetblptr                            (abs)        000002
__end_of_ADC_GetConversion                text111      00358C
__end_of_ADC_Initialize                   text50       003836
__end_of_AdcConvert                       text86       0011E0
__end_of_BlinkErrorLeds                   text85       002C62
__end_of_BlinkOkLeds                      text84       002C04
__end_of_CheckFlashPrecentage             text83       00234A
__end_of_ClearMcuRunTime                  text82       003888
__end_of_DAC_ADDRES                       smallconst   000655
__end_of_DAC_DEFAULT_INIT_VALUES          smallconst   00064A
__end_of_DATAEE_ReadByte                  text81       003874
__end_of_DATAEE_WriteByte                 text12       0033C8
__end_of_DacInit                          text66       00265A
__end_of_DacSetValue                      text33       00390C
__end_of_EUSART1_Initialize               text49       0033FE
__end_of_EUSART1_Read                     text39       00316E
__end_of_EUSART1_Receive_ISR              text118      0035BA
__end_of_EUSART1_Transmit_ISR             text117      003392
__end_of_EUSART1_Write                    text58       003272
__end_of_EepromRead                       text80       00395A
__end_of_EepromWrite                      text11       0038C8
__end_of_FLASH_EraseBlock                 text109      00349C
__end_of_FLASH_IsWriteDone                text110      003900
__end_of_FLASH_ReadByte                   text30       00389A
__end_of_FLASH_WriteBlock                 text108      0021E2
__end_of_FlashEreaseMem                   text32       002F1E
__end_of_FlashReadCondition               text31       0019F0
__end_of_FlashReadUart                    text28       000A66
__end_of_FlashSampleWrite                 text107      001AEA
__end_of_GetIntFromUartData               text13       00150A
__end_of_GetMcuFwVersion                  text27       0025C4
__end_of_GetMcuRunTime                    text25       001EA4
__end_of_GroupAdc                         text5        00309E
[...]
      Locals:         1       0       0       0       0       0       0
      Temps:          2       0       0       0       0       0       0
      Totals:         5       0       0       0       0       0       0
Total ram usage:        5 bytes
 Hardware stack levels used:    1
 Hardware stack levels required when called:    3
 This function calls:
		Nothing
 This function is called by:
		_AdcConvert
 This function uses a non-reentrant model


 *************** function _INTERRUPT_InterruptManager *****************
 Defined at:
		line 57 in file "mcc_generated_files/interrupt_manager.c"
 Parameters:    Size  Location     Type
		None
 Auto vars:     Size  Location     Type
		None
 Return value:  Size  Location     Type
                  1    wreg      void 
 Registers used:
		wreg, fsr2l, fsr2h, status,2, status,0, prodl, prodh, cstack
 Tracked objects:
		On entry : 
		On exit  : 
		Unchanged: 
 Data sizes:     COMRAM   BANK0   BANK1   BANK2   BANK3   BANK4   BANK5
      Params:         0       0       0       0       0       0       0
      Locals:         0       0       0       0       0       0       0
      Temps:         18       0       0       0       0       0       0
      Totals:        18       0       0       0       0       0       0
Total ram usage:       18 bytes
 Hardware stack levels used:    1
 Hardware stack levels required when called:    2
 This function calls:
		_EUSART1_Receive_ISR
		_EUSART1_Transmit_ISR
		_MEMORY_ISR
		_PIN_MANAGER_IOC
		_TMR0_ISR
 This function is called by:
		Interrupt level 2
 This function uses a non-reentrant model


 *************** function _TMR0_ISR *****************
 Defined at:
		line 132 in file "mcc_generated_files/tmr0.c"
 Parameters:    Size  Location     Type
		None
 Auto vars:     Size  Location     Type
		None
 Return value:  Size  Location     Type
                  1    wreg      void 
 Registers used:
		wreg, status,2, status,0, cstack
 Tracked objects:
		On entry : 
		On exit  : 
		Unchanged: 
 Data sizes:     COMRAM   BANK0   BANK1   BANK2   BANK3   BANK4   BANK5
      Params:         0       0       0       0       0       0       0
      Locals:         0       0       0       0       0       0       0
      Temps:          0       0       0       0       0       0       0
      Totals:         0       0       0       0       0       0       0
Total ram usage:        0 bytes
 Hardware stack levels used:    1
 Hardware stack levels required when called:    1
 This function calls:
		___lwmod
 This function is called by:
		_INTERRUPT_InterruptManager
 This function uses a non-reentrant model


 *************** function ___lwmod *****************
 Defined at:
		line 8 in file "C:\Program Files (x86)\Microchip\xc8\v1.45\sources\common\lwmod.c"
 Parameters:    Size  Location     Type
  dividend        2    0[COMRAM] unsigned int 
  divisor         2    2[COMRAM] unsigned int 
 Auto vars:     Size  Location     Type
  counter         1    4[COMRAM] unsigned char 
 Return value:  Size  Location     Type
                  2    0[COMRAM] unsigned int 
 Registers used:
		wreg, status,2, status,0
 Tracked objects:
		On entry : 
		On exit  : 
		Unchanged: 
 Data sizes:     COMRAM   BANK0   BANK1   BANK2   BANK3   BANK4   BANK5
      Params:         4       0       0       0       0       0       0
      Locals:         1       0       0       0       0       0       0
      Temps:          0       0       0       0       0       0       0
      Totals:         5       0       0       0       0       0       0
Total ram usage:        5 bytes
 Hardware stack levels used:    1
 This function calls:
		Nothing
 This function is called by:
		_TMR0_ISR
 This function uses a non-reentrant model


 *************** function _PIN_MANAGER_IOC *****************
 Defined at:
		line 96 in file "mcc_generated_files/pin_manager.c"
 Parameters:    Size  Location     Type
		None
 Auto vars:     Size  Location     Type
		None
 Return value:  Size  Location     Type
                  1    wreg      void 
 Registers used:
		None
 Tracked objects:
		On entry : 
		On exit  : 
		Unchanged: 
 Data sizes:     COMRAM   BANK0   BANK1   BANK2   BANK3   BANK4   BANK5
      Params:         0       0       0       0       0       0       0
      Locals:         0       0       0       0       0       0       0
      Temps:          0       0       0       0       0       0       0
      Totals:         0       0       0       0       0       0       0
Total ram usage:        0 bytes
 Hardware stack levels used:    1
 This function calls:
		Nothing
 This function is called by:
		_INTERRUPT_InterruptManager
 This function uses a non-reentrant model


 *************** function _MEMORY_ISR *****************
 Defined at:
		line 206 in file "mcc_generated_files/memory.c"
 Parameters:    Size  Location     Type
		None
 Auto vars:     Size  Location     Type
		None
 Return value:  Size  Location     Type
                  1    wreg      void 
 Registers used:
		None
 Tracked objects:
		On entry : 
		On exit  : 
		Unchanged: 
 Data sizes:     COMRAM   BANK0   BANK1   BANK2   BANK3   BANK4   BANK5
      Params:         0       0       0       0       0       0       0
      Locals:         0       0       0       0       0       0       0
      Temps:          0       0       0       0       0       0       0
      Totals:         0       0       0       0       0       0       0
Total ram usage:        0 bytes
 Hardware stack levels used:    1
 This function calls:
		Nothing
 This function is called by:
		_INTERRUPT_InterruptManager
 This function uses a non-reentrant model


 *************** function _EUSART1_Transmit_ISR *****************
 Defined at:
		line 181 in file "mcc_generated_files/eusart1.c"
 Parameters:    Size  Location     Type
		None
 Auto vars:     Size  Location     Type
		None
 Return value:  Size  Location     Type
                  1    wreg      void 
 Registers used:
		wreg, fsr2l, fsr2h, status,2, status,0, prodl, prodh
 Tracked objects:
		On entry : 
		On exit  : 
		Unchanged: 
 Data sizes:     COMRAM   BANK0   BANK1   BANK2   BANK3   BANK4   BANK5
      Params:         0       0       0       0       0       0       0
      Locals:         0       0       0       0       0       0       0
      Temps:          0       0       0       0       0       0       0
      Totals:         0       0       0       0       0       0       0
Total ram usage:        0 bytes
 Hardware stack levels used:    1
 This function calls:
		Nothing
 This function is called by:
		_INTERRUPT_InterruptManager
 This function uses a non-reentrant model


 *************** function _EUSART1_Receive_ISR *****************
 Defined at:
		line 202 in file "mcc_generated_files/eusart1.c"
 Parameters:    Size  Location     Type
		None
 Auto vars:     Size  Location     Type
		None
 Return value:  Size  Location     Type
                  1    wreg      void 
 Registers used:
		wreg, fsr2l, fsr2h, status,2, status,0, prodl, prodh
 Tracked objects:
		On entry : 
		On exit  : 
		Unchanged: 
 Data sizes:     COMRAM   BANK0   BANK1   BANK2   BANK3   BANK4   BANK5
      Params:         0       0       0       0       0       0       0
      Locals:         0       0       0       0       0       0       0
      Temps:          0       0       0       0       0       0       0
      Totals:         0       0       0       0       0       0       0
Total ram usage:        0 bytes
 Hardware stack levels used:    1
 This function calls:
		Nothing
 This function is called by:
		_INTERRUPT_InterruptManager
 This function uses a non-reentrant model



MODULE INFORMATION

Module		Function		Class		Link	Load	Size
AdcApp.c
		_SetConversionResultFormat		CODE           	390C	0000	13
		_AdcConvert    		CODE           	102A	0000	439
		_SetChannelMode		CODE           	352C	0000	49
		_InitAdcApplicationMgr		CODE           	38AA	0000	17
		_SetAdcOperationMode		CODE           	3918	0000	13

AdcApp.c estimated size: 531

MessageFunctions.c
		_GroupControlMcu		CODE           	349C	0000	49
		_GroupStatusAndVersion		CODE           	36AA	0000	37
		_GroupDAC      		CODE           	373A	0000	33
		_GroupAdc      		CODE           	3056	0000	73
		_GroupSynthesizers		CODE           	23F8	0000	157
		_GroupFlashMemory		CODE           	30E6	0000	69

MessageFunctions.c estimated size: 418

SystemCommon.c
		_ZeroBitsArray 		CODE           	37B4	0000	31
		_make8         		CODE           	2C62	0000	93
		_Make32bitsArray		CODE           	2D1A	0000	89
		_ResetMcu      		CODE           	38C8	0000	15
		_StoreIntInEeprom		CODE           	32EA	0000	57
		_ReadIntFromEeprom		CODE           	1686	0000	305
		_ZeroArray     		CODE           	3796	0000	31
		_GetIntFromUartData		CODE           	138E	0000	381
		_crc8          		CODE           	2F70	0000	79
		_SendSystemStartAck		CODE           	3930	0000	13

SystemCommon.c estimated size: 1094

C:\Program Files (x86)\Microchip\xc8\v1.45\sources\common\ftneg.c
		___ftneg       		CODE           	36F2	0000	37

C:\Program Files (x86)\Microchip\xc8\v1.45\sources\common\ftneg.c estimated size: 37

DacApp.c
		_DacInit       		CODE           	25C4	0000	151
		_DacSetValue   		CODE           	3900	0000	13

DacApp.c estimated size: 164

SystemStatus.c
		_keepAliveSignalUart		CODE           	3924	0000	13
		_GetMcuRunTime 		CODE           	1DC0	0000	229
		_ClearMcuRunTime		CODE           	3874	0000	21
		_SetMcuRunTime 		CODE           	316E	0000	69
		_GetMcuFwVersion		CODE           	252E	0000	151

SystemStatus.c estimated size: 483

C:\Program Files (x86)\Microchip\xc8\v1.45\sources\common\strtol.c
		_strtol        		CODE           	0E54	0000	471

C:\Program Files (x86)\Microchip\xc8\v1.45\sources\common\strtol.c estimated size: 471

C:\Program Files (x86)\Microchip\xc8\v1.45\sources\common\isalpha.c
		_isalpha       		CODE           	360E	0000	41

C:\Program Files (x86)\Microchip\xc8\v1.45\sources\common\isalpha.c estimated size: 41

C:\Program Files (x86)\Microchip\xc8\v1.45\sources\common\ftsub.c
		___ftsub       		CODE           	31B2	0000	67

C:\Program Files (x86)\Microchip\xc8\v1.45\sources\common\ftsub.c estimated size: 67

C:\Program Files (x86)\Microchip\xc8\v1.45\sources\common\float.c
		___ftpack      		CODE           	234A	0000	175

C:\Program Files (x86)\Microchip\xc8\v1.45\sources\common\float.c estimated size: 175

SwSpiApp.c
		_SWSPI_Synth_send_bits		CODE           	21E2	0000	187
		_SWSPI_send_word		CODE           	2494	0000	155
		_SwSpi_Set_Synth_Le_Pin		CODE           	32AE	0000	61
		_SwSpi_Data_Pin		CODE           	2DCA	0000	87
		_SwSpi_Set_CE_Pin		CODE           	3272	0000	61
		_SwSpi_Clk_Pin 		CODE           	2E20	0000	87
		_SwSpi_Set_Dac_Sync_Pin		CODE           	37D2	0000	29
		_SWSPI_DAC_send_bits		CODE           	2D72	0000	89

SwSpiApp.c estimated size: 756

C:\Program Files (x86)\Microchip\xc8\v1.45\sources\common\lltoft.c
		___lltoft      		CODE           	2CBE	0000	93

C:\Program Files (x86)\Microchip\xc8\v1.45\sources\common\lltoft.c estimated size: 93

mcc_generated_files/interrupt_manager.c
		_INTERRUPT_Initialize		CODE           	3960	0000	5
		_INTERRUPT_InterruptManager		CODE           	0008	0000	213

mcc_generated_files/interrupt_manager.c estimated size: 218

C:\Program Files (x86)\Microchip\xc8\v1.45\sources\common\log.c
		_log           		CODE           	17B6	0000	291

C:\Program Files (x86)\Microchip\xc8\v1.45\sources\common\log.c estimated size: 291

C:\Program Files (x86)\Microchip\xc8\v1.45\sources\common\Umul16.c
		___wmul        		CODE           	3684	0000	39

C:\Program Files (x86)\Microchip\xc8\v1.45\sources\common\Umul16.c estimated size: 39

mcc_generated_files/tmr0.c
		_TMR0_SetInterruptHandler		CODE           	3946	0000	11
		_TMR0_StartTimer		CODE           	3964	0000	5
		_TMR0_ISR      		CODE           	265A	0000	147
		_TMR0_Initialize		CODE           	3434	0000	53

mcc_generated_files/tmr0.c estimated size: 216

SyntApp.c
		_PLLInitialize 		CODE           	38E4	0000	15
		_PLLUartInitialize		CODE           	3970	0000	3
		_UpdateRxFreq  		CODE           	36CE	0000	37
		_InitRxSynth   		CODE           	300A	0000	77
		_InitTxSynth   		CODE           	2FBE	0000	77
		_UpdateTxFreq  		CODE           	26EC	0000	145
		_SynthReadData 		CODE           	2A0A	0000	107
		_SetSynthRxOper		CODE           	34FC	0000	49
		_SetSynthTxOper		CODE           	34CC	0000	49

SyntApp.c estimated size: 559

C:\Program Files (x86)\Microchip\xc8\v1.45\sources\common\frexp.c
		_ldexp         		CODE           	2060	0000	199
		_frexp         		CODE           	277C	0000	145

C:\Program Files (x86)\Microchip\xc8\v1.45\sources\common\frexp.c estimated size: 344

C:\Program Files (x86)\Microchip\xc8\v1.45\sources\common\ftge.c
		___ftge        		CODE           	280C	0000	145

C:\Program Files (x86)\Microchip\xc8\v1.45\sources\common\ftge.c estimated size: 145

mcc_generated_files/pin_manager.c
		_PIN_MANAGER_Initialize		CODE           	309E	0000	73
		_PIN_MANAGER_IOC		CODE           	3968	0000	5

mcc_generated_files/pin_manager.c estimated size: 78

C:\Program Files (x86)\Microchip\xc8\v1.45\sources\common\isdigit.c
		_isdigit       		CODE           	375A	0000	31

C:\Program Files (x86)\Microchip\xc8\v1.45\sources\common\isdigit.c estimated size: 31

C:\Program Files (x86)\Microchip\xc8\v1.45\sources\common\pow.c
		_pow           		CODE           	150A	0000	381

C:\Program Files (x86)\Microchip\xc8\v1.45\sources\common\pow.c estimated size: 381

C:\Program Files (x86)\Microchip\xc8\v1.45\sources\common\floor.c
		_floor         		CODE           	1EA4	0000	227

C:\Program Files (x86)\Microchip\xc8\v1.45\sources\common\floor.c estimated size: 227

C:\Program Files (x86)\Microchip\xc8\v1.45\sources\common\lwmod.c
		___lwmod       		CODE           	31F4	0000	67

C:\Program Files (x86)\Microchip\xc8\v1.45\sources\common\lwmod.c estimated size: 67

C:\Program Files (x86)\Microchip\xc8\v1.45\sources\common\ftmul.c
		___ftmul       		CODE           	1BE2	0000	247

C:\Program Files (x86)\Microchip\xc8\v1.45\sources\common\ftmul.c estimated size: 247

mcc_generated_files/adc.c
		_ADC_Initialize		CODE           	3820	0000	23
		_ADC_GetConversion		CODE           	355C	0000	49

mcc_generated_files/adc.c estimated size: 72

C:\Program Files (x86)\Microchip\xc8\v1.45\sources\common\ftdiv.c
		___ftdiv       		CODE           	1CD8	0000	233

C:\Program Files (x86)\Microchip\xc8\v1.45\sources\common\ftdiv.c estimated size: 233

C:\Program Files (x86)\Microchip\xc8\v1.45\sources\common\llmod.c
		___llmod       		CODE           	2ADE	0000	103

C:\Program Files (x86)\Microchip\xc8\v1.45\sources\common\llmod.c estimated size: 103

C:\Program Files (x86)\Microchip\xc8\v1.45\sources\common\Umul32.c
		___lmul        		CODE           	2E76	0000	87

C:\Program Files (x86)\Microchip\xc8\v1.45\sources\common\Umul32.c estimated size: 87

FlashApp.c
		_EepromWrite   		CODE           	38BA	0000	15
		_CheckFlashPrecentage		CODE           	229C	0000	175
		_FlashReadCondition		CODE           	18D8	0000	281
		_FlashSampleWrite		CODE           	19F0	0000	251
		_FlashEreaseMem		CODE           	2ECC	0000	83
		_EepromRead    		CODE           	3950	0000	11
		_FlashReadUart 		CODE           	06A4	0000	963

FlashApp.c estimated size: 1779

shared
		exp@coeff      		SMALLCONST     	0655	0000	31
		_SYNTH_ADDRES  		SMALLCONST     	0635	0000	14
		_DAC_DEFAULT_INIT_VALUES		SMALLCONST     	0642	0000	9
		__initialization		CODE           	2998	0000	101
		_DAC_ADDRES    		SMALLCONST     	0651	0000	5
		log@coeff      		SMALLCONST     	0673	0000	28
		_SYNTH_REGS    		SMALLCONST     	0601	0000	53
		_channelArr    		SMALLCONST     	064A	0000	8

shared estimated size: 249

mcc_generated_files/eusart1.c
		_EUSART1_Initialize		CODE           	33C8	0000	55
		_EUSART1_Read  		CODE           	312A	0000	69
		_EUSART1_Write 		CODE           	3236	0000	61
		_EUSART1_Receive_ISR		CODE           	358C	0000	47
		_EUSART1_Transmit_ISR		CODE           	335A	0000	57

mcc_generated_files/eusart1.c estimated size: 289

mcc_generated_files/mcc.c
		_OSCILLATOR_Initialize		CODE           	38D6	0000	15
		_SYSTEM_Initialize		CODE           	37EE	0000	27

mcc_generated_files/mcc.c estimated size: 42

C:\Program Files (x86)\Microchip\xc8\v1.45\sources\common\fttol.c
		___fttol       		CODE           	1AEA	0000	249

C:\Program Files (x86)\Microchip\xc8\v1.45\sources\common\fttol.c estimated size: 249

SystemSettings.c
		_SetMcuSystem  		CODE           	393C	0000	11
		_InitSystemApplicationManagers		CODE           	3836	0000	23

SystemSettings.c estimated size: 34

C:\Program Files (x86)\Microchip\xc8\v1.45\sources\common\awtoft.c
		___awtoft      		CODE           	3322	0000	57

C:\Program Files (x86)\Microchip\xc8\v1.45\sources\common\awtoft.c estimated size: 57

C:\Program Files (x86)\Microchip\xc8\v1.45\sources\common\evalpoly.c
		_eval_poly     		CODE           	1F86	0000	219

C:\Program Files (x86)\Microchip\xc8\v1.45\sources\common\evalpoly.c estimated size: 219

C:\Program Files (x86)\Microchip\xc8\v1.45\sources\common\isupper.c
		_isupper       		CODE           	3778	0000	31

C:\Program Files (x86)\Microchip\xc8\v1.45\sources\common\isupper.c estimated size: 31

mcc_generated_files/memory.c
		_FLASH_EraseBlock		CODE           	3468	0000	53
		_FLASH_ReadByte		CODE           	3888	0000	19
		_FLASH_WriteBlock		CODE           	2126	0000	189
		_DATAEE_WriteByte		CODE           	3392	0000	55
		_MEMORY_ISR    		CODE           	396C	0000	5
		_FLASH_IsWriteDone		CODE           	38F2	0000	15
		_DATAEE_ReadByte		CODE           	3860	0000	21

mcc_generated_files/memory.c estimated size: 357

C:\Program Files (x86)\Microchip\xc8\v1.45\sources\common\ftadd.c
		___ftadd       		CODE           	11E0	0000	431

C:\Program Files (x86)\Microchip\xc8\v1.45\sources\common\ftadd.c estimated size: 431

C:\Program Files (x86)\Microchip\xc8\v1.45\sources\common\toupper.c
		_toupper       		CODE           	384C	0000	21

C:\Program Files (x86)\Microchip\xc8\v1.45\sources\common\toupper.c estimated size: 21

C:\Program Files (x86)\Microchip\xc8\v1.45\sources\common\abs.c
		_abs           		CODE           	3636	0000	41

C:\Program Files (x86)\Microchip\xc8\v1.45\sources\common\abs.c estimated size: 41

C:\Program Files (x86)\Microchip\xc8\v1.45\sources\common\lldiv.c
		___lldiv       		CODE           	289C	0000	131

C:\Program Files (x86)\Microchip\xc8\v1.45\sources\common\lldiv.c estimated size: 131

LedsApp.c
		_testLeds      		CODE           	2A74	0000	107
		_keepAliveSignalLed		CODE           	3808	0000	25
		_BlinkOkLeds   		CODE           	2BA6	0000	95
		_BlinkErrorLeds		CODE           	2C04	0000	95

LedsApp.c estimated size: 322

C:\Program Files (x86)\Microchip\xc8\v1.45\sources\common\isspace.c
		_isspace       		CODE           	365E	0000	39

C:\Program Files (x86)\Microchip\xc8\v1.45\sources\common\isspace.c estimated size: 39

main.c
		_main          		CODE           	2B44	0000	99

main.c estimated size: 99

C:\Program Files (x86)\Microchip\xc8\v1.45\sources\common\lwtoft.c
		___lwtoft      		CODE           	3716	0000	37

C:\Program Files (x86)\Microchip\xc8\v1.45\sources\common\lwtoft.c estimated size: 37

C:\Program Files (x86)\Microchip\xc8\v1.45\sources\common\exp.c
		_exp           		CODE           	0C62	0000	499

C:\Program Files (x86)\Microchip\xc8\v1.45\sources\common\exp.c estimated size: 499

EusartApp.c
		_readUartMessage		CODE           	0A66	0000	509
		_WriteUartMessage		CODE           	33FE	0000	55
		_InitRxMessageParams		CODE           	35E6	0000	41
		_SendAckMessage		CODE           	2F1E	0000	83

EusartApp.c estimated size: 688

C:\Program Files (x86)\Microchip\xc8\v1.45\sources\common\altoft.c
		___altoft      		CODE           	291E	0000	123

C:\Program Files (x86)\Microchip\xc8\v1.45\sources\common\altoft.c estimated size: 123

C:\Program Files (x86)\Microchip\xc8\v1.45\sources\common\memset.c
		_memset        		CODE           	35BA	0000	45

C:\Program Files (x86)\Microchip\xc8\v1.45\sources\common\memset.c estimated size: 45

